Epoch : 1, Training Loss : 1.274746, Training Accuracy : 0.369000, Validation Loss = 2471.982910, Validation Accuracy : 0.367791
Epoch : 2, Training Loss : 0.629917, Training Accuracy : 0.546000, Validation Loss = 1931.482910, Validation Accuracy : 0.501227
Epoch : 3, Training Loss : 0.480415, Training Accuracy : 0.594000, Validation Loss = 1735.136353, Validation Accuracy : 0.537423
Epoch : 4, Training Loss : 0.408155, Training Accuracy : 0.647000, Validation Loss = 1636.569946, Validation Accuracy : 0.571166
Epoch : 5, Training Loss : 0.347681, Training Accuracy : 0.698000, Validation Loss = 1658.737427, Validation Accuracy : 0.605521
Epoch : 6, Training Loss : 0.322505, Training Accuracy : 0.719000, Validation Loss = 1597.637085, Validation Accuracy : 0.601227
Epoch : 7, Training Loss : 0.292504, Training Accuracy : 0.751000, Validation Loss = 1568.487305, Validation Accuracy : 0.618405
Epoch : 8, Training Loss : 0.287668, Training Accuracy : 0.747000, Validation Loss = 1551.970581, Validation Accuracy : 0.607362
Epoch : 9, Training Loss : 0.256302, Training Accuracy : 0.778000, Validation Loss = 1584.100342, Validation Accuracy : 0.631902
Epoch : 10, Training Loss : 0.247655, Training Accuracy : 0.772000, Validation Loss = 1538.298218, Validation Accuracy : 0.635890
> heidelbergceat
= ꯍꯥꯢꯗꯜꯕꯔꯒꯁꯤꯠ
< ꯍꯩꯗꯦꯁꯦꯔꯕꯤꯇꯔ#
> pakhangpana
= ꯄꯥꯈꯪꯄꯅ
< ꯄꯥꯈꯪꯄꯅ#
> likla
= ꯂꯤꯛꯂꯥ
< ꯂꯤꯛꯂꯥ#
> famdengba
= ꯐꯝꯗꯦꯡꯕ
< ꯐꯝꯗꯦꯡꯕ#
> primavera
= ꯄ꯭ꯔꯤꯃꯥꯚꯦꯔꯥ
< ꯄ꯭ꯔꯤꯃꯥꯚꯔꯔꯥ#
> reading
= ꯔꯤꯗꯤꯡ
< ꯔꯤꯗꯥꯟ#
> vista
= ꯕꯤꯁꯇꯥ
< ꯕꯤꯁꯇ#
> shamjetshabam
= ꯁꯝꯖꯦꯠꯁꯥꯕꯝ
< ꯁꯝꯖꯦꯁꯕꯝꯝ#
> watts
= ꯋꯥꯠꯁ
< ꯋꯠꯠꯁ#
> financiers
= ꯐꯥꯢꯅꯥꯟꯁꯤꯑꯔꯁ
< ꯐꯤꯅꯥꯅꯤꯁ꯭ꯁꯦꯁ#
> ngangkhaleima
= ꯉꯥꯡꯈꯂꯩꯃ
< ꯉꯥꯡꯈꯈꯩꯃ#
> waterbury
= ꯋꯥꯇꯔꯕꯔꯤ
< ꯋꯥꯇꯦꯔꯔꯕꯤ#
> ray
= ꯔꯦ
< ꯔꯥ#
> phampalda
= ꯐꯝꯄꯥꯜꯗ
< ꯐꯝꯄꯥꯥꯥꯜ#
> pollabatungdana
= ꯄꯣꯜꯂꯕꯇꯨꯡꯗꯅ
< ꯄꯣꯂꯕꯇꯂꯨꯡꯗꯅ#
> tumukhong
= ꯇꯨꯃꯨꯈꯣꯡ
< ꯇꯨꯨꯈꯣꯡꯡ#
> shillong
= ꯁꯤꯂꯣꯡ
< ꯁꯤꯜꯂꯣꯡ#
> hillsboro
= ꯍꯤꯜꯁꯕꯣꯔꯣ
< ꯍꯤꯜꯂꯣꯔꯕꯣ#
> londada
= ꯂꯣꯟꯗꯥꯗ
< ꯂꯣꯟꯗꯥ#
> dubey
= ꯗꯨꯕꯦ
< ꯗꯨꯕ꯭ꯋ꯭ꯌ#
> dikshit
= ꯗꯤꯛꯁꯤꯠ
< ꯗꯤꯛꯁꯤꯠ#
> mut
= ꯃꯨꯠ
< ꯃꯨꯠ#
> hengatlakpa
= ꯍꯦꯟꯒꯠꯂꯛꯄ
< ꯍꯦꯟꯒꯠꯂꯛꯄ#
> collins
= ꯀꯣꯂꯤꯟꯁ
< ꯀꯣꯂꯤꯂꯁꯟ#
> sanpa
= ꯁꯥꯟꯄ
< ꯁꯥꯟꯄ#
> zehra
= ꯖꯦꯍꯔꯥ
< ꯓꯦꯔꯥ#
> chahichaadadi
= ꯆꯍꯤꯆꯥꯗꯗꯤ
< ꯆꯍꯤꯆꯥꯗꯗꯤ#
> quraishi
= ꯀꯨꯔꯥꯢꯁꯤ
< ꯀꯨꯔꯥꯁꯤꯤ#
> challi
= ꯆꯜꯂꯤ
< ꯆꯜꯂꯤ#
> arvada
= ꯑꯔꯚꯥꯗꯥ
< ꯑꯔꯥꯗꯥ#
> kumari
= ꯀꯨꯃꯥꯔꯤ
< ꯀꯨꯃꯥꯔꯤ#
> pambei
= ꯄꯥꯝꯕꯩ
< ꯄꯥꯝꯕꯩ#
> sakkhangdaba
= ꯁꯛꯈꯪꯗꯕ
< ꯁꯛꯈꯪꯗꯕ#
> adumak
= ꯑꯗꯨꯃꯛ
< ꯑꯗꯨꯃꯛ#
> waters
= ꯋꯥꯇꯔꯁ
< ꯋꯥꯇꯔꯁ#
> bhattacharya
= ꯚꯠꯇꯆꯥꯔꯌ
< ꯚꯠꯇꯥꯔ꯭ꯌ#
> shivamogga
= ꯁꯤꯕꯃꯣꯒꯥ
< ꯁꯤꯕꯒꯣꯃꯒ#
> dimasa
= ꯗꯤꯃꯥꯁꯥ
< ꯗꯤꯃꯥꯥ#
> firaal
= ꯐꯤꯔꯥꯜ
< ꯐꯤꯔꯥꯜ#
> laanngamduna
= ꯂꯥꯟꯉꯝꯗꯨꯅ
< ꯂꯥꯟꯉꯝꯗꯨꯅ#
> pumnamakki
= ꯄꯨꯝꯅꯃꯛꯀꯤ
< ꯄꯨꯝꯅꯃꯛꯀꯤ#
> medina
= ꯃꯦꯗꯤꯅꯥ
< ꯃꯦꯗꯤꯅꯥ#
> mangpa
= ꯃꯥꯡꯄ
< ꯃꯥꯡꯄ#
> burleson
= ꯕꯔꯜꯁꯟ
< ꯕ꯭ꯔꯤꯁꯃꯣꯟ#
> ngaareima
= ꯉꯥꯔꯩꯃ
< ꯉꯥꯔꯩꯃ#
> salka
= ꯁꯜꯀ
< ꯁꯜꯀ#
> mirolgi
= ꯃꯤꯔꯣꯜꯒꯤ
< ꯃꯤꯔꯣꯜꯒꯤ#
> dahlan
= ꯗꯥꯍꯂꯥꯟ
< ꯗꯥꯂꯥꯟ#
> expleo
= ꯑꯦꯛꯁꯄ꯭ꯂꯤꯑꯣ
< ꯏꯦꯛꯁꯦꯌꯣ#
> aibani
= ꯑꯏꯕꯅꯤ
< ꯑꯏꯕꯅꯤ#
> guduri
= ꯒꯨꯗꯨꯔꯤ
< ꯖꯨꯗꯨꯔꯤ#
> seirangbani
= ꯁꯩꯔꯥꯡꯕꯅꯤ
< ꯁꯩꯔꯥꯡꯕꯅꯤ#
> manna
= ꯃꯥꯟꯅ
< ꯃꯥꯟꯅ#
> pravesh
= ꯄ꯭ꯔꯚꯦꯁ
< ꯄ꯭ꯔꯥꯕꯁ#
> wave
= ꯋꯦꯕ
< ꯋꯥꯦ#
> sengar
= ꯁꯦꯟꯒꯔ
< ꯁꯦꯡꯔꯥ#
> rishiraj
= ꯔꯤꯁꯤꯔꯥꯖ
< ꯔꯤꯁꯔꯤꯖ#
> laana
= ꯂꯥꯅ
< ꯂꯥꯅ#
> telelinks
= ꯇꯦꯂꯦꯂꯤꯡꯛꯁ
< ꯇꯦꯂꯤꯂꯦꯟꯁ#
> americada
= ꯑꯃꯦꯔꯤꯀꯥꯗ
< ꯑꯃꯔꯃꯤꯀꯥꯗ#
> manungsida
= ꯃꯅꯨꯡꯁꯤꯗ
< ꯃꯅꯨꯡꯁꯤꯗ#
> fanglakkhi
= ꯐꯪꯂꯛꯈꯤ
< ꯐꯪꯂꯈꯈꯤ#
> plainfield
= ꯄ꯭ꯂꯦꯟꯐꯤꯜꯗ
< ꯄꯦꯂꯥꯥꯥꯥꯤꯤꯗꯗ#
> yambada
= ꯌꯥꯝꯕꯗ
< ꯌꯥꯝꯕꯗ#
> ima
= ꯏꯃꯥ
< ꯏꯃꯥ#
> sterlite
= ꯁ꯭ꯇꯔꯂꯥꯢꯠ
< ꯁ꯭ꯇꯦꯔꯤꯖꯦꯠ#
> bauer
= ꯕꯥꯎꯑꯔ
< ꯕꯥꯎꯔ#
> shankdhar
= ꯁꯪꯛꯙꯔ
< ꯁꯟꯟꯈ꯭ꯔ#
> hugli
= ꯍꯨꯒ꯭ꯂꯤ
< ꯍꯨꯜꯂꯤ#
> nemba
= ꯅꯦꯝꯕ
< ꯅꯦꯝꯕ#
> rizvi
= ꯔꯤꯖꯕꯤ
< ꯔꯤꯚꯤꯤ#
> rafael
= ꯔꯥꯐꯥꯑꯦꯜ
< ꯔꯐꯦꯜ#
> niphumapan
= ꯅꯤꯐꯨꯃꯥꯄꯟ
< ꯅꯤꯐꯨꯃꯥꯄꯟ#
> enggadabadagi
= ꯏꯪꯒꯗꯕꯗꯒꯤ
< ꯏꯪꯒꯗꯕꯗꯒꯤ#
> sasaram
= ꯁꯥꯁꯔꯥꯝ
< ꯁꯥꯔꯔꯝ#
> lara
= ꯂꯥꯔꯥ
< ꯂꯥꯔ#
> ten
= ꯇꯦꯟ
< ꯇꯦꯟ#
> saruk
= ꯁꯔꯨꯛ
< ꯁꯔꯨꯛ#
> czech
= ꯓꯦꯛ
< ꯆꯦꯆ#
> nag
= ꯅꯦꯒ
< ꯅꯥꯒ#
> saada
= ꯁꯥꯗ
< ꯁꯥꯗ#
> leiphamna
= ꯂꯩꯐꯝꯅ
< ꯂꯩꯐꯝꯅ#
> waareng
= ꯋꯥꯔꯦꯡ
< ꯋꯥꯔꯦꯡ#
> mannaramde
= ꯃꯥꯟꯅꯔꯝꯗꯦ
< ꯃꯥꯟꯅꯔꯝꯗꯦ#
> asuppa
= ꯑꯁꯨꯞꯄ
< ꯑꯁꯨꯞꯄ#
> kakinada
= ꯀꯥꯀꯤꯅꯥꯗꯥ
< ꯀꯥꯢꯅꯗ#
> mityeng
= ꯃꯤꯠꯌꯦꯡ
< ꯃꯤꯠꯌꯦꯡ#
> moleculesinggi
= ꯃꯣꯂꯦꯀꯨꯜꯁꯤꯡꯒꯤ
< ꯃꯣꯂꯦꯀꯨꯂꯤꯁꯤꯡꯒꯤ#
> hathor
= ꯍꯊꯣꯔ
< ꯍꯥꯊꯣꯔ#
> kanagumba
= ꯀꯅꯥꯒꯨꯝꯕ
< ꯀꯥꯒꯥꯝꯕ#
> kangbagi
= ꯀꯪꯕꯒꯤ
< ꯀꯪꯕꯒꯤ#
> semnanaba
= ꯁꯦꯝꯅꯅꯕ
< ꯁꯦꯝꯅꯅꯕ#
> milk
= ꯃꯤꯜꯛ
< ꯃꯤꯜꯛ#
> humfutaraataret
= ꯍꯨꯝꯐꯨꯇꯔꯥꯇꯔꯦꯠ
< ꯍꯨꯝꯐꯨꯇꯔꯥꯇꯔꯥꯛ#
> tolli
= ꯇꯣꯜꯂꯤ
< ꯇꯣꯜꯂꯤ#
> chingsinfam
= ꯆꯤꯡꯁꯤꯟꯐꯝ
< ꯆꯤꯡꯁꯤꯟꯐꯝ#
> thamphamni
= ꯊꯝꯐꯝꯅꯤ
< ꯊꯝꯐꯝꯅꯤ#
> hammond
= ꯍꯦꯝꯃꯟ꯭ꯗ
< ꯍꯥꯝꯃꯣꯟꯗ#
> espinoza
= ꯑꯦꯁꯄꯤꯅꯣꯖꯥ
< ꯏꯁꯤꯖꯤꯅꯥꯥ#
> stein
= ꯁ꯭ꯇꯥꯢꯟ
< ꯁ꯭ꯇꯦꯟ#
> chingsang
= ꯆꯤꯡꯁꯥꯡ
< ꯆꯤꯡꯁꯪ#
> parag
= ꯄꯔꯥꯒ
< ꯄꯔꯥꯒ#
> telheipagi
= ꯇꯦꯜꯍꯩꯄꯒꯤ
< ꯇꯦꯜꯍꯩꯄꯒꯤ#
> ayangpa
= ꯑꯌꯥꯡꯄ
< ꯑꯌꯥꯡꯄ#
> charei
= ꯆꯔꯩ
< ꯆꯥꯔꯩ#
> lampaakta
= ꯂꯝꯄꯥꯛꯇ
< ꯂꯝꯄꯥꯛꯇ#
> bhatpara
= ꯚꯠꯄꯔꯥ
< ꯚꯥꯠꯄꯔ#
> paotaak
= ꯄꯥꯎꯇꯥꯛ
< ꯄꯥꯎꯇꯛꯛ#
> laanjaonachingba
= ꯂꯥꯟꯖꯥꯎꯅꯆꯤꯡꯕ
< ꯂꯥꯟꯖꯥꯎꯅꯆꯤꯕ#
> sayreville
= ꯁꯦꯌꯔꯕꯤꯜ
< ꯁꯔꯤꯦꯜꯂꯦꯜ#
> duar
= ꯗꯨꯑꯥꯔ
< ꯗꯥꯔ#
> malhotra
= ꯃꯜꯍꯣꯇ꯭ꯔꯥ
< ꯃꯥꯜꯣꯇ꯭ꯔꯤ#
> phukpa
= ꯐꯨꯛꯄ
< ꯐꯨꯛꯄ#
> greenwood
= ꯒ꯭ꯔꯤꯟꯋꯨꯗ
< ꯒ꯭ꯔꯦꯟꯄꯣꯟꯗꯣ#
> saakei
= ꯁꯥꯀꯩ
< ꯁꯥꯀꯩ#
> makhada
= ꯃꯈꯥꯗ
< ꯃꯈꯥꯗ#
> siliconegi
= ꯁꯤꯂꯤꯀꯣꯟꯒꯤ
< ꯁꯤꯂꯤꯀꯦꯟꯒꯤ#
> gail
= ꯒꯦꯜ
< ꯒꯥꯜ#
> shaada
= ꯁꯥꯗ
< ꯁꯥꯗ#
> ingraji
= ꯏꯪꯔꯥꯖꯤ
< ꯏꯪꯒ꯭ꯔꯤ#
> nerolac
= ꯅꯦꯔꯣꯂꯦꯛ
< ꯅꯦꯔꯣꯂꯣꯛ#
> atingkokna
= ꯑꯇꯤꯡꯀꯣꯛꯅ
< ꯑꯇꯤꯡꯀꯣꯛꯅ#
> hannagi
= ꯍꯥꯟꯅꯒꯤ
< ꯍꯥꯟꯅꯒꯤ#
> montes
= ꯃꯣꯟꯇꯦꯁ
< ꯃꯣꯟꯇꯦꯁ#
> keisi
= ꯀꯩꯁꯤ
< ꯀꯩꯁꯤ#
> mahadewi
= ꯃꯍꯥꯗꯦꯋꯤ
< ꯃꯍꯥꯗꯦꯋꯤ#
> thadok
= ꯊꯥꯗꯣꯛ
< ꯊꯥꯗꯣꯛ#
> housing
= ꯍꯥꯎꯖꯤꯡ
< ꯍꯧꯁꯤꯡ#
> liklaa
= ꯂꯤꯛꯂꯥ
< ꯂꯤꯛꯂꯥ#
> gomashe
= ꯒꯣꯃꯥꯁꯦ
< ꯒꯣꯃꯥꯁꯦ#
> kaangpa
= ꯀꯥꯡꯄ
< ꯀꯥꯡꯄ#
> seisak
= ꯁꯩꯁꯛ
< ꯁꯩꯁꯛ#
> pamnakhiba
= ꯄꯥꯝꯅꯈꯤꯕ
< ꯄꯥꯝꯅꯈꯤꯕ#
> kiran
= ꯀꯤꯔꯟ
< ꯀꯤꯔꯥꯟ#
> thakhraba
= ꯊꯥꯈ꯭ꯔꯕ
< ꯊꯥꯈ꯭ꯔꯕ#
> heilom
= ꯍꯩꯂꯣꯝ
< ꯍꯩꯂꯣꯝ#
> mahaakka
= ꯃꯍꯥꯛꯀ
< ꯃꯍꯥꯛꯀ#
> woonsocket
= ꯋꯨꯟꯁꯣꯀꯦꯠ
< ꯋꯣꯅꯣꯁꯀꯁꯦꯠ#
> chadana
= ꯆꯥꯗꯅ
< ꯆꯥꯗꯅ#
> naoda
= ꯅꯥꯎꯗ
< ꯅꯥꯎꯗ#
> meeoiba
= ꯃꯤꯑꯣꯢꯕ
< ꯃꯤꯑꯣꯢꯕ#
> mapaapu
= ꯃꯄꯥꯄꯨ
< ꯃꯄꯥꯄꯨ#
> thoudam
= ꯊꯧꯗꯥꯝ
< ꯊꯧꯗꯝ#
> sithou
= ꯁꯤꯠꯍꯧ
< ꯁꯤꯊꯧ#
> shoaib
= ꯁꯣꯑꯥꯢꯕ
< ꯁꯣꯢꯕ#
> kamputarna
= ꯀꯝꯄꯨꯇꯔꯅ
< ꯀꯝꯄꯨꯔꯥꯅ#
> everett
= ꯑꯦꯚꯔꯦꯠ
< ꯏꯖꯔꯦꯠꯕꯠ#
> tezpur
= ꯇꯦꯖꯄꯨꯔ
< ꯇꯦꯕꯨꯔꯨ#
> laion
= ꯂꯥꯢꯑꯣꯟ
< ꯂꯥꯢꯑꯣꯟ#
> panthoipi
= ꯄꯥꯟꯊꯣꯢꯄꯤ
< ꯄꯥꯟꯊꯣꯄꯤ#
> nupaada
= ꯅꯨꯄꯥꯗ
< ꯅꯨꯄꯥꯗ#
> humphunipan
= ꯍꯨꯝꯐꯨꯅꯤꯄꯥꯟ
< ꯍꯨꯝꯐꯨꯅꯤꯄꯥꯟ#
> rana
= ꯔꯥꯅꯥ
< ꯔꯥꯅ#
> design
= ꯗꯤꯖꯥꯢꯟ
< ꯗꯦꯁꯤꯡ#
> ganore
= ꯒꯅꯣꯔ
< ꯒꯥꯅꯣꯦ#
> hasni
= ꯍꯁꯅꯤ
< ꯍꯥꯁꯅꯤ#
> koubagi
= ꯀꯧꯕꯒꯤ
< ꯀꯧꯕꯒꯤ#
> lina
= ꯂꯤꯅ
< ꯂꯤꯅ#
> tenawaa
= ꯇꯦꯅꯋꯥ
< ꯇꯦꯅꯥꯥ#
> washington
= ꯋꯥꯁꯤꯡꯇꯟ
< ꯋꯥꯁꯤꯡꯇꯣꯟ#
> tankhibana
= ꯇꯥꯟꯈꯤꯕꯅ
< ꯇꯥꯟꯈꯤꯕꯅ#
> amroha
= ꯑꯝꯔꯣꯍꯥ
< ꯑꯦꯝꯐꯣ#
> nifu
= ꯅꯤꯐꯨ
< ꯅꯤꯐꯨ#
> kayatsingna
= ꯀꯌꯥꯠꯁꯤꯡꯅ
< ꯀꯌꯥꯠꯁꯤꯡꯅ#
> yengluba
= ꯌꯦꯡꯂꯨꯕ
< ꯌꯦꯡꯂꯨꯕ#
> tokpam
= ꯇꯣꯛꯄꯝ
< ꯇꯣꯛꯄꯥꯝ#
> kanglupsigi
= ꯀꯥꯡꯂꯨꯞꯁꯤꯒꯤ
< ꯀꯥꯡꯂꯨꯞꯁꯤꯒꯤ#
> khongthaang
= ꯈꯣꯡꯊꯥꯡ
< ꯈꯣꯡꯊꯥꯡ#
> til
= ꯇꯤꯜ
< ꯇꯤꯜ#
> yumshaalon
= ꯌꯨꯝꯁꯥꯂꯣꯟ
< ꯌꯨꯝꯁꯥꯂꯣꯟ#
> bombay
= ꯕꯣꯝꯕꯦ
< ꯕꯣꯝꯕꯤ#
> chaadaa
= ꯆꯥꯗꯥ
< ꯆꯥꯗꯥ#
> phani
= ꯐꯅꯤ
< ꯐꯥꯅꯤ#
> hangdokkhi
= ꯍꯥꯡꯗꯣꯛꯈꯤ
< ꯍꯥꯡꯗꯣꯛꯈꯤ#
> bokaro
= ꯕꯣꯀꯥꯔꯣ
< ꯕꯣꯀꯥꯔꯣꯌ#
> apakma
= ꯑꯄꯛꯃꯥ
< ꯑꯄꯛꯃꯥ#
> mangan
= ꯃꯥꯡꯒꯟ
< ꯃꯉꯥꯟ#
> elangbam
= ꯑꯦꯂꯥꯡꯕꯝ
< ꯏꯂꯥꯡꯕꯝ#
> odisha
= ꯑꯣꯗꯤꯁꯥ
< ꯑꯣꯗꯤꯁꯁ#
> plaines
= ꯄ꯭ꯂꯦꯟꯁ
< ꯄꯦꯂꯥꯅꯤꯁ#
> khunthoklam
= ꯈꯨꯟꯊꯣꯛꯂꯝ
< ꯈꯨꯟꯊꯣꯛꯂꯝ#
> nyx
= ꯅꯤꯛ꯭ꯁ
< ꯅꯤꯛ#
> leitaaba
= ꯂꯩꯇꯥꯕ
< ꯂꯩꯇꯥꯕ#
> takpani
= ꯇꯥꯛꯄꯅꯤ
< ꯇꯥꯛꯄꯅꯤ#
> singhaa
= ꯁꯤꯡꯍꯥ
< ꯁꯤꯡꯍꯥ#
> anigi
= ꯑꯅꯤꯒꯤ
< ꯑꯅꯤꯒꯤ#
> khaspur
= ꯈꯥꯁꯄꯨꯔ
< ꯈꯁꯄꯨꯔ#
> hemet
= ꯍꯦꯃꯦꯠ
< ꯍꯦꯃꯦꯠ#
> cruces
= ꯀ꯭ꯔꯨꯁꯦꯁ
< ꯀ꯭ꯔꯤꯁ#
> langdai
= ꯂꯪꯗꯥꯢ
< ꯂꯥꯡꯗꯥꯢ#
> repro
= ꯔꯤꯄ꯭ꯔꯣ
< ꯔꯦꯞꯑꯣ#
> safagadaba
= ꯁꯥꯐꯒꯗꯕ
< ꯁꯥꯐꯗꯕ#
> communications
= ꯀꯝꯃ꯭ꯌꯨꯅꯤꯀꯦꯁꯟ
< ꯀꯃꯣꯟꯅꯤꯤꯌꯁꯁꯁ#
> yokkhatpa
= ꯌꯣꯛꯈꯠꯄ
< ꯌꯣꯛꯈꯠꯄ#
> ketharaga
= ꯀꯦꯊꯔꯒ
< ꯀꯦꯊꯔꯒ#
> sangleichaa
= ꯁꯪꯂꯩꯆꯥ
< ꯁꯪꯂꯩꯆꯥ#
> miyengkhada
= ꯃꯤꯌꯦꯡꯈꯥꯗ
< ꯃꯤꯌꯥꯡꯈꯗ#
> vincent
= ꯚꯤꯟꯁꯦꯟꯠ
< ꯚꯤꯟꯅꯦꯛ#
> godhra
= ꯒꯣꯙ꯭ꯔ
< ꯒꯣꯙ꯭ꯔꯥ#
> heblikar
= ꯍꯦꯕ꯭ꯂꯤꯀꯥꯔ
< ꯍꯦꯕꯤꯀꯤꯔ#
> carbogen
= ꯀꯥꯔꯕꯣꯖꯦꯟ
< ꯀꯥꯔꯖꯦꯕꯣꯟ#
> charlottesville
= ꯆꯥꯔꯂꯣꯠꯁꯚꯤꯜ
< ꯆꯥꯇꯇꯦꯂꯤꯂꯂꯤꯇꯦꯕ#
> marlborough
= ꯃꯥꯔꯜꯕꯣꯔꯣ
< ꯃꯔꯔꯕꯣꯔꯒꯤ#
> hurallaga
= ꯍꯨꯔꯥꯜꯂꯒ
< ꯍꯨꯔꯥꯜꯂꯒ#
> chaoi
= ꯆꯥꯎꯏ
< ꯆꯥꯎꯏ#
> ungduna
= ꯎꯪꯗꯨꯅ
< ꯎꯪꯗꯨꯅ#
> moupwada
= ꯃꯧꯄ꯭ꯋꯥꯗ
< ꯃꯧꯄ꯭ꯋꯥ#
> junagadh
= ꯖꯨꯅꯥꯒꯔ
< ꯖꯨꯅꯥꯗ#
> theinaba
= ꯊꯩꯅꯕ
< ꯊꯩꯅꯕ#
> fouba
= ꯐꯧꯕ
< ꯐꯧꯕ#
> shaktakkhi
= ꯁꯛꯇꯥꯛꯈꯤ
< ꯁꯛꯇꯥꯈꯤ#
> shennong
= ꯁꯦꯟꯅꯣꯡ
< ꯁꯦꯟꯅꯣꯡ#
> idukki
= ꯏꯗꯨꯛꯀꯤ
< ꯏꯗꯨꯀꯀꯤ#
> chaahao
= ꯆꯥꯍꯥꯎ
< ꯆꯥꯎꯥꯎ#
> malda
= ꯃꯥꯜꯗꯥ
< ꯃꯥꯜꯗ#
> mapangi
= ꯃꯥꯄꯟꯒꯤ
< ꯃꯄꯥꯟꯒꯤ#
> ochoa
= ꯑꯣꯀꯣꯑꯥ
< ꯑꯣꯆꯣ#
> wiliam
= ꯋꯤꯂꯤꯌꯝ
< ꯋꯤꯂꯤꯌꯝ#
> accelya
= ꯑꯦꯛꯁꯤꯂ꯭ꯌꯥ
< ꯑꯦꯁꯀ꯭ꯂꯤꯌꯥ#
> mitra
= ꯃꯤꯇ꯭ꯔ
< ꯃꯤꯠꯇ꯭ꯔꯥ#
> bidar
= ꯕꯤꯗꯔ
< ꯕꯤꯗꯥꯔ#
> ikhi
= ꯏꯈꯤ
< ꯏꯈꯥꯢ#
> ras
= ꯔꯥꯁ
< ꯔꯥꯁ#
> protist
= ꯄ꯭ꯔꯣꯇꯤꯁꯠ
< ꯄ꯭ꯔꯣꯇꯤꯁꯇ#
> wareng
= ꯋꯥꯔꯦꯡ
< ꯋꯥꯔꯦꯡ#
> bite
= ꯕꯥꯢꯠ
< ꯕꯤꯇꯦ#
> sharif
= ꯁꯥꯔꯤꯐ
< ꯁꯔꯤꯐ#
> enterprise
= ꯑꯦꯟꯇꯔꯄ꯭ꯔꯥꯢꯁ
< ꯑꯦꯟꯇꯦꯔꯤꯌꯣꯔꯤ#
> burmese
= ꯕꯔꯃꯤꯖ
< ꯕꯨꯔꯕ꯭ꯁꯦꯁ꯭ꯦꯥ#
> reilly
= ꯔꯩꯂꯤ
< ꯔꯩꯂꯤꯜ#
> ateidi
= ꯑꯇꯩꯗꯤ
< ꯑꯇꯩꯗꯤ#
> zuari
= ꯖꯨꯑꯥꯔꯤ
< ꯓꯨꯋꯥꯔꯤ#
> kanglupsingbu
= ꯀꯥꯡꯂꯨꯞꯁꯤꯡꯕꯨ
< ꯀꯥꯡꯂꯨꯞꯁꯤꯡꯕꯨ#
> nalla
= ꯅꯥꯜꯂꯥ
< ꯅꯜꯂꯥ#
> ahoubada
= ꯑꯍꯧꯕꯗ
< ꯑꯍꯧꯕꯗ#
> azhar
= ꯑꯓꯔ
< ꯑꯓꯓ#
> mohandas
= ꯃꯣꯍꯟꯗꯥꯁ
< ꯃꯣꯍꯥꯟꯗ#
> koilaang
= ꯀꯣꯢꯂꯥꯡ
< ꯀꯣꯢꯂꯥꯡ#
> grande
= ꯒ꯭ꯔꯥꯟꯗꯦ
< ꯒꯥꯟꯗꯦ#
> kathoktuna
= ꯀꯥꯊꯣꯛꯇꯨꯅ
< ꯀꯥꯊꯣꯛꯇꯨꯅ#
> sonnei
= ꯁꯣꯟꯅꯩ
< ꯁꯣꯟꯅꯩ#
> sakhenba
= ꯁꯛꯍꯦꯟꯕ
< ꯁꯥꯛꯍꯟꯕ#
> evanston
= ꯑꯦꯚꯟꯁꯇꯟ
< ꯏꯕꯥꯟꯇꯣꯟ#
> taanbagi
= ꯇꯥꯟꯕꯒꯤ
< ꯇꯥꯟꯕꯒꯤ#
> waheibu
= ꯋꯥꯍꯩꯕꯨ
< ꯋꯥꯍꯩꯕꯨ#
> baker
= ꯕꯦꯀꯔ
< ꯕꯥꯀꯦꯔ#
> uhalli
= ꯎꯍꯜꯂꯤ
< ꯎꯍꯜꯂꯤ#
> churu
= ꯆꯨꯔꯨ
< ꯆꯨꯔꯨ#
> kulal
= ꯀꯨꯂꯥꯜ
< ꯀꯨꯂꯜ#
> kidwai
= ꯀꯤꯗ꯭ꯋꯥꯢ
< ꯀꯤꯗꯥꯢ#
> yangkheinipan
= ꯌꯥꯡꯈꯩꯅꯤꯄꯥꯟ
< ꯌꯥꯡꯈꯩꯅꯤꯟ#
> dodson
= ꯗꯣꯗꯁꯟ
< ꯗꯣꯗꯗꯣꯟ#
> antioch
= ꯑꯦꯟꯇꯤꯑꯣꯛ
< ꯑꯦꯟꯇꯤꯎꯆ#
> phanglakkhi
= ꯐꯪꯂꯛꯈꯤ
< ꯐꯪꯂꯈꯈꯤ#
> italydadi
= ꯏꯇꯥꯂꯤꯗꯗꯤ
< ꯏꯇꯥꯂꯤꯗꯗꯤ#
> bhramari
= ꯚ꯭ꯔꯥꯃꯔꯤ
< ꯚ꯭ꯔꯥꯃꯔꯤ#
> july
= ꯖꯨꯂꯥꯢ
< ꯖꯨꯂꯤ#
> springdale
= ꯁ꯭ꯄ꯭ꯔꯤꯡꯗꯦꯜ
< ꯁ꯭ꯄꯤꯔꯤꯌꯣꯗꯦ#
> niphumaapan
= ꯅꯤꯐꯨꯃꯥꯄꯟ
< ꯅꯤꯐꯨꯃꯥꯄꯟ#
> pittsburg
= ꯄꯤꯠꯁꯕꯔꯒ
< ꯄꯤꯠꯁꯤꯕꯒꯨ#
> delhi
= ꯗꯦꯜꯍꯤ
< ꯗꯦꯜꯍꯤ#
> kamduna
= ꯀꯥꯝꯗꯨꯅ
< ꯀꯥꯝꯗꯨꯅ#
> carlson
= ꯀꯥꯔꯜꯁꯟ
< ꯀꯥꯔꯣꯣꯜꯁꯟ#
> kongsang
= ꯀꯣꯡꯁꯥꯡ
< ꯀꯣꯡꯁꯥꯡ#
> sayaangsinggi
= ꯁꯌꯥꯡꯁꯤꯡꯒꯤ
< ꯁꯌꯥꯡꯁꯤꯡꯒꯤ#
> machaak
= ꯃꯆꯥꯛ
< ꯃꯆꯥꯛ#
> gurjar
= ꯒꯨꯔꯖꯥꯔ
< ꯒꯨꯔꯖꯥ#
> meelolna
= ꯃꯤꯂꯣꯜꯅ
< ꯃꯤꯂꯣꯜꯅ#
> omar
= ꯑꯣꯃꯥꯔ
< ꯑꯣꯃꯥꯔ#
> kougadabani
= ꯀꯧꯒꯗꯕꯅꯤ
< ꯀꯧꯒꯗꯕꯅꯤ#
> fortis
= ꯐꯣꯔꯇꯤꯁ
< ꯐꯣꯔꯇꯤꯁ#
> herman
= ꯍꯔꯃꯦꯟ
< ꯍꯦꯃꯥꯟ#
> lim
= ꯂꯤꯝ
< ꯂꯤꯝ#
> manju
= ꯃꯟꯖꯨ
< ꯃꯟꯖꯨ#
> casey
= ꯀꯦꯁꯤ
< ꯀꯦꯁꯦ#
> jews
= ꯖ꯭ꯌꯨꯁ
< ꯖ꯭ꯌꯦꯁ#
> roanoke
= ꯔꯣꯑꯅꯣꯛ
< ꯔꯣꯅꯥꯎꯣ#
> rallis
= ꯔꯦꯂꯤꯁ
< ꯔꯜꯂꯤꯁ#
> tropical
= ꯇ꯭ꯔꯣꯄꯤꯀꯦꯜ
< ꯇ꯭ꯔꯣꯄꯤꯜꯜ#
> tokhaihallaga
= ꯇꯣꯈꯥꯢꯍꯜꯂꯒ
< ꯇꯣꯛꯍꯜꯍꯩꯒꯤ#
> shivpuri
= ꯁꯤꯕꯄꯨꯔꯤ
< ꯁꯤꯕꯨꯔꯤꯤ#
> surat
= ꯁꯨꯔꯠ
< ꯁꯨꯔꯠ#
> quick
= ꯀꯨꯢꯛ
< ꯀꯤꯄꯤꯛꯛ#
> yonthokkhi
= ꯌꯣꯟꯊꯣꯛꯈꯤ
< ꯌꯣꯟꯊꯣꯛꯈꯤ#
> loipi
= ꯂꯣꯢꯄꯤ
< ꯂꯣꯢꯄꯤ#
> wylie
= ꯋꯥꯢꯂꯤ
< ꯋꯤꯂꯤꯌ#
> daha
= ꯗꯍꯥ
< ꯗꯥꯥ#
> mioisinggi
= ꯃꯤꯑꯣꯢꯁꯤꯡꯒꯤ
< ꯃꯤꯑꯣꯢꯁꯤꯡꯒꯤ#
> waheini
= ꯋꯥꯍꯩꯅꯤ
< ꯋꯥꯍꯩꯅꯤ#
> columbia
= ꯀꯣꯂꯝꯕꯤꯑꯥ
< ꯀꯣꯂꯝꯕꯤ#
> thengnakhi
= ꯊꯦꯡꯅꯈꯤ
< ꯊꯦꯡꯅꯈꯤ#
> phaogatlaklibi
= ꯐꯥꯎꯒꯠꯂꯛꯂꯤꯕꯤ
< ꯐꯥꯎꯒꯠꯂꯛꯂꯤꯕꯤ#
> osiris
= ꯑꯣꯁꯤꯔꯤꯁ
< ꯑꯣꯁꯤꯔꯤꯁ#
> tidke
= ꯇꯤꯔꯀꯦ
< ꯇꯤꯗꯀꯦ#
> mipokpa
= ꯃꯤꯄꯣꯛꯄ
< ꯃꯤꯄꯣꯛꯄ#
> barker
= ꯕꯥꯔꯀꯔ
< ꯕꯔꯀꯦꯔ#
> yemenda
= ꯌꯦꯃꯦꯟꯗ
< ꯌꯦꯃꯦꯟꯗ#
> sonwani
= ꯁꯣꯟꯋꯥꯅꯤ
< ꯁꯣꯟꯋꯥꯅꯤ#
> pandam
= ꯄꯥꯟꯗꯝ
< ꯄꯥꯟꯗꯝ#
> chandra
= ꯆꯟꯗ꯭ꯔ
< ꯆꯥꯟꯗ꯭ꯔ#
> adugiraane
= ꯑꯗꯨꯒꯤꯔꯥꯅꯦ
< ꯑꯗꯨꯒ꯭ꯔꯤꯖꯦꯟ#
> tweets
= ꯇ꯭ꯋꯤꯠꯁ
< ꯇ꯭ꯌꯦꯠꯁ#
> mayeksingbu
= ꯃꯌꯦꯛꯁꯤꯡꯕꯨ
< ꯃꯌꯦꯛꯁꯤꯡꯕꯨ#
> thangyikum
= ꯊꯥꯡꯌꯤꯀꯨꯝ
< ꯊꯥꯡꯤꯤꯌꯀꯨ#
> chellani
= ꯆꯦꯂꯥꯅꯤ
< ꯆꯦꯜꯂꯥꯅꯤ#
> lifestyle
= ꯂꯥꯢꯐꯁ꯭ꯇꯥꯢꯜ
< ꯂꯤꯐꯦꯁꯦꯠꯦꯠ#
> laanli
= ꯂꯥꯟꯂꯤ
< ꯂꯥꯟꯂꯤ#
> mamingda
= ꯃꯃꯤꯡꯗ
< ꯃꯃꯤꯡꯗ#
> neemuch
= ꯅꯤꯃꯆ
< ꯅꯤꯃꯨꯆ#
> shulung
= ꯁꯨꯂꯨꯡ
< ꯁꯨꯂꯨꯡ#
> pace
= ꯄꯦꯁ
< ꯄꯥꯦ#
> cheitharol
= ꯆꯩꯊꯥꯔꯣꯜ
< ꯆꯩꯊꯔꯣꯜ#
> reno
= ꯔꯦꯅꯣ
< ꯔꯦꯅꯣ#
> durgavansh
= ꯗꯨꯔꯒꯥꯚꯟꯁ
< ꯗꯨꯔꯕꯥꯟꯁꯤ#
> taraamna
= ꯇꯔꯥꯝꯅ
< ꯇꯥꯔꯝꯅ#
> infibeam
= ꯏꯟꯐꯕꯤꯝ
< ꯏꯟꯦꯤꯕꯦꯝ#
> smartspaces
= ꯁ꯭ꯃꯥꯔꯠꯁ꯭ꯄꯦꯁꯁ
< ꯁꯔꯥꯠꯁꯦꯁꯛꯁ#
> ayambada
= ꯑꯌꯥꯝꯕꯗ
< ꯑꯌꯥꯝꯕꯗ#
> lothankhi
= ꯂꯣꯠꯍꯟꯈꯤ
< ꯂꯣꯊꯊꯟꯈꯤ#
> awapham
= ꯑꯋꯥꯐꯝ
< ꯑꯋꯥꯐꯝ#
> citysing
= ꯁꯤꯇꯤꯁꯤꯡ
< ꯁꯤꯇꯤꯌꯤꯡ#
> furit
= ꯐꯨꯔꯤꯠ
< ꯐꯨꯔꯤꯖꯤ#
> lakhmani
= ꯂꯈꯃꯅꯤ
< ꯂꯥꯛꯃꯟꯅꯤ#
> johari
= ꯖꯣꯍꯥꯔꯤ
< ꯖꯣꯍꯔꯤ#
> kapole
= ꯀꯄꯣꯂꯦ
< ꯀꯥꯣꯣꯂꯦ#
> nuwa
= ꯅꯨꯋꯥ
< ꯅꯨꯋꯥ#
> rollins
= ꯔꯣꯂꯤꯟꯁ
< ꯔꯣꯂꯤꯟꯁꯟ#
> sangba
= ꯁꯥꯡꯕ
< ꯁꯥꯡꯕ#
> asaagi
= ꯑꯁꯥꯒꯤ
< ꯑꯁꯥꯒꯤ#
> sarasota
= ꯁꯥꯔꯥꯁꯣꯇꯥ
< ꯁꯔꯁꯇꯣ#
> chanugi
= ꯆꯅꯨꯒꯤ
< ꯆꯥꯅꯨꯒꯤ#
> ataangba
= ꯑꯇꯥꯡꯕ
< ꯑꯇꯥꯡꯕ#
> numitkhudinggi
= ꯅꯨꯃꯤꯠꯈꯨꯗꯤꯡꯒꯤ
< ꯅꯨꯃꯤꯠꯈꯤꯗꯡꯡꯒꯤ#
> cementation
= ꯁꯤꯃꯦꯟꯇꯦꯁꯟ
< ꯀꯦꯃꯦꯟꯇꯦꯟꯇꯣ#
> sagatli
= ꯁꯥꯒꯠꯂꯤ
< ꯁꯥꯒꯠꯂꯤ#
> nectar
= ꯅꯦꯛꯇꯔ
< ꯅꯦꯛꯇꯔ#
> ubada
= ꯎꯕꯗ
< ꯎꯕꯗ#
> mamal
= ꯃꯃꯜ
< ꯃꯃꯜ#
> missoula
= ꯃꯤꯖꯨꯂ
< ꯃꯤꯁꯨꯂꯂꯥ#
> sari
= ꯁꯔꯤ
< ꯁꯔꯤ#
> mafamdubu
= ꯃꯐꯝꯗꯨꯕꯨ
< ꯃꯐꯝꯗꯨꯕꯨ#
> khaanongpokta
= ꯈꯥꯅꯣꯡꯄꯣꯛꯇ
< ꯈꯥꯅꯣꯡꯄꯣꯛꯇ#
> disasterni
= ꯗꯤꯖꯥꯁꯇꯔꯅꯤ
< ꯗꯤꯁꯥꯔꯖꯦꯟꯤ#
> alkem
= ꯑꯜꯀꯦꯝ
< ꯑꯦꯜꯀꯦ#
> ankeny
= ꯑꯪꯀꯤꯅꯤ
< ꯑꯦꯟꯀꯦꯦ#
> shailaputri
= ꯁꯩꯂꯄꯨꯇ꯭ꯔꯤ
< ꯁꯥꯢꯂꯥꯨꯄꯔꯒꯤ#
> yumshalon
= ꯌꯨꯝꯁꯥꯂꯣꯟ
< ꯌꯨꯝꯁꯥꯂꯣꯟ#
> cambodiagi
= ꯀꯦꯝꯕꯣꯗꯤꯌꯥꯒꯤ
< ꯀꯦꯝꯕꯣꯗꯤꯗꯒꯤ#
> akolkar
= ꯑꯀꯣꯜꯀꯔ
< ꯑꯀꯣꯀꯔꯔ#
> plantation
= ꯄ꯭ꯂꯥꯟꯇꯦꯁꯟ
< ꯄ꯭ꯂꯥꯟꯇꯥꯟꯇꯣ#
> miller
= ꯃꯤꯜꯂꯔ
< ꯃꯤꯜꯂꯦꯔ#
> touramba
= ꯇꯧꯔꯝꯕ
< ꯇꯧꯔꯝꯕ#
> dixon
= ꯗꯤꯛꯁꯟ
< ꯗꯤꯑꯣꯟ#
> loveland
= ꯂꯕꯂꯦꯟꯗ
< ꯂꯣꯂꯦꯟꯕꯗ#
> khamnung
= ꯈꯝꯅꯨꯡ
< ꯈꯝꯅꯨꯡ#
> machak
= ꯃꯆꯥꯛ
< ꯃꯆꯥꯛ#
> puducherry
= ꯄꯨꯗꯨꯆꯦꯔꯤ
< ꯄꯨꯗ꯭ꯔꯤꯀ꯭ꯋꯔ#
> indianapolis
= ꯏꯟꯗ꯭ꯌꯅꯥꯄꯂꯤꯁ
< ꯏꯟꯗꯥꯢꯂꯣꯟꯁꯤꯁꯟ#
> kalratri
= ꯀꯥꯜꯔꯥꯇ꯭ꯔꯤ
< ꯀꯜꯂꯔꯇ꯭ꯔꯤ#
> mattancheri
= ꯃꯇꯥꯟꯆꯦꯔꯤ
< ꯃꯇꯥꯅꯥꯆꯔꯟ#
> arambai
= ꯑꯔꯥꯝꯕꯥꯢ
< ꯑꯔꯝꯕꯤ#
> karaikal
= ꯀꯔꯥꯢꯀꯥꯜ
< ꯀꯔꯥꯢꯀꯜ#
> cheithaarol
= ꯆꯩꯊꯥꯔꯣꯜ
< ꯆꯩꯊꯥꯜꯔꯣꯜ#
> ipakachouba
= ꯏꯄꯥꯛꯑꯆꯧꯕ
< ꯏꯄꯥꯀꯀꯧꯕ#
> kurukshetra
= ꯀꯨꯔꯨꯛꯁꯦꯠꯇ꯭ꯔ
< ꯀꯨꯔꯨꯀ꯭ꯔꯔꯤꯋꯥ#
> famba
= ꯐꯝꯕ
< ꯐꯝꯕ#
> sagatlakpa
= ꯁꯥꯒꯠꯂꯛꯄ
< ꯁꯥꯒꯠꯂꯛꯄ#
> koknaba
= ꯀꯣꯛꯅꯕ
< ꯀꯣꯛꯅꯕ#
> vance
= ꯚꯦꯟꯁ
< ꯚꯥꯟꯁ#
> bhagabat
= ꯚꯥꯒꯕꯠ
< ꯚꯒꯥꯕ#
> valdosta
= ꯕꯥꯜꯗꯣꯁꯇꯥ
< ꯚꯥꯗꯣꯣꯣꯇꯥꯛ#
> pearland
= ꯄꯤꯌꯔꯂꯦꯟꯗ
< ꯄꯥꯔꯂꯂꯦꯟꯗ#
> dindigul
= ꯗꯤꯟꯗꯒꯜ
< ꯗꯤꯟꯗꯤꯜꯒꯤ#
> dutta
= ꯗꯠꯇꯥ
< ꯗꯨꯠꯇ#
> hainasu
= ꯍꯥꯢꯅꯁꯨ
< ꯍꯥꯢꯅꯁꯨ#
> pangthoklamba
= ꯄꯥꯡꯊꯣꯛꯂꯝꯕ
< ꯄꯥꯡꯊꯣꯛꯂꯝꯕ#
> saanakhi
= ꯁꯥꯅꯈꯤ
< ꯁꯥꯅꯈꯤ#
> jajoo
= ꯖꯖꯨ
< ꯖꯖꯣꯣꯣ#
> arthropoda
= ꯑꯔꯊ꯭ꯔꯣꯄꯣꯗꯥ
< ꯑꯥꯔꯇꯣꯔꯣꯐꯣꯗ#
> aiba
= ꯑꯏꯕꯤ
< ꯑꯏꯕ#
> commerce
= ꯀꯣꯃꯔꯁ
< ꯀꯃꯃꯤꯁꯦ#
> imalonbu
= ꯏꯃꯥꯂꯣꯟꯕꯨ
< ꯏꯃꯥꯂꯣꯟꯕ#
> chajibu
= ꯆꯥꯖꯤꯕꯨ
< ꯆꯥꯖꯤꯕꯨ#
> sasan
= ꯁꯥꯥꯥꯥꯁꯟ
< ꯁꯥꯁꯟ#
> ventura
= ꯚꯦꯟꯇꯨꯔꯥ
< ꯚꯦꯟꯇꯔꯨ#
> whirlpool
= ꯋꯔꯄꯨꯜ
< ꯋꯤꯢꯄꯔꯜꯣꯜꯜ#
> awaapham
= ꯑꯋꯥꯐꯝ
< ꯑꯋꯥꯐꯝ#
> yadav
= ꯌꯥꯗꯕ
< ꯌꯥꯗ#
> wausau
= ꯋꯥꯎꯁꯥꯎ
< ꯋꯥꯎꯁꯨ#
> torrent
= ꯇꯣꯔꯦꯟꯠ
< ꯇꯣꯔꯔꯦꯟꯠ#
> samiti
= ꯁꯃꯤꯇꯤ
< ꯁꯃꯤꯇꯤ#
> punch
= ꯄꯟꯆ
< ꯄꯨꯟꯆ#
> paisalo
= ꯄꯥꯢꯁꯥꯂꯣ
< ꯄꯥꯢꯁꯂꯣ#
> nadu
= ꯅꯥꯗꯨ
< ꯅꯥꯗꯨ#
> bernard
= ꯕꯔꯅꯥꯔꯗ
< ꯕꯦꯔꯅꯥꯗ#
> rathore
= ꯔꯥꯊꯣꯔ
< ꯔꯥꯊꯣꯔ#
> lainingthouni
= ꯂꯥꯢꯅꯤꯡꯊꯧꯅꯤ
< ꯂꯥꯢꯅꯤꯡꯊꯧꯅꯤ#
> pheijom
= ꯐꯩꯖꯣꯝ
< ꯐꯩꯖꯣꯝ#
> mangaa
= ꯃꯉꯥ
< ꯃꯉꯥ#
> yenakha
= ꯌꯦꯅꯈꯥ
< ꯌꯦꯅꯈ#
> carson
= ꯀꯥꯔꯁꯟ
< ꯀꯦꯁꯣꯔꯟꯁꯟ#
> callahan
= ꯀꯦꯂꯍꯦꯟ
< ꯀꯜꯂꯦꯟ#
> jajoo
= ꯖꯥꯖꯨ
< ꯖꯖꯣꯣꯣ#
> erie
= ꯏꯑꯔꯤ
< ꯏꯔꯩ#
> broadcast
= ꯕ꯭ꯔꯣꯗꯀꯥꯁꯠ
< ꯕ꯭ꯔꯣꯇꯥꯟꯁ#
> bhuj
= ꯚꯨꯖ
< ꯚꯨꯖ#
> cheihisi
= ꯆꯩꯍꯤꯁꯤ
< ꯆꯩꯍꯤꯁꯤ#
> education
= ꯑꯦꯖꯨꯀꯦꯁꯟ
< ꯏꯗꯨꯒꯨꯃꯤꯁꯟ#
> magi
= ꯃꯥꯒꯤ
< ꯃꯥꯤꯒꯤ#
> sarukti
= ꯁꯔꯨꯛꯇꯤ
< ꯁꯔꯨꯛꯇꯤ#
> laini
= ꯂꯥꯢꯅꯤ
< ꯂꯥꯢꯅꯤ#
> bhardwaj
= ꯚꯔꯗ꯭ꯋꯥꯖ
< ꯚꯥꯔꯖꯥꯖꯣ#
> colorado
= ꯀꯣꯂꯣꯔꯦꯗꯣ
< ꯀꯣꯂꯣꯗꯥꯗꯣ#
> hardoi
= ꯍꯔꯗꯣꯢ
< ꯍꯥꯗꯣꯢ#
> sajibu
= ꯁꯖꯤꯕꯨ
< ꯁꯖꯤꯕꯖ#
> atlantic
= ꯑꯦꯠꯂꯥꯟꯇꯤꯛ
< ꯑꯦꯠꯇꯂꯟꯇꯤꯛ#
> kongshang
= ꯀꯣꯡꯁꯥꯡ
< ꯀꯣꯡꯁꯪ#
> meira
= ꯃꯩꯔꯥ
< ꯃꯩꯔ#
> kaahenna
= ꯀꯥꯍꯦꯟꯅ
< ꯀꯥꯍꯦꯟꯅ#
> landa
= ꯂꯥꯟꯗ
< ꯂꯥꯟꯗ#
> ahmadabad
= ꯑꯦꯍꯃꯗꯥꯕꯥꯗ
< ꯑꯍꯥꯃꯗꯕꯗ#
> leisinaduna
= ꯂꯩꯁꯤꯅꯗꯨꯅ
< ꯂꯩꯁꯤꯟꯗꯨꯅ#
> pasadena
= ꯄꯥꯁꯥꯗꯦꯅꯥ
< ꯄꯁꯥꯗꯦꯅ#
> mamaani
= ꯃꯃꯥꯅꯤ
< ꯃꯃꯥꯅꯤ#
> kheda
= ꯈꯦꯗꯥ
< ꯈꯦꯗ#
> awaangbagi
= ꯑꯋꯥꯡꯕꯒꯤ
< ꯑꯋꯥꯡꯕꯒꯤ#
> morales
= ꯃꯣꯔꯥꯂꯦꯁ
< ꯃꯣꯔꯦꯖꯦꯁ#
> machakhaiba
= ꯃꯆꯥꯈꯥꯢꯕ
< ꯃꯆꯥꯈꯤꯕ#
> wilkinson
= ꯋꯤꯜꯀꯤꯟꯁꯟ
< ꯋꯤꯜꯀꯤꯟꯁꯤꯟ#
> onduna
= ꯑꯣꯟꯗꯨꯅ
< ꯑꯣꯟꯗꯨꯅ#
> langja
= ꯂꯪꯖꯥ
< ꯂꯪꯡꯖ#
> fangde
= ꯐꯪꯗꯦ
< ꯐꯥꯗꯦ#
> lavudya
= ꯂꯚꯨꯗ꯭ꯌ
< ꯂꯥꯚꯗ꯭ꯔ#
> vizianagaram
= ꯚꯤꯖꯤꯑꯥꯅꯒꯔꯝ
< ꯚꯤꯒꯥꯅꯚꯔꯒꯔꯝ#
> navas
= ꯅꯥꯕꯥꯁ
< ꯅꯥꯥꯥ#
> masaaga
= ꯃꯁꯥꯒ
< ꯃꯁꯥꯒ#
> parengsingna
= ꯄꯔꯦꯡꯁꯤꯡꯅ
< ꯄꯔꯦꯡꯁꯤꯡꯅ#
> magdum
= ꯃꯦꯒꯗꯝ
< ꯃꯥꯗꯨꯒ#
> rudragi
= ꯔꯨꯗ꯭ꯔꯒꯤ
< ꯔꯨꯗ꯭ꯔꯒꯤ#
> dallas
= ꯗꯜꯂꯁ
< ꯗꯥꯂꯂꯥꯁ#
> sanaleipak
= ꯁꯅꯥꯂꯩꯄꯥꯛ
< ꯁꯅꯥꯂꯩꯄꯥꯛ#
> banks
= ꯕꯦꯡꯛꯁ
< ꯕꯥꯟꯁꯛ#
> reeves
= ꯔꯤꯕꯁ
< ꯔꯤꯚꯦꯁ#
> aschelminthes
= ꯑꯁꯆꯦꯜꯃꯤꯟꯊꯤꯁ
< ꯑꯦꯁꯀꯦꯜꯃꯦꯤꯊ#
> buchanan
= ꯕ꯭ꯌꯨꯀꯥꯅꯟ
< ꯕꯨꯆꯥꯟ#
> hyderabad
= ꯍꯥꯢꯗ꯭ꯔꯥꯕꯥꯗ
< ꯍꯥꯗꯗ꯭ꯔꯦꯕꯗ#
> anisuba
= ꯑꯅꯤꯁꯨꯕ
< ꯑꯅꯤꯁꯨꯕ#
> shijagi
= ꯁꯤꯖꯒꯤ
< ꯁꯤꯖꯥꯒꯤ#
> portillo
= ꯄꯣꯔꯇꯤꯂꯣ
< ꯄꯣꯔꯤꯇꯣꯜꯂꯣ#
> afghanistan
= ꯑꯐꯘꯥꯅꯤꯁ꯭ꯇꯥꯟ
< ꯑꯐ꯭ꯒꯥꯟꯤꯁ꯭ꯇꯥꯅ#
> ipao
= ꯏꯄꯥꯎ
< ꯏꯄꯥꯎ#
> humphutarataret
= ꯍꯨꯝꯐꯨꯇꯔꯥꯇꯔꯦꯠ
< ꯍꯨꯝꯐꯨꯇꯔꯥꯇꯔꯦꯠ#
> shipping
= ꯁꯤꯞꯄꯤꯡ
< ꯁꯤꯄꯄꯤꯡ#
> misingni
= ꯃꯤꯁꯤꯡꯅꯤ
< ꯃꯤꯁꯤꯡꯅꯤ#
> chingsangsingna
= ꯆꯤꯡꯁꯥꯡꯁꯤꯡꯅ
< ꯆꯤꯡꯁꯪꯁꯤꯡꯡꯅ#
> visakhapatnam
= ꯚꯤꯁꯥꯈꯥꯄꯠꯅꯝ
< ꯕꯤꯁꯥꯔꯦꯠꯅꯥꯝ#
> racine
= ꯔꯦꯁꯤꯟ
< ꯔꯥꯁꯤꯦꯦ#
> kota
= ꯀꯣꯇꯥ
< ꯀꯣꯇꯥ#
> church
= ꯆꯔꯆ
< ꯆꯨꯔꯆ#
> lishing
= ꯂꯤꯁꯤꯡ
< ꯂꯤꯁꯤꯡ#
> lalonetikki
= ꯂꯂꯣꯟꯏꯇꯤꯛꯀꯤ
< ꯂꯂꯣꯅꯤꯤꯇꯀꯤ#
> enaak
= ꯏꯅꯥꯛ
< ꯏꯅꯥꯛ#
> lampaakka
= ꯂꯝꯄꯥꯛꯀ
< ꯂꯝꯄꯥꯛꯀ#
> meisaa
= ꯃꯩꯁꯥ
< ꯃꯩꯁꯥ#
> spandana
= ꯁ꯭ꯄꯟꯗꯅ
< ꯁ꯭ꯄꯦꯟꯗꯅ#
> hoba
= ꯍꯣꯕ
< ꯍꯣꯕ#
> yumthakta
= ꯌꯨꯝꯊꯛꯇ
< ꯌꯨꯝꯊꯛꯀ#
> australiada
= ꯑꯣꯁꯇ꯭ꯔꯦꯂꯤꯌꯥꯗ
< ꯑꯣꯁꯇ꯭ꯔꯤꯌꯥꯗ#
> beck
= ꯕꯦꯛ
< ꯕꯦꯛꯁꯛ#
> fayetteville
= ꯐꯦꯌꯦꯠꯕꯤꯜ
< ꯐꯥꯌꯦꯠꯇꯤꯂꯦꯕꯤ#
> taakpagi
= ꯇꯥꯛꯄꯒꯤ
< ꯇꯥꯛꯄꯒꯤ#
> haapchinle
= ꯍꯥꯞꯆꯤꯟꯂꯦ
< ꯍꯥꯞꯆꯤꯟꯂꯦ#
> laphu
= ꯂꯐꯨ
< ꯂꯥꯐꯨ#
> bacteria
= ꯕꯦꯛꯇꯤꯔꯤꯌꯥ
< ꯕꯦꯁꯇꯦꯔꯤꯌꯥ#
> machine
= ꯃꯁꯤꯟ
< ꯃꯆꯤꯅꯦ#
> saabi
= ꯁꯥꯕꯤ
< ꯁꯥꯕꯤ#
> pass
= ꯄꯥꯁ
< ꯄꯥꯁ#
> buenaventura
= ꯕꯣꯅꯥꯕꯦꯟꯇꯨꯔꯥ
< ꯕꯤꯕꯦꯟꯇꯔꯨꯇꯔ#
> chatnarammi
= ꯆꯠꯅꯔꯝꯃꯤ
< ꯆꯠꯅꯔꯝꯃꯤ#
> pravesh
= ꯄ꯭ꯔꯕꯦꯁ
< ꯄ꯭ꯔꯚꯦꯁ#
> swain
= ꯁ꯭ꯋꯦꯟ
< ꯁ꯭ꯋꯥꯟ#
> taakpiramba
= ꯇꯥꯛꯄꯤꯔꯝꯕ
< ꯇꯥꯛꯄ꯭ꯔꯤꯕ#
> shingsu
= ꯁꯤꯡꯁꯨ
< ꯁꯤꯡꯁꯨ#
> mitana
= ꯃꯤꯇꯅ
< ꯃꯤꯇꯅ#
> phampaalda
= ꯐꯝꯄꯥꯜꯗ
< ꯐꯝꯄꯥꯜꯗ#
> ichang
= ꯏꯆꯪ
< ꯏꯆꯪ#
> asagi
= ꯑꯁꯥꯒꯤ
< ꯑꯁꯥꯒꯤ#
> puthorakkhi
= ꯄꯨꯊꯣꯔꯛꯈꯤ
< ꯄꯨꯊꯣꯛꯈꯤꯤ#
> saphaba
= ꯁꯥꯐꯕ
< ꯁꯥꯐꯕ#
> nalwa
= ꯅꯜꯋꯥ
< ꯅꯜꯋꯋ#
> barrett
= ꯕꯦꯔꯦꯠ
< ꯕꯔꯔꯦꯠ#
> ewaanglon
= ꯏꯋꯥꯡꯂꯣꯟ
< ꯏꯋꯥꯡꯂꯣꯟ#
> bhavnagar
= ꯚꯥꯋꯅꯒꯔ
< ꯚꯥꯕꯅꯒꯔ#
> ahmad
= ꯑꯍꯃꯗ
< ꯑꯍꯥꯃꯗ#
> hindustan
= ꯍꯤꯟꯗꯨꯁꯇꯥꯟ
< ꯍꯤꯟꯗ꯭ꯔꯥꯟ#
> atangba
= ꯑꯇꯥꯡꯕ
< ꯑꯇꯥꯡꯕ#
> puraktuna
= ꯄꯨꯔꯛꯇꯨꯅ
< ꯄꯨꯔꯛꯇꯨꯅ#
> puwaarida
= ꯄꯨꯋꯥꯔꯤꯗ
< ꯄꯨꯋꯥꯔꯤꯗ#
> tha
= ꯊꯥ
< ꯊꯥ#
> ponce
= ꯄꯣꯟꯁ
< ꯄꯣꯟꯁ#
> bisht
= ꯕꯤꯁꯠ
< ꯕꯤꯁꯇ#
> pak
= ꯄꯥꯛ
< ꯄꯥꯛ#
> kushalappa
= ꯀꯨꯁꯂꯞꯄꯥ
< ꯀꯨꯁꯥꯂꯄꯄ#
> melinda
= ꯃꯦꯂꯤꯟꯗꯥ
< ꯃꯦꯂꯤꯟꯗ#
> pompano
= ꯄꯣꯝꯄꯥꯅꯣ
< ꯄꯣꯝꯄꯅꯣ#
> yatpa
= ꯌꯥꯠꯄ
< ꯌꯥꯠꯄ#
> ataa
= ꯑꯇꯥ
< ꯑꯇꯥ#
> karkhele
= ꯀꯔꯈꯦꯂꯦ
< ꯀꯥꯔꯦꯦꯜ#
> kanchhal
= ꯀꯟꯆꯜ
< ꯀꯟꯆꯜ#
> taylorsville
= ꯇꯦꯂꯔꯁꯕꯤꯜ
< ꯇꯥꯂꯤꯜꯔꯕꯤꯁꯦꯠ#
> houdoklakpa
= ꯍꯧꯗꯣꯛꯂꯛꯄ
< ꯍꯧꯗꯣꯛꯂꯛꯄ#
> nakul
= ꯅꯀꯨꯜ
< ꯅꯥꯀꯨꯜ#
> phaoduna
= ꯐꯥꯎꯗꯨꯅ
< ꯐꯥꯎꯗꯨꯅ#
> pacheco
= ꯄꯆꯦꯀꯣ
< ꯄꯦꯀꯦꯀꯣ#
> paagani
= ꯄꯥꯒꯅꯤ
< ꯄꯥꯒꯅꯤ#
> surendranagar
= ꯁꯨꯔꯦꯟꯗ꯭ꯔꯅꯒꯔ
< ꯁꯨꯔꯦꯟꯗ꯭ꯔꯔꯔꯥꯟ#
> slovakia
= ꯁ꯭ꯂꯣꯚꯥꯀꯤꯌꯥ
< ꯁꯦꯜꯂꯣꯥꯥꯥꯥꯥ#
> laurus
= ꯂꯣꯔꯁ
< ꯂꯥꯎꯔꯨ#
> centre
= ꯁꯦꯟꯇꯔ
< ꯁꯦꯟꯇ꯭ꯔꯦ#
> hotnajaramba
= ꯍꯣꯠꯅꯖꯔꯝꯕ
< ꯍꯣꯠꯅꯔꯔꯕꯔ#
> nungshiruba
= ꯅꯨꯡꯁꯤꯔꯨꯕ
< ꯅꯨꯡꯁꯤꯖ꯭ꯔꯕ#
> puriklai
= ꯄꯨꯔꯤꯛꯂꯥꯢ
< ꯄꯨꯔꯤꯛꯂꯥꯢ#
> ngaore
= ꯉꯥꯎꯔꯦ
< ꯉꯥꯎꯔꯦ#
> tapia
= ꯇꯥꯄꯤꯑꯥ
< ꯇꯥꯄꯤ#
> awafam
= ꯑꯋꯥꯐꯝ
< ꯑꯋꯥꯐꯝ#
> thapham
= ꯊꯥꯐꯝ
< ꯊꯥꯐꯝ#
> uningthou
= ꯎꯅꯤꯡꯊꯧ
< ꯌꯨꯅꯤꯡꯊꯧ#
> sutton
= ꯁꯨꯠꯇꯟ
< ꯁꯨꯇꯣꯟ#
> kayaam
= ꯀꯌꯥꯝ
< ꯀꯌꯥꯝ#
> makhaada
= ꯃꯈꯥꯗ
< ꯃꯈꯥꯗ#
> leigong
= ꯂꯩꯒꯣꯡ
< ꯂꯩꯒꯣꯡ#
> composites
= ꯀꯝꯄꯣꯖꯤꯠꯁ
< ꯀꯝꯄ꯭ꯁꯤꯁꯁ#
> barmer
= ꯕꯥꯔꯃꯔ
< ꯕꯔꯃꯦꯔ#
> halisahar
= ꯍꯥꯂꯤꯁꯍꯔ
< ꯍꯥꯂꯦꯁꯔꯔ#
> kaithal
= ꯀꯦꯊꯜ
< ꯀꯥꯢꯊꯜ#
> muthappan
= ꯃꯨꯊꯥꯞꯄꯟ
< ꯃꯨꯊꯥꯄꯄ#
> mioi
= ꯃꯤꯑꯣꯢ
< ꯃꯤꯑꯣꯢ#
> sulochana
= ꯁꯨꯂꯣꯆꯅꯥ
< ꯁꯨꯂꯣꯆꯥꯅ#
> chingsu
= ꯆꯤꯡꯁꯨ
< ꯆꯤꯡꯁꯨ#
> lady
= ꯂꯦꯗꯤ
< ꯂꯥꯗ#
> nilkamal
= ꯅꯤꯜꯀꯃꯜ
< ꯅꯤꯜꯂꯥꯛ#
> khumnaba
= ꯈꯨꯝꯅꯕ
< ꯈꯨꯝꯅꯕ#
> mahanagar
= ꯃꯍꯥꯅꯒꯔ
< ꯃꯍꯥꯅꯔꯒ#
> gates
= ꯒꯦꯠꯁ
< ꯒꯦꯠꯁꯁ#
> eidi
= ꯑꯩꯗꯤ
< ꯑꯩꯗꯤ#
> thongalel
= ꯊꯣꯉꯥꯂꯦꯜ
< ꯊꯣꯉꯥꯂꯦꯜ#
> novi
= ꯅꯣꯕꯤ
< ꯅꯣꯚꯤ#
> allcargo
= ꯑꯣꯜꯀꯥꯔꯒꯣ
< ꯑꯜꯂꯀꯥꯔꯒꯣ#
> chicago
= ꯁꯤꯀꯥꯒꯣ
< ꯆꯤꯀꯥꯎꯒ#
> teinabadugi
= ꯇꯩꯅꯕꯗꯨꯒꯤ
< ꯇꯩꯅꯕꯗꯒꯤ#
> dunwoody
= ꯗꯟꯋꯨꯗꯤ
< ꯗꯨꯟꯒꯣꯗꯌꯌꯥ#
> sonawane
= ꯁꯣꯅꯥꯋꯦꯟ
< ꯁꯣꯅꯥꯋꯦ#
> mabukta
= ꯃꯕꯨꯛꯇ
< ꯃꯕꯨꯛꯇ#
> phaobagidi
= ꯐꯥꯎꯕꯒꯤꯗꯤ
< ꯐꯥꯎꯕꯒꯤꯗꯤ#
> eribasingsidagi
= ꯏꯔꯤꯕꯁꯤꯡꯁꯤꯗꯒꯤ
< ꯏꯔꯤꯕꯁꯤꯡꯗꯒꯤ#
> lailempigi
= ꯂꯥꯢꯂꯦꯝꯄꯤꯒꯤ
< ꯂꯥꯢꯂꯦꯝꯄꯤꯒꯤ#
> edit
= ꯏꯗꯤꯠ
< ꯏꯗꯠ#
> aurora
= ꯑꯧꯔꯣꯔꯥ
< ꯑꯑꯣꯔꯣꯔꯥꯥ#
> morena
= ꯃꯣꯔꯦꯅꯥ
< ꯃꯣꯔꯦꯅꯥ#
> yaubara
= ꯌꯥꯎꯕꯔꯥ
< ꯌꯧꯕꯔ#
> chandernagore
= ꯆꯟꯗꯔꯅꯒꯣꯔ
< ꯆꯥꯟꯗꯥꯔꯔꯔꯦ#
> avondale
= ꯑꯥꯚꯣꯟꯗꯦꯜ
< ꯑꯚꯣꯅꯣꯗꯦꯦ#
> shiromani
= ꯁꯤꯔꯣꯃꯅꯤ
< ꯁꯤꯔꯣꯃꯥꯅꯤ#
> leikhribasi
= ꯂꯩꯈ꯭ꯔꯤꯕꯁꯤ
< ꯂꯩꯈ꯭ꯔꯤꯕꯁꯤ#
> mendez
= ꯃꯦꯟꯗꯦꯖ
< ꯃꯦꯟꯗꯦ#
> yaanakhi
= ꯌꯥꯅꯈꯤ
< ꯌꯥꯅꯈꯤ#
> wangkhatlakkhi
= ꯋꯥꯡꯈꯠꯂꯛꯈꯤ
< ꯋꯥꯡꯈꯠꯂꯛꯈꯤ#
> hazaribag
= ꯍꯖꯥꯔꯤꯕꯥꯒ
< ꯍꯥꯖꯔꯤꯕꯒ#
> pontiac
= ꯄꯣꯟꯇꯤꯌꯥꯛ
< ꯄꯣꯟꯇꯤꯛꯁ#
> bhogeshor
= ꯚꯣꯒꯦꯁꯣꯔ
< ꯚꯣꯒꯣꯔꯔꯖ#
> pakee
= ꯄꯥꯛꯏ
< ꯄꯥꯀꯦ#
> virani
= ꯚꯤꯔꯥꯅꯤ
< ꯚꯤꯔꯥꯅꯤ#
> foam
= ꯐꯣꯝ
< ꯐꯣꯝ#
> loushing
= ꯂꯧꯁꯤꯡ
< ꯂꯧꯁꯤꯡ#
> erbium
= ꯑꯦꯔꯕꯤꯌꯝ
< ꯏꯕꯤꯔꯝꯝ#
> saran
= ꯁꯔꯟ
< ꯁꯔꯥꯟ#
> chamunda
= ꯆꯥꯃꯨꯟꯗꯥ
< ꯆꯥꯃꯟꯗ#
> caplin
= ꯀꯦꯄ꯭ꯂꯤꯟ
< ꯀꯦꯂꯦꯛꯟ#
> childagi
= ꯆꯤꯜꯗꯒꯤ
< ꯆꯤꯜꯗꯒꯤ#
> sipike
= ꯁꯤꯄꯤꯀꯦ
< ꯁꯤꯄꯤꯀꯦ#
> senyekni
= ꯁꯦꯟꯌꯦꯛꯅꯤ
< ꯁꯦꯟꯀꯦꯟꯀꯤ#
> rowe
= ꯔꯣ
< ꯔꯣꯑꯦ#
> pakhanba
= ꯄꯛꯍꯟꯕ
< ꯄꯥꯈꯟꯕ#
> chaorakpa
= ꯆꯥꯎꯔꯥꯛꯄ
< ꯆꯥꯎꯔꯛꯄ#
> ibada
= ꯏꯕꯗ
< ꯏꯕꯥ#
> lakminnaraga
= ꯂꯥꯛꯃꯤꯟꯅꯔꯒ
< ꯂꯥꯛꯃꯤꯟꯅꯔꯒ#
> oibadi
= ꯑꯣꯢꯕꯗꯤ
< ꯑꯣꯢꯕꯗꯤ#
> phiset
= ꯐꯤꯁꯦꯠ
< ꯐꯤꯁꯦꯠ#
> ekhi
= ꯏꯈꯤ
< ꯏꯈꯤ#
> yaallaga
= ꯌꯥꯜꯂꯒ
< ꯌꯥꯜꯂꯒ#
> maangda
= ꯃꯥꯡꯗ
< ꯃꯥꯡꯗ#
> ngaakpa
= ꯉꯥꯛꯄ
< ꯉꯥꯛꯄ#
> matik
= ꯃꯇꯤꯛ
< ꯃꯇꯤꯛ#
> karambano
= ꯀꯔꯝꯕꯅꯣ
< ꯀꯔꯥꯝꯕꯣꯅ#
> paangthokkhiba
= ꯄꯥꯡꯊꯣꯛꯈꯤꯕ
< ꯄꯥꯡꯊꯣꯛꯈꯤꯈ#
> ningkham
= ꯅꯤꯡꯈꯝ
< ꯅꯤꯡꯈꯝ#
> avenues
= ꯑꯦꯚꯦꯅ꯭ꯌꯨꯁ
< ꯑꯦꯕꯦꯁ#
> kewal
= ꯀꯦꯋꯜ
< ꯀꯦꯋꯥꯜ#
> maningtamba
= ꯃꯅꯤꯡꯇꯝꯕ
< ꯃꯅꯤꯡꯇꯥꯕ#
> mayaiwairap
= ꯃꯌꯥꯢꯋꯥꯢꯔꯞ
< ꯃꯌꯥꯢꯋꯥꯔꯞ#
> akonba
= ꯑꯀꯣꯟꯕ
< ꯑꯀꯣꯕꯟꯕ#
> chatnabisisu
= ꯆꯠꯅꯕꯤꯁꯤꯁꯨ
< ꯆꯠꯅꯕꯤꯁꯤꯁꯨ#
> canton
= ꯀꯦꯟꯇꯟ
< ꯀꯥꯟꯇꯣꯟ#
> ballia
= ꯕꯜꯂꯤꯑꯥ
< ꯕꯜꯂꯤꯌꯥ#
> pereddy
= ꯄꯦꯔꯦꯗꯤ
< ꯄꯦꯔꯗꯦꯋ#
> uniphos
= ꯌꯨꯅꯤꯐꯣꯁ
< ꯌꯨꯅꯤꯐꯣ#
> khundaariba
= ꯈꯨꯟꯗꯥꯔꯤꯕ
< ꯈꯨꯟꯗꯥꯔꯤꯕ#
> vineland
= ꯚꯥꯢꯟꯂꯦꯟꯗ
< ꯕꯤꯅꯦꯟꯂꯦꯟ#
> gokaldas
= ꯒꯣꯀꯥꯜꯗꯥꯁ
< ꯒꯣꯕꯀꯜꯁꯛ#
> moirang
= ꯃꯣꯢꯔꯥꯡ
< ꯃꯣꯢꯔꯥꯡ#
> sanskrit
= ꯁꯟꯁ꯭ꯀ꯭ꯔꯤꯠ
< ꯁꯥꯟꯁꯇꯔꯛ#
> naaz
= ꯅꯥꯖ
< ꯅꯥꯎ#
> kananasu
= ꯀꯅꯥꯅꯁꯨ
< ꯀꯅꯥꯅꯁꯨ#
> conley
= ꯀꯣꯟꯂꯤ
< ꯀꯟꯂꯦꯤ#
> uthakta
= ꯎꯊꯛꯇ
< ꯎꯊꯛꯇ#
> lancaster
= ꯂꯦꯟꯀꯦꯁꯇꯔ
< ꯂꯥꯟꯁꯥꯔꯤ#
> imungni
= ꯏꯃꯨꯡꯅꯤ
< ꯏꯃꯨꯡꯅꯤ#
> patna
= ꯄꯠꯅꯥ
< ꯄꯥꯠꯅ#
> fongba
= ꯐꯣꯡꯕ
< ꯐꯣꯡꯕ#
> hosur
= ꯍꯣꯁꯨꯔ
< ꯍꯣꯁꯔꯔ#
> ichada
= ꯏꯆꯥꯗ
< ꯏꯆꯥꯗ#
> phamjinli
= ꯐꯝꯖꯤꯟꯂꯤ
< ꯐꯝꯖꯤꯟꯂꯤ#
> tustin
= ꯇꯁꯇꯤꯟ
< ꯇꯨꯁꯤꯠꯟ#
> thoujaaldagi
= ꯊꯧꯖꯥꯜꯗꯒꯤ
< ꯊꯧꯖꯥꯜꯗꯒꯤ#
> cheisingkaanglon
= ꯆꯩꯁꯤꯡꯀꯥꯡꯂꯣꯟ
< ꯀꯩꯁꯤꯡꯀꯥꯡꯂꯣꯟ#
> aenugu
= ꯑꯦꯅꯨꯒꯨ
< ꯏꯅꯨꯒꯨ#
> lamb
= ꯂꯦꯝ
< ꯂꯝꯕ#
> yei
= ꯌꯩ
< ꯌꯩ#
> conditioning
= ꯀꯟꯗꯤꯁꯅꯤꯡ
< ꯀꯟꯗꯣꯟꯤꯇꯣꯟꯤ#
> yumnaksing
= ꯌꯨꯝꯅꯥꯛꯁꯤꯡ
< ꯌꯨꯝꯅꯥꯛꯁꯤꯡ#
> wasudewa
= ꯋꯁꯨꯗꯦꯋ
< ꯋꯥꯁꯨꯗꯋ#
> chowdhury
= ꯆꯧꯙꯨꯔꯤ
< ꯆꯣꯙꯗ꯭ꯋ꯭ꯔꯤ#
> ilenpung
= ꯏꯂꯦꯟꯄꯨꯡ
< ꯏꯂꯦꯟꯄꯨꯡ#
> rajendra
= ꯔꯥꯖꯦꯟꯗ꯭ꯔ
< ꯔꯥꯖꯦꯟꯗ꯭ꯔ#
> thermax
= ꯊꯔꯃꯦꯛꯁ
< ꯊꯦꯔꯃꯃ#
> hempstead
= ꯍꯦꯝꯞꯁ꯭ꯇꯤꯗ
< ꯍꯦꯝꯁꯦꯁꯇꯦꯗ#
> dhamane
= ꯙꯥꯃꯦꯟ
< ꯃꯃꯥꯅꯦ#
> changkhraga
= ꯆꯪꯈ꯭ꯔꯒ
< ꯆꯪꯈ꯭ꯔꯥ#
> chaoraki
= ꯆꯥꯎꯔꯛꯏ
< ꯆꯥꯎꯔꯛꯏ#
> harbour
= ꯍꯥꯔꯕꯔ
< ꯍꯥꯔꯕꯧ#
> acevedo
= ꯑꯁꯤꯕꯦꯗꯣ
< ꯑꯦꯦꯀꯦꯗꯗ#
> lannaduna
= ꯂꯥꯟꯅꯗꯨꯅ
< ꯂꯥꯟꯅꯗꯨꯅ#
> orange
= ꯑꯣꯔꯦꯟꯖ
< ꯑꯣꯔꯥꯖꯦ#
> siemens
= ꯁꯤꯃꯟꯁ
< ꯁꯤꯌꯦꯟꯁ#
> research
= ꯔꯤꯁꯔꯁ
< ꯔꯤꯁꯦꯥꯔꯒ#
> poschima
= ꯄꯣꯁ꯭ꯆꯤꯃ
< ꯄꯣꯁꯤꯃ#
> kg
= ꯀꯦꯖꯤ
< ꯀ꯭#
> chaoshangba
= ꯆꯥꯎꯁꯥꯡꯕ
< ꯆꯥꯎꯁꯪꯕ#
> mamaasigi
= ꯃꯃꯥꯥꯥꯥꯥꯥꯁꯤꯒꯤ
< ꯃꯃꯥꯁꯤꯒꯤ#
> mandalaygi
= ꯃꯟꯗꯂꯦꯒꯤ
< ꯃꯥꯟꯂꯥꯗꯥꯒꯤ#
> queens
= ꯀ꯭ꯋꯤꯟꯁ
< ꯀ꯭ꯌꯦꯟꯁ#
> ilaat
= ꯏꯂꯥꯠ
< ꯏꯂꯥꯠ#
> laothokkhre
= ꯂꯥꯎꯊꯣꯛꯈ꯭ꯔꯦ
< ꯂꯥꯎꯊꯣꯛꯈꯤꯔꯦ#
> infosys
= ꯏꯟꯐꯣꯁꯤꯁ
< ꯏꯟꯐꯣꯔꯁ#
> chhatarpur
= ꯁꯠꯇꯔꯄꯨꯔ
< ꯆꯥꯇꯔꯨꯔꯨ#
> takhelambam
= ꯇꯈꯦꯜꯂꯝꯕꯝ
< ꯇꯥꯈꯦꯂꯝꯕꯝ#
> sanglaba
= ꯁꯥꯡꯂꯕ
< ꯁꯪꯂꯕ#
> kangphaalgi
= ꯀꯪꯐꯥꯜꯒꯤ
< ꯀꯪꯐꯥꯜꯒꯤ#
> makhoi
= ꯃꯈꯣꯢ
< ꯃꯈꯣꯢ#
> channa
= ꯆꯟꯅ
< ꯆꯥꯟꯅ#
> algerian
= ꯑꯜꯖꯦꯔꯤꯌꯥꯟ
< ꯑꯦꯒꯔꯤꯌꯦꯟ#
> leena
= ꯂꯤꯅ
< ꯂꯤꯅ#
> engraaji
= ꯏꯪꯔꯥꯖꯤ
< ꯏꯪꯔꯖꯤꯗꯥ#
> loubuk
= ꯂꯧꯕꯨꯛ
< ꯂꯧꯕꯨꯛ#
> dumka
= ꯗꯝꯀꯥ
< ꯗꯨꯝꯀ#
> glaxosmithkline
= ꯒ꯭ꯂꯦꯛꯁꯣꯁ꯭ꯃꯤꯊꯀ꯭ꯂꯥꯢꯟ
< ꯒ꯭ꯂꯤꯛꯂꯛꯁꯃꯤꯟꯁꯦꯁꯦ#
> bossier
= ꯕꯣꯁꯤꯑꯦꯔ
< ꯕꯣꯁꯔꯤꯌꯦ#
> television
= ꯇꯦꯂꯤꯚꯤꯖꯟ
< ꯇꯦꯂꯤꯚꯕꯤꯤꯟ#
> solomon
= ꯁꯣꯂꯣꯃꯣꯟ
< ꯁꯣꯂꯣꯂꯣꯟ#
> manassas
= ꯃꯅꯥꯁꯁ
< ꯃꯁꯥꯟꯁꯁ#
> mayanglambamna
= ꯃꯌꯥꯡꯂꯝꯕꯝꯅ
< ꯃꯌꯥꯡꯂꯝꯂꯕꯅ#
> surabhi
= ꯁꯨꯔꯥꯚꯤ
< ꯁꯨꯔꯥꯤꯤ#
> nicobar
= ꯅꯤꯀꯣꯕꯔ
< ꯅꯤꯀꯣꯕꯔ#
> ama
= ꯑꯃ
< ꯑꯃꯥ#
> bhutan
= ꯚꯨꯇꯥꯟ
< ꯚꯨꯇꯥꯟ#
> cross
= ꯀ꯭ꯔꯣꯁ
< ꯀ꯭ꯔꯣꯁ#
> kumar
= ꯀꯨꯃꯥꯔ
< ꯀꯨꯃꯥꯔ#
> ashuppa
= ꯑꯁꯨꯞꯄ
< ꯑꯁꯨꯄꯄ#
> tampa
= ꯇꯝꯄ
< ꯇꯝꯄꯥ#
> hinao
= ꯍꯤꯅꯥꯎ
< ꯍꯤꯅꯥꯎ#
> yambem
= ꯌꯥꯝꯕꯦꯝ
< ꯌꯥꯝꯕꯦꯝ#
> bhiwani
= ꯚꯤꯋꯥꯅꯤ
< ꯚꯤꯋꯥꯅꯤ#
> bilaspur
= ꯕꯤꯂꯥꯁꯄꯨꯔ
< ꯕꯤꯂꯥꯁꯄꯔꯨ#
> thui
= ꯊꯨꯢ
< ꯊꯨꯢ#
> kaathoktuna
= ꯀꯥꯊꯣꯛꯇꯨꯅ
< ꯀꯥꯊꯣꯛꯇꯨꯅ#
> bhatia
= ꯚꯥꯇꯤꯑꯥ
< ꯚꯥꯇꯤꯌꯥ#
> lompoc
= ꯂꯣꯝꯄꯣꯛ
< ꯂꯣꯝꯄꯣꯛ#
> vidhi
= ꯚꯤꯙꯤ
< ꯚꯤꯗꯤ#
> yetnaba
= ꯌꯦꯠꯅꯕ
< ꯌꯦꯠꯅꯕ#
> electricals
= ꯏꯂꯦꯛꯇ꯭ꯔꯤꯀꯜꯁ
< ꯏꯂꯦꯛꯇ꯭ꯔꯤꯁꯤꯤꯁꯀ#
> radha
= ꯔꯥꯙꯥ
< ꯔꯥꯙ#
> hexaware
= ꯍꯦꯛꯁꯥꯋꯦꯔ
< ꯍꯦꯀꯀꯥꯔꯔ#
> panacea
= ꯄꯦꯅꯁꯤꯑ
< ꯄꯅꯥꯁ#
> sanitaryware
= ꯁꯦꯅꯤꯇꯔꯤꯋꯦꯔ
< ꯁꯅꯤꯅꯇꯔꯦꯌꯔꯦ#
> yonkhi
= ꯌꯣꯟꯈꯤ
< ꯌꯣꯟꯈꯤ#
> koppula
= ꯀꯣꯞꯄꯨꯂꯥ
< ꯀꯣꯞꯄꯂꯥ#
> irvine
= ꯏꯔꯚꯤꯟ
< ꯏꯔꯕꯤꯟ#
> erickson
= ꯏꯔꯤꯛꯁꯟ
< ꯏꯔꯦꯛꯀꯤꯁꯟ#
> mangla
= ꯃꯡꯒ꯭ꯂꯥ
< ꯃꯥꯡꯂ#
> shampubi
= ꯁꯝꯄꯨꯕꯤ
< ꯁꯝꯄꯨꯕꯤ#
> moroccogi
= ꯃꯣꯔꯣꯀꯣꯒꯤ
< ꯃꯣꯔꯣꯀꯣꯑꯣꯒꯤ#
> mahagauri
= ꯃꯍꯥꯒꯧꯔꯤ
< ꯃꯍꯥꯒꯔꯔꯤ#
> sapiknu
= ꯁꯥꯆꯤꯛꯅꯨ
< ꯁꯥꯄꯤꯟꯅꯨ#
> ngaak
= ꯉꯥꯛ
< ꯉꯥꯛ#
> houraklaba
= ꯍꯧꯔꯛꯂꯕ
< ꯍꯧꯔꯛꯂꯕ#
> nifumaapan
= ꯅꯤꯐꯨꯃꯥꯄꯟ
< ꯅꯤꯐꯨꯃꯥꯄꯟ#
> pheejam
= ꯐꯤꯖꯝ
< ꯐꯤꯖꯝ#
> henson
= ꯍꯦꯟꯁꯟ
< ꯍꯦꯟꯁꯣꯟ#
> chandel
= ꯆꯥꯟꯗꯦꯜ
< ꯆꯟꯗꯦꯜ#
> inter
= ꯏꯟꯇꯔ
< ꯏꯟꯇꯦꯔ#
> balkoty
= ꯕꯥꯜꯀꯣꯇꯤ
< ꯕꯥꯜꯀꯣꯇꯤ#
> yavatmal
= ꯌꯕꯠꯃꯥꯜ
< ꯌꯥꯠꯂꯜ#
> pullapsi
= ꯄꯨꯜꯂꯞꯁꯤ
< ꯄꯨꯜꯂꯥꯁꯤꯤ#
> ansari
= ꯑꯟꯁꯥꯔꯤ
< ꯑꯁꯟꯁꯥꯔꯤ#
> semkhi
= ꯁꯦꯝꯈꯤ
< ꯁꯦꯝꯈꯤ#
> mandla
= ꯃꯟꯗꯂꯥ
< ꯃꯥꯟꯗ#
> ibungngo
= ꯏꯕꯨꯡꯉꯣ
< ꯏꯕꯨꯉꯣꯉ#
> andaman
= ꯑꯟꯗꯃꯥꯟ
< ꯑꯥꯟꯗꯟ#
> adugirane
= ꯑꯗꯨꯒꯤꯔꯥꯅꯦ
< ꯑꯗꯒꯔꯤꯗ꯭ꯦꯦ#
> arappada
= ꯑꯔꯥꯞꯄꯗ
< ꯑꯔꯥꯞꯄꯗ#
> wellington
= ꯋꯦꯜꯂꯤꯡꯇꯟ
< ꯋꯦꯜꯂꯤꯡꯇꯣꯛ#
> porbandar
= ꯄꯣꯔꯕꯟꯗꯔ
< ꯄꯣꯔꯕꯟꯗ꯭ꯔꯝ#
> thajajaba
= ꯊꯥꯖꯖꯕ
< ꯊꯥꯖꯖꯕ#
> apiba
= ꯑꯄꯤꯕ
< ꯑꯄꯤꯕ#
> shivastava
= ꯁꯤꯚꯥꯁꯇꯚ
< ꯁꯤꯚꯥꯥꯇꯇ#
> longview
= ꯂꯣꯡꯚ꯭ꯌꯨ
< ꯂꯣꯡꯋꯤꯚꯤ#
> oiraga
= ꯑꯣꯢꯔꯒ
< ꯑꯣꯢꯔꯒ#
> sanakhi
= ꯁꯥꯅꯈꯤ
< ꯁꯅꯈꯥꯈꯤ#
> bowling
= ꯕꯣꯂꯤꯡ
< ꯕꯣꯞꯂꯤꯟ#
> yanakhi
= ꯌꯥꯅꯈꯤ
< ꯌꯥꯅꯈꯤ#
> azusa
= ꯑꯖꯨꯁꯥ
< ꯑꯎꯁꯥ#
> livermore
= ꯂꯤꯚꯔꯃꯣꯔ
< ꯂꯤꯚꯔꯔꯔꯔꯣ#
> pabunggi
= ꯄꯥꯕꯨꯡꯒꯤ
< ꯄꯥꯕꯨꯡꯒꯤ#
> vysya
= ꯚꯤꯁ꯭ꯋ
< ꯚꯤꯌꯌꯥ#
> platoga
= ꯄ꯭ꯂꯦꯇꯣꯒ
< ꯄ꯭ꯂꯥꯎꯒꯒ#
> matonda
= ꯃꯇꯣꯟꯗ
< ꯃꯇꯣꯟꯗ#
> balcony
= ꯕꯦꯜꯀꯣꯅꯤ
< ꯕꯥꯜꯀꯣꯟꯤ#
> ortega
= ꯑꯣꯔꯇꯦꯒꯥ
< ꯑꯣꯔꯇꯦꯒ#
> heket
= ꯍꯦꯀꯦꯠ
< ꯍꯦꯀꯦꯠ#
> yumnaaksing
= ꯌꯨꯝꯅꯥꯛꯁꯤꯡ
< ꯌꯨꯝꯅꯥꯛꯁꯤꯡ#
> bhriguvanshi
= ꯚ꯭ꯔꯤꯒꯨꯋꯟꯁꯤ
< ꯚ꯭ꯔꯨꯖꯤꯁꯟꯒꯤ#
> lampakta
= ꯂꯝꯄꯥꯛꯇ
< ꯂꯝꯄꯥꯛꯇ#
> rajahmundry
= ꯔꯥꯖꯥꯃꯟꯗ꯭ꯔꯤ
< ꯔꯥꯍꯨꯃꯟꯗ꯭ꯋꯔ#
> kamarhati
= ꯀꯃꯥꯔꯍꯥꯇꯤ
< ꯀꯥꯃꯔꯠꯇꯤ#
> dayton
= ꯗꯦꯇꯟ
< ꯗꯥꯇꯣꯟ#
> shaamu
= ꯁꯥꯃꯨ
< ꯁꯥꯃꯨ#
> alto
= ꯑꯜꯇꯣ
< ꯑꯜꯇꯣ#
> automation
= ꯑꯣꯇꯣꯃꯦꯁꯟ
< ꯑꯎꯇꯣꯃꯣꯇꯣꯟ#
> uchaan
= ꯎꯆꯥꯟ
< ꯎꯆꯥꯟ#
> thouraangsingda
= ꯊꯧꯔꯥꯡꯁꯤꯡꯗ
< ꯊꯧꯔꯥꯡꯁꯤꯡꯗ#
> linni
= ꯂꯤꯟꯅꯤ
< ꯂꯤꯟꯅꯤ#
> infra
= ꯏꯟꯐ꯭ꯔꯥ
< ꯏꯟꯐ꯭ꯔꯥ#
> pruitt
= ꯄ꯭ꯔꯨꯢꯠ
< ꯄ꯭ꯔꯤꯇꯤꯠꯛ#
> sirsa
= ꯁꯤꯔꯁꯥ
< ꯁꯤꯔꯁ#
> alexandria
= ꯑꯦꯂꯦꯛꯖꯦꯟꯗ꯭ꯔꯤꯑꯥ
< ꯑꯦꯂꯀꯥꯔꯦꯟꯗꯤ#
> waarisingda
= ꯋꯥꯔꯤꯁꯤꯡꯗ
< ꯋꯥꯔꯤꯁꯤꯡꯗ#
> sijinnanaba
= ꯁꯤꯖꯤꯟꯅꯅꯕ
< ꯁꯤꯖꯤꯟꯅꯅꯕ#
> media
= ꯃꯤꯗꯤꯑꯥ
< ꯃꯦꯗꯤꯌꯥ#
> chhindwara
= ꯆꯤꯟꯗ꯭ꯋꯥꯔꯥ
< ꯆꯤꯟꯗꯥꯔꯥ#
> machaani
= ꯃꯆꯥꯅꯤ
< ꯃꯆꯥꯅꯤ#
> laifamdagi
= ꯂꯥꯢꯐꯝꯗꯒꯤ
< ꯂꯥꯢꯐꯝꯗꯒꯤ#
> ebirammi
= ꯏꯕꯤꯔꯝꯃꯤ
< ꯏꯕꯔꯤꯝꯃꯤ#
> highland
= ꯍꯥꯢꯂꯦꯟꯗ
< ꯍꯤꯜꯍꯥꯟꯗ#
> theratipally
= ꯊꯦꯔꯥꯇꯤꯄꯂꯤ
< ꯊꯦꯔꯥꯥꯤꯂꯄꯤꯤꯌꯥ#
> yaithing
= ꯌꯥꯢꯊꯤꯡ
< ꯌꯥꯢꯊꯤꯡ#
> poupi
= ꯄꯧꯄꯤ
< ꯄꯧꯄꯤ#
> panggansinggi
= ꯄꯥꯡꯒꯟꯁꯤꯡꯒꯤ
< ꯄꯥꯡꯒꯟꯁꯤꯡꯒꯤ#
> thaa
= ꯊꯥ
< ꯊꯥ#
> sen
= ꯁꯦꯟ
< ꯁꯦꯟ#
> shoppers
= ꯁꯣꯄꯔꯁ
< ꯁꯣꯄꯄꯔꯔꯁ#
> jalaun
= ꯖꯂꯣꯎꯟ
< ꯖꯂꯥꯎꯟ#
> nagraj
= ꯅꯒꯔꯥꯖ
< ꯅꯥꯒꯔꯖ#
> waarisinggi
= ꯋꯥꯔꯤꯁꯤꯡꯒꯤ
< ꯋꯥꯔꯤꯁꯤꯡꯒꯤ#
> governor
= ꯒꯣꯚꯔꯅꯔ
< ꯒꯣꯚꯔꯚꯣꯔ#
> jamaica
= ꯖꯃꯥꯢꯀꯥ
< ꯖꯃꯥꯢꯁꯀꯤ#
> irenpungni
= ꯏꯔꯦꯟꯄꯨꯡꯅꯤ
< ꯏꯔꯦꯟꯄꯨꯡꯅꯤ#
> romeoville
= ꯔꯣꯃꯤꯑꯣꯚꯤꯜ
< ꯔꯣꯃꯤꯜꯂꯣꯜꯦꯜ#
> kwa
= ꯀ꯭ꯋꯥ
< ꯀ꯭ꯋꯥ#
> moses
= ꯃꯣꯁꯦꯁ
< ꯃꯣꯁꯦꯁ#
> thajanabi
= ꯊꯥꯖꯅꯕꯤ
< ꯊꯥꯖꯅꯕꯤ#
> haraobada
= ꯍꯔꯥꯎꯕꯗ
< ꯍꯥꯔꯥꯎꯕꯗ#
> elat
= ꯏꯂꯥꯠ
< ꯏꯂꯥꯠ#
> poireitonna
= ꯄꯣꯢꯔꯩꯇꯣꯟꯅ
< ꯄꯣꯢꯔꯩꯔꯣꯟꯅ#
> lengba
= ꯂꯦꯡꯕ
< ꯂꯦꯡꯕ#
> humputara
= ꯍꯨꯝꯄꯨꯇꯔꯥ
< ꯍꯨꯝꯄꯨꯔꯥꯔ#
> streamwood
= ꯁꯇ꯭ꯔꯤꯝꯋꯨꯗ
< ꯁ꯭ꯇꯦꯔꯤꯖꯃꯣꯣꯗ#
> konchin
= ꯀꯣꯟꯆꯤꯟ
< ꯀꯣꯟꯆꯤꯟ#
> renuka
= ꯔꯦꯅꯨꯀꯥ
< ꯔꯦꯅꯀ#
> panada
= ꯄꯅꯥꯗ
< ꯄꯅꯥꯗ#
> khutmaba
= ꯈꯨꯠꯃꯥꯕ
< ꯈꯨꯠꯃꯥꯕ#
> gehlot
= ꯒꯦꯍꯂꯣꯠ
< ꯖꯦꯜꯂꯣꯠ#
> maningda
= ꯃꯅꯤꯡꯗ
< ꯃꯅꯤꯡꯗ#
> asaaba
= ꯑꯁꯥꯕ
< ꯑꯁꯥꯕ#
> larsen
= ꯂꯥꯔꯁꯦꯟ
< ꯂꯥꯔꯁꯦꯟ#
> sintaaknabi
= ꯁꯤꯟꯇꯥꯛꯅꯕꯤ
< ꯁꯤꯟꯇꯛꯅꯕꯤ#
> konark
= ꯀꯣꯅꯥꯔꯛ
< ꯀꯣꯅꯔꯛ#
> manna
= ꯃꯟꯅꯥ
< ꯃꯥꯟꯅ#
> johnson
= ꯖꯣꯟꯁꯟ
< ꯖꯣꯟꯍꯣꯟꯁ#
> thoklakpani
= ꯊꯣꯛꯂꯛꯄꯅꯤ
< ꯊꯣꯛꯂꯛꯄꯅꯤ#
> huraallaga
= ꯍꯨꯔꯥꯜꯂꯒ
< ꯍꯨꯔꯥꯜꯂꯒ#
> hidaakloisingsi
= ꯍꯤꯗꯥꯛꯂꯣꯢꯁꯤꯡꯁꯤ
< ꯍꯤꯗꯥꯢꯗꯥꯛꯁꯤꯡꯤꯤ#
> sinnakhre
= ꯁꯤꯟꯅꯈ꯭ꯔꯦ
< ꯁꯤꯟꯅꯈ꯭ꯔꯦ#
> kayadu
= ꯀꯌꯥꯗꯨ
< ꯀꯌꯥꯗꯨ#
> milolna
= ꯃꯤꯂꯣꯜꯅ
< ꯃꯤꯜꯂꯣꯟ#
> cypress
= ꯁꯥꯢꯄ꯭ꯔꯦꯁ
< ꯁ꯭ꯄ꯭꯭꯭꯭ꯋ꯭ꯔꯤꯁ#
> rajesh
= ꯔꯥꯖꯦꯁ
< ꯖꯦꯖꯤꯁ#
> bhadouriya
= ꯚꯥꯗꯧꯔꯤꯌꯥ
< ꯙꯥꯗꯧꯔꯤꯌꯥ#
> safu
= ꯁꯥꯐꯨ
< ꯁꯥꯐꯨ#
> dimapurgi
= ꯗꯤꯃꯥꯄꯨꯔꯒꯤ
< ꯗꯤꯃꯥꯔꯨꯄꯒꯤ#
> nifumapan
= ꯅꯤꯐꯨꯃꯥꯄꯟ
< ꯅꯤꯐꯨꯃꯥꯄꯟ#
> shamu
= ꯁꯥꯃꯨ
< ꯁꯥꯨꯨ#
> lanjaonachingba
= ꯂꯥꯟꯖꯥꯎꯅꯆꯤꯡꯕ
< ꯂꯥꯟꯖꯥꯎꯅꯆꯤꯕ#
> maannana
= ꯃꯥꯟꯅꯅ
< ꯃꯥꯟꯅꯅ#
> vernon
= ꯚꯔꯅꯟ
< ꯚꯦꯔꯅꯣꯟ#
> spanish
= ꯁ꯭ꯄꯦꯅꯤꯁ
< ꯁ꯭ꯄꯅꯥꯁꯤ#
> oiraki
= ꯑꯣꯢꯔꯛꯏ
< ꯑꯣꯢꯔꯥꯀꯤ#
> srivastava
= ꯁꯥꯔꯤꯕꯥꯁꯇꯕ
< ꯁ꯭ꯔꯤꯁꯇꯕꯇ#
> yin
= ꯌꯤꯟ
< ꯌꯤꯟ#
> bhatnagar
= ꯚꯠꯅꯥꯒꯔ
< ꯐꯠꯅꯒꯔ#
> sijinnafamsi
= ꯁꯤꯖꯤꯟꯅꯐꯝꯁꯤ
< ꯁꯤꯖꯤꯟꯅꯐꯝꯁꯤ#
> ithatsingda
= ꯏꯊꯠꯁꯤꯡꯗ
< ꯏꯊꯠꯁꯤꯡꯗ#
> vijayawada
= ꯕꯤꯖꯦꯌꯋꯥꯗꯥ
< ꯕꯤꯖꯥꯌꯋꯥꯗ#
> salas
= ꯁꯥꯂꯥꯁ
< ꯁꯥꯂꯥ#
> durgavanshi
= ꯗꯨꯔꯒꯥꯋꯟꯁꯤ
< ꯗꯨꯝꯒꯥꯟꯁꯒꯤ#
> mani
= ꯃꯅꯤ
< ꯃꯥꯅꯤ#
> ikhaa
= ꯏꯈꯥ
< ꯏꯈꯥ#
> raipur
= ꯔꯥꯢꯄꯨꯔ
< ꯔꯥꯢꯄꯨꯔ#
> nula
= ꯅꯨꯂꯥ
< ꯅꯨꯂꯥ#
> coast
= ꯀꯣꯁꯠ
< ꯀꯣꯁꯥꯠ#
> bara
= ꯕꯥꯔꯥ
< ꯕꯥꯔ#
> siyaram
= ꯁꯤꯌꯥꯔꯥꯝ
< ꯁꯤꯌꯥꯔꯝ#
> godfrey
= ꯒꯣꯗꯐ꯭ꯔꯦ
< ꯒꯣꯗ꯭ꯔꯦꯋ#
> awangnongpokta
= ꯑꯋꯥꯡꯅꯣꯡꯄꯣꯛꯇ
< ꯑꯋꯥꯡꯉꯣꯛꯇꯣꯛꯣ#
> phungaawaarising
= ꯐꯨꯡꯒꯥꯋꯥꯔꯤꯁꯤꯡ
< ꯐꯨꯡꯒꯥꯋꯥꯔꯤꯁꯤꯡ#
> saogatpasida
= ꯁꯥꯎꯒꯠꯄꯁꯤꯗ
< ꯁꯥꯒꯠꯄꯄꯗꯗ#
> fatima
= ꯐꯇꯤꯃꯥ
< ꯐꯇꯤꯃ#
> kapoor
= ꯀꯄꯨꯔ
< ꯀꯥꯄꯣꯔ#
> cobalt
= ꯀꯣꯕꯥꯜꯠ
< ꯀꯣꯕꯥꯜ#
> porterville
= ꯄꯣꯔꯇꯔꯕꯤꯜ
< ꯄꯣꯔꯇꯤꯔꯤꯂꯤꯤ#
> melbourne
= ꯃꯦꯜꯕꯣꯔꯟ
< ꯃꯦꯜꯕꯔꯅꯤ#
> senbi
= ꯁꯦꯟꯕꯤ
< ꯁꯦꯟꯕꯤ#
> liberty
= ꯂꯤꯕꯔꯇꯤ
< ꯂꯤꯕ꯭ꯔꯕꯤꯇ#
> chingshu
= ꯆꯤꯡꯁꯨ
< ꯆꯤꯡꯁꯨ#
> tilli
= ꯇꯤꯜꯂꯤ
< ꯇꯤꯜꯂꯤ#
> dibrugarh
= ꯗꯤꯕ꯭ꯔꯨꯒꯔ
< ꯕꯤꯒꯨꯗꯨꯔꯔ#
> fond
= ꯐꯣꯟꯗ
< ꯐꯣꯟꯗ#
> sunteck
= ꯁꯟꯇꯦꯛ
< ꯁꯨꯟꯇꯦꯛꯛ#
> baramula
= ꯕꯥꯔꯥꯃꯨꯂꯥ
< ꯕꯔꯥꯃꯨ#
> tumlibi
= ꯇꯨꯝꯂꯤꯕꯤ
< ꯇꯨꯝꯂꯤꯕꯤ#
> katta
= ꯀꯠꯇꯥ
< ꯀꯠꯇ#
> theinabagi
= ꯊꯩꯅꯕꯒꯤ
< ꯊꯩꯅꯕꯒꯤ#
> mesopotamiagi
= ꯃꯦꯁꯣꯄꯣꯇꯥꯃꯤꯌꯥꯒꯤ
< ꯃꯦꯁꯣꯣꯣꯣꯇꯥꯔꯌꯥꯒꯤ#
> haibadi
= ꯍꯥꯢꯕꯗꯤ
< ꯍꯥꯢꯕꯗꯤ#
> ngamkhidre
= ꯉꯝꯈꯤꯗ꯭ꯔꯦ
< ꯉꯝꯈꯤꯗ꯭ꯔꯦ#
> leikhidabadagi
= ꯂꯩꯈꯤꯗꯕꯗꯒꯤ
< ꯂꯩꯈꯤꯗꯕꯗꯒꯤ#
> avery
= ꯑꯦꯕꯔꯤ
< ꯑꯌꯦꯔ꯭ꯕꯤ#
> krueger
= ꯀ꯭ꯔꯨꯑꯦꯒꯔ
< ꯀ꯭ꯔꯦꯒꯤꯔ#
> thousand
= ꯊꯥꯎꯖꯟꯗ
< ꯊꯧꯁꯥꯟꯗ#
> robins
= ꯔꯣꯕꯤꯟꯁ
< ꯔꯣꯕꯤꯟꯁ#
> ithoi
= ꯏꯊꯣꯢ
< ꯏꯊꯣꯢ#
> procter
= ꯄ꯭ꯔꯣꯛꯇꯔ
< ꯄ꯭ꯔꯣꯇꯦꯛ#
> karli
= ꯀꯥꯔꯂꯤ
< ꯀꯥꯂꯤ#
> samukol
= ꯁꯃꯨꯀꯣꯜ
< ꯁꯃꯨꯀꯣꯜ#
> chico
= ꯆꯤꯀꯣ
< ꯆꯤꯀꯣ#
> asansol
= ꯑꯥꯁꯟꯁꯣꯜ
< ꯑꯁꯥꯟꯁꯣꯜ#
> waaheini
= ꯋꯥꯍꯩꯅꯤ
< ꯋꯥꯍꯩꯅꯤ#
> tambiba
= ꯇꯝꯕꯤꯕ
< ꯇꯝꯕꯤꯕ#
> goa
= ꯒꯧꯋꯥ
< ꯒꯣꯑꯥ#
> rasheed
= ꯔꯁꯤꯗ
< ꯔꯁꯦꯗ#
> prudential
= ꯄ꯭ꯔꯨꯗꯦꯟꯁꯤꯌꯜ
< ꯄ꯭ꯔꯨꯟꯗꯦꯦꯦꯢꯜꯥ#
> udhagamandalam
= ꯎꯙꯒꯃꯟꯗꯂꯝ
< ꯎꯗꯥꯏꯂꯝꯗꯝꯝ#
> anput
= ꯑꯟꯄꯨꯠ
< ꯑꯅꯟꯄꯨ#
> tourangbam
= ꯇꯧꯔꯥꯡꯕꯝ
< ꯇꯧꯔꯪꯕꯝ#
> rungta
= ꯔꯨꯡꯇꯥ
< ꯔꯨꯡꯇꯥ#
> amara
= ꯑꯃꯥꯔꯥ
< ꯑꯃꯔ#
> lepnakhibagi
= ꯂꯦꯞꯅꯈꯤꯕꯒꯤ
< ꯂꯦꯞꯅꯈꯤꯕꯒꯤ#
> sakei
= ꯁꯥꯀꯩ
< ꯁꯥꯀꯩ#
> shrivas
= ꯁ꯭ꯔꯤꯚꯥꯁ
< ꯁ꯭ꯔꯤꯕꯥꯁ#
> thoubalna
= ꯊꯧꯕꯥꯜꯅ
< ꯊꯧꯕꯥꯜꯅ#
> chahichadadi
= ꯆꯍꯤꯆꯥꯗꯗꯤ
< ꯆꯍꯤꯆꯥꯗꯗꯤ#
> shakkhangbidriba
= ꯁꯛꯈꯪꯕꯤꯗ꯭ꯔꯤꯕ
< ꯁꯛꯈꯪꯈꯤꯗꯔꯤꯕ#
> phek
= ꯐꯦꯛ
< ꯐꯦꯛ#
> lon
= ꯅꯣꯟ
< ꯂꯣꯟ#
> yaanaba
= ꯌꯥꯅꯕ
< ꯌꯥꯅꯕ#
> chaosangba
= ꯆꯥꯎꯁꯥꯡꯕ
< ꯆꯥꯎꯁꯪꯕ#
> chinagi
= ꯆꯤꯅꯥꯒꯤ
< ꯆꯤꯅꯥꯒꯤ#
> agdistis
= ꯑꯒꯗꯤꯁꯇꯤꯁ
< ꯑꯥꯖꯤꯁꯤꯗꯁꯤ#
> khumangi
= ꯈꯨꯃꯟꯒꯤ
< ꯈꯨꯃꯥꯟꯒꯤ#
> teamlease
= ꯇꯤꯝꯂꯤꯁ
< ꯇꯤꯝꯂꯥꯁꯦꯁ#
> chakrabortty
= ꯆꯀ꯭ꯔꯕꯣꯔꯇꯤ
< ꯆꯥꯀꯔꯥꯇꯣꯔ꯭ꯤꯤ#
> srinagar
= ꯁ꯭ꯔꯤꯅꯒꯔ
< ꯁꯤꯔꯅꯅꯔ#
> yaarani
= ꯌꯥꯔꯅꯤ
< ꯌꯥꯔꯅꯤ#
> suchi
= ꯁꯨꯆꯤ
< ꯁꯨꯆꯤ#
> humfutarataret
= ꯍꯨꯝꯐꯨꯇꯔꯥꯇꯔꯦꯠ
< ꯍꯨꯝꯐꯨꯇꯔꯥꯇꯔꯦꯠ#
> attraa
= ꯑꯠꯇ꯭ꯔꯥ
< ꯑꯇ꯭ꯔꯥꯥꯥꯥ#
> union
= ꯌꯨꯅꯤꯑꯟ
< ꯌꯨꯅꯤꯟꯟ#
> khumnaribi
= ꯈꯨꯝꯅꯔꯤꯕꯤ
< ꯈꯨꯝꯅꯔꯤꯕꯤ#
> potfam
= ꯄꯣꯠꯐꯝ
< ꯄꯣꯠꯐꯝ#
> nakpada
= ꯅꯛꯄꯗ
< ꯅꯛꯄꯗ#
> meeoi
= ꯃꯤꯑꯣꯢ
< ꯃꯤꯑꯣꯢ#
> fischer
= ꯐꯤꯁꯆꯔ
< ꯐꯤꯁꯆꯦ#
> maran
= ꯃꯔꯟ
< ꯃꯔꯥꯟ#
> thindoraki
= ꯊꯤꯟꯗꯣꯔꯛꯏ
< ꯊꯤꯟꯗꯣꯔꯛꯏ#
> shaakei
= ꯁꯥꯀꯩ
< ꯁꯥꯀꯩ#
> thinli
= ꯊꯤꯟꯂꯤ
< ꯊꯤꯟꯂꯤ#
> chingburoisinggi
= ꯆꯤꯡꯕꯨꯔꯣꯢꯁꯤꯡꯒꯤ
< ꯆꯤꯡꯕꯨꯔꯣꯕꯤꯁꯤꯡꯒꯤ#
> ibadubu
= ꯏꯕꯗꯨꯕꯨ
< ꯏꯕꯗꯨꯕꯨ#
> meeteisingna
= ꯃꯤꯇꯩꯁꯤꯡꯅ
< ꯃꯤꯇꯩꯁꯤꯡꯅ#
> sajina
= ꯁꯖꯤꯅ
< ꯁꯖꯤꯟꯅ#
> yennei
= ꯌꯦꯟꯅꯩ
< ꯌꯦꯟꯅꯩ#
> laangbi
= ꯂꯥꯡꯕꯤ
< ꯂꯥꯡꯕꯤ#
> jalpaiguri
= ꯖꯜꯄꯥꯢꯒꯨꯔꯤ
< ꯖꯜꯄꯥꯔꯒꯤꯤꯤ#
> thongdagi
= ꯊꯣꯡꯗꯒꯤ
< ꯊꯣꯡꯗꯒꯤ#
> phaktoklaga
= ꯐꯥꯛꯇꯣꯛꯂꯒ
< ꯐꯥꯛꯇꯣꯛꯂꯒ#
> wilkerson
= ꯋꯤꯜꯀꯔꯁꯟ
< ꯋꯤꯜꯀ꯭ꯔꯤꯁꯟ#
> solotkhaipam
= ꯁꯣꯂꯣꯠꯈꯥꯢꯄꯝ
< ꯁꯣꯂꯣꯠꯈꯤꯐꯝ#
> papers
= ꯄꯦꯄꯔꯁ
< ꯄꯥꯄꯔꯁ#
> nakshatra
= ꯅꯛꯁꯇ꯭ꯔ
< ꯅꯛꯁꯇꯔ#
> paanpaki
= ꯄꯥꯟꯄꯀꯤ
< ꯄꯥꯟꯄꯀꯤ#
> saraswatigi
= ꯁꯔꯁ꯭ꯋꯇꯤꯒꯤ
< ꯁꯔꯁꯥꯋꯇꯤꯒꯤ#
> chenningpaki
= ꯆꯦꯟꯅꯤꯡꯄꯀꯤ
< ꯆꯦꯟꯄꯤꯡꯀꯥꯤ#
> kheer
= ꯈꯤꯔ
< ꯈꯦꯔ#
> chattaba
= ꯆꯠꯇꯕ
< ꯆꯠꯇꯕ#
> khotnabagi
= ꯈꯣꯠꯅꯕꯒꯤ
< ꯈꯣꯠꯅꯕꯕꯤ#
> chavez
= ꯆꯥꯕꯦꯖ
< ꯆꯥꯓꯦ#
> cutler
= ꯀꯠꯂꯔ
< ꯀꯠꯂꯦꯔ#
> tripura
= ꯇ꯭ꯔꯤꯄꯨꯔꯥ
< ꯇ꯭ꯔꯤꯄꯨꯔꯥ#
> khanghannaba
= ꯈꯪꯍꯟꯅꯕ
< ꯈꯪꯪꯍꯟꯕ#
> varma
= ꯚꯔꯃ
< ꯚꯥꯔꯃ#
> bugalia
= ꯕꯨꯒꯥꯂꯤꯌꯥ
< ꯕꯨꯒꯥꯂꯤꯌꯥ#
> dwarikesh
= ꯗ꯭ꯋꯥꯔꯤꯀꯦꯁ
< ꯗ꯭ꯋꯥꯁꯤꯔꯁ#
> jivani
= ꯖꯤꯚꯥꯅꯤ
< ꯖꯤꯕꯅꯤ#
> taylorsville
= ꯇꯦꯂꯔꯁꯚꯤꯜ
< ꯇꯥꯌꯜꯂꯔꯕꯤꯁꯦꯠ#
> sheithai
= ꯁꯩꯊꯥꯢ
< ꯁꯩꯊꯥꯢ#
> phaahoubagi
= ꯐꯥꯍꯧꯕꯒꯤ
< ꯐꯥꯎꯍꯕꯒꯤ#
> lairikyenbamlol
= ꯂꯥꯢꯔꯤꯛꯌꯦꯟꯕꯝꯂꯣꯜ
< ꯂꯥꯢꯔꯤꯌꯦꯟꯂꯣꯣꯝꯕꯣꯜ#
> mukherjee
= ꯃꯨꯈꯔꯖꯤ
< ꯃꯨꯈ꯭ꯖꯦꯖꯦ#
> world
= ꯋꯔꯜꯗ
< ꯋꯣꯔꯗꯜ#
> thunglure
= ꯊꯨꯡꯂꯨꯔꯦ
< ꯊꯨꯡꯂꯨꯂꯦ#
> orissa
= ꯑꯣꯔꯤꯁꯥ
< ꯑꯣꯔꯤꯁꯁ#
> khanthakho
= ꯈꯟꯊꯈꯣ
< ꯈꯟꯊꯣꯛꯈ#
> boise
= ꯕꯣꯢꯁ
< ꯕꯣꯖꯤꯁ#
> palamba
= ꯄꯥꯂꯝꯕ
< ꯄꯥꯂꯝꯕ#
> mahoney
= ꯃꯍꯣꯅꯤ
< ꯃꯍꯣꯟꯦꯁ#
> ngaksennanaba
= ꯉꯥꯛꯁꯦꯟꯅꯅꯕ
< ꯉꯥꯛꯁꯦꯟꯅꯅꯕ#
> meeteilon
= ꯃꯤꯇꯩꯂꯣꯟ
< ꯃꯤꯇꯩꯂꯣꯟ#
> khangbidraba
= ꯈꯪꯕꯤꯗ꯭ꯔꯕ
< ꯈꯪꯕꯗ꯭ꯔꯤꯟ#
> international
= ꯏꯟꯇꯔꯅꯦꯁꯅꯦꯜ
< ꯏꯟꯇꯦꯅꯔꯅꯟꯇꯣꯍꯣꯜ#
> pikhi
= ꯄꯤꯈꯤ
< ꯄꯤꯈꯤ#
> potahallu
= ꯄꯣꯊꯥꯍꯜꯂꯨ
< ꯄꯣꯇꯥꯂꯜꯂ#
> khundariba
= ꯈꯨꯟꯗꯥꯔꯤꯕ
< ꯈꯨꯟꯗꯥꯔꯤꯕ#
> deo
= ꯗꯤꯑꯣ
< ꯗꯣꯑꯦ#
> dungarpur
= ꯗꯨꯡꯒꯔꯄꯨꯔ
< ꯗꯨꯡꯒꯥꯔꯨꯔ#
> rehman
= ꯔꯦꯍꯃꯟ
< ꯔꯦꯃꯟ#
> yenthoklaba
= ꯌꯦꯟꯊꯣꯛꯂꯕ
< ꯌꯦꯟꯊꯣꯛꯂꯕ#
> aditya
= ꯑꯥꯗꯤꯠꯇ꯭ꯌ
< ꯑꯗꯤꯠꯇ#
> gillette
= ꯖꯤꯂꯦꯠ
< ꯒꯤꯜꯃꯦꯠ#
> arshad
= ꯑꯔꯁꯗ
< ꯑꯔꯁꯗꯥꯗ#
> dhabi
= ꯙꯥꯕꯤ
< ꯙꯥꯕꯤ#
> azamgarh
= ꯑꯥꯖꯝꯒꯔ
< ꯑꯒꯥꯒꯔꯔ#
> iraqta
= ꯏꯔꯥꯛꯇ
< ꯏꯔꯥꯠꯇ#
> welding
= ꯋꯦꯜꯗꯤꯡ
< ꯋꯦꯜꯗꯤꯡ#
> dhar
= ꯙꯥꯔ
< ꯙꯔ#
> bishnupur
= ꯕꯤꯁꯅꯨꯄꯨꯔ
< ꯕꯤꯁꯅꯨꯗꯨꯔ#
> sunnyvale
= ꯁꯅꯤꯋꯦꯜ
< ꯁꯨꯟꯨꯚꯦꯅꯦ#
> rajnandgaon
= ꯔꯥꯖꯅꯟꯗꯒꯥꯎ
< ꯔꯥꯖꯅꯗꯗꯣꯟꯟ#
> marifumangaa
= ꯃꯔꯤꯐꯨꯃꯉꯥ
< ꯃꯔꯤꯐꯨꯃꯉꯥ#
> leisangthem
= ꯂꯩꯁꯥꯡꯊꯦꯝ
< ꯂꯩꯁꯥꯡꯊꯦꯝ#
> benson
= ꯕꯦꯟꯁꯟ
< ꯕꯦꯁꯅꯣꯟ#
> cherolna
= ꯆꯦꯔꯣꯜꯅ
< ꯀꯦꯔꯣꯜꯅ#
> yokhatpagi
= ꯌꯣꯈꯠꯄꯒꯤ
< ꯌꯣꯈꯠꯄꯒꯤ#
> chamba
= ꯆꯝꯕꯥ
< ꯆꯝꯕ#
> mediterranean
= ꯃꯦꯗꯤꯇꯔꯔꯦꯅꯤꯌꯟ
< ꯃꯦꯗꯦꯢꯔ꯭ꯔꯖꯦꯟ#
> sangagi
= ꯁꯥꯉꯥꯒꯤ
< ꯁꯥꯒꯥꯒꯤ#
> round
= ꯔꯥꯎꯟꯗ
< ꯔꯥꯟꯗ#
> nasreen
= ꯅꯁ꯭ꯔꯤꯟ
< ꯅꯥꯁꯦꯔꯦꯟ#
> lingkhatlami
= ꯂꯤꯡꯈꯠꯂꯝꯏ
< ꯂꯤꯡꯈꯠꯂꯩꯃ#
> utilities
= ꯌꯨꯇꯤꯂꯤꯇꯤꯁ
< ꯎꯇꯤꯂꯦꯁꯇꯦ#
> tehri
= ꯇꯦꯍꯔꯤ
< ꯇꯦꯍꯤꯔ#
> alhambra
= ꯑꯜꯍꯝꯕ꯭ꯔꯥ
< ꯑꯜꯥꯔꯕꯥꯔ#
> mcpherson
= ꯃꯛꯐꯔꯁꯟ
< ꯐꯦꯝꯁ꯭ꯔꯥꯟ#
> arellano
= ꯑꯔꯦꯂꯥꯅꯣ
< ꯑꯦꯔꯦꯜꯂꯣꯅꯣ#
> database
= ꯗꯥꯇꯥꯕꯦꯁ
< ꯗꯥꯥꯕꯁ#
> fullerton
= ꯐꯨꯂꯔꯇꯟ
< ꯐꯨꯜꯂꯦꯝꯇꯣꯟ#
> heisnam
= ꯍꯩꯁꯅꯥꯝ
< ꯍꯩꯁꯅꯝꯝ#
> lomle
= ꯂꯣꯝꯂꯦ
< ꯂꯣꯝꯂꯦ#
> ocoee
= ꯑꯣꯀꯣꯏ
< ꯑꯣꯁꯤꯑꯣ#
> baltimore
= ꯕꯥꯜꯇꯤꯃꯣꯔ
< ꯕꯥꯂꯤꯇꯔꯤꯣ#
> haibadagi
= ꯍꯥꯢꯕꯗꯒꯤ
< ꯍꯥꯢꯕꯗꯒꯤ#
> cochin
= ꯀꯣꯆꯤꯟ
< ꯀꯦꯆꯣꯟ#
> senthang
= ꯁꯦꯟꯊꯪ
< ꯁꯦꯟꯊꯥꯡ#
> phouba
= ꯐꯧꯕ
< ꯐꯧꯕ#
> euro
= ꯌꯨꯔꯣ
< ꯏꯌꯨꯔꯣ#
> chanei
= ꯆꯥꯅꯩ
< ꯆꯥꯅꯩ#
> thanjavur
= ꯊꯟꯖꯥꯕꯨꯔ
< ꯊꯥꯟꯖꯥꯨꯕ#
> orchha
= ꯑꯣꯔꯆꯥ
< ꯑꯣꯔꯆꯥ#
> mehendale
= ꯃꯦꯍꯦꯟꯗꯦꯜ
< ꯃꯦꯟꯌꯦꯗꯦ#
> ikha
= ꯏꯈꯥ
< ꯏꯈꯥ#
> danville
= ꯗꯦꯟꯚꯤꯜ
< ꯗꯥꯟꯤꯤꯜꯂꯦꯜ#
> estates
= ꯏꯁ꯭ꯇꯦꯠꯁ
< ꯏꯁꯦꯇꯦꯁ#
> maraktasu
= ꯃꯔꯛꯇꯁꯨ
< ꯃꯔꯥꯇꯁꯤꯨ#
> loubukta
= ꯂꯧꯕꯨꯛꯇ
< ꯂꯧꯕꯨꯛꯇ#
> siel
= ꯁꯤꯜ
< ꯁꯤꯜ#
> mahankmadaan
= ꯃꯍꯡꯛꯃꯗꯥꯟ
< ꯃꯍꯥꯟꯀꯥꯟꯗꯟ#
> michael
= ꯃꯥꯢꯀꯦꯜ
< ꯃꯤꯆꯦꯜ#
> nodesna
= ꯅꯣꯗꯁꯅ
< ꯅꯣꯗꯦꯁꯅ#
> kettering
= ꯀꯦꯠꯇꯔꯤꯡ
< ꯀꯦꯠꯇꯔꯤꯡ#
> minungsi
= ꯃꯤꯅꯨꯡꯁꯤ
< ꯃꯤꯅꯨꯡꯁꯤ#
> jones
= ꯖꯣꯟꯁ
< ꯖꯣꯅꯁꯁ#
> humfunipaan
= ꯍꯨꯝꯐꯨꯅꯤꯄꯥꯟ
< ꯍꯨꯝꯐꯨꯅꯤꯄꯥꯟ#
> leimaida
= ꯂꯩꯃꯥꯢꯗ
< ꯂꯩꯃꯗꯤ#
> estes
= ꯏꯁꯇꯤꯁ
< ꯏꯁꯦꯠꯁ#
> colombiagi
= ꯀꯣꯂꯣꯝꯕꯤꯌꯥꯒꯤ
< ꯀꯣꯂꯤꯕꯤꯒꯤꯤ#
> carey
= ꯀꯦꯔꯤ
< ꯀꯦꯔꯤ#
> sweeney
= ꯁ꯭ꯋꯤꯅꯤ
< ꯁ꯭ꯌ꯭ꯋꯦꯅ꯭#
> faraba
= ꯐꯥꯔꯕ
< ꯐꯥꯔꯕ#
> pradesh
= ꯄ꯭ꯔꯗꯦꯁ
< ꯄ꯭ꯔꯗꯦꯁ#
> manipur
= ꯃꯅꯤꯄꯨꯔ
< ꯃꯅꯤꯄꯨꯔ#
> khngnaraba
= ꯈꯪꯅꯔꯕ
< ꯈꯪꯅꯔꯕ#
> lonsingdi
= ꯂꯣꯟꯁꯤꯡꯗꯤ
< ꯂꯣꯟꯁꯤꯡꯗꯤ#
> yumlingngi
= ꯌꯨꯝꯂꯤꯡꯉꯤ
< ꯌꯨꯝꯂꯤꯡꯉꯤ#
> evanston
= ꯑꯦꯕꯟꯁꯇꯟ
< ꯏꯕꯥꯟꯇꯣꯟꯟ#
> marifumaapan
= ꯃꯔꯤꯐꯨꯃꯥꯄꯟ
< ꯃꯔꯤꯐꯨꯃꯥꯄꯟ#
> hanumangarh
= ꯍꯅꯨꯃꯥꯟꯒꯔ
< ꯍꯅꯨꯃꯥꯥꯍꯟ#
> crest
= ꯀ꯭ꯔꯦꯁꯠ
< ꯀ꯭ꯔꯤꯁ#
> villa
= ꯚꯤꯜꯂꯥ
< ꯚꯤꯂꯂꯥ#
> marcos
= ꯃꯥꯔꯀꯣꯁ
< ꯃꯔꯀꯣꯁ#
> ramkrishna
= ꯔꯥꯝꯀ꯭ꯔꯤꯁꯅ
< ꯔꯥꯛꯀ꯭ꯔꯤꯅ#
> brahmapur
= ꯕ꯭ꯔꯍꯃꯄꯨꯔ
< ꯕ꯭ꯔꯥꯃꯨꯨꯔ#
> utpani
= ꯎꯠꯄꯅꯤ
< ꯎꯠꯄꯅꯤ#
> flint
= ꯐ꯭ꯂꯤꯟꯠ
< ꯐ꯭ꯂꯤꯟ#
> majesco
= ꯃꯖꯦꯁꯀꯣ
< ꯃꯥꯖꯦꯁ#
> adusu
= ꯑꯗꯨꯁꯨ
< ꯑꯗꯨꯁꯨ#
> maangbaraa
= ꯃꯥꯡꯕꯔꯥ
< ꯃꯥꯡꯕꯔꯥ#
> eaton
= ꯏꯇꯟ
< ꯏꯇꯥꯣꯣꯟ#
> and
= ꯑꯦꯟꯗ
< ꯑꯥꯟꯗ#
> reese
= ꯔꯤꯁ
< ꯔꯤꯁꯦ#
> shajik
= ꯁꯖꯤꯛ
< ꯁꯖꯤꯛ#
> natraga
= ꯅꯇ꯭ꯔꯒ
< ꯅꯥꯇ꯭ꯔꯥ#
> nungsiraba
= ꯅꯨꯡꯁꯤꯔꯕ
< ꯅꯨꯡꯁꯤꯔꯕ#
> yinyangsi
= ꯌꯤꯟꯌꯥꯡꯁꯤ
< ꯌꯤꯟꯁꯥꯡꯁꯤ#
> leirese
= ꯂꯩꯔꯦꯁꯦ
< ꯂꯩꯔꯦꯁꯦ#
> webb
= ꯋꯦꯕ
< ꯋꯦꯕꯦ#
> chetan
= ꯆꯦꯇꯟ
< ꯆꯦꯇꯥꯟ#
> vista
= ꯚꯤꯁꯇꯥ
< ꯚꯤꯁꯇ#
> naoshekpam
= ꯅꯥꯎꯁꯦꯛꯄꯝ
< ꯅꯥꯎꯁꯦꯛꯄꯥ#
> polaang
= ꯄꯣꯂꯥꯡ
< ꯄꯣꯂꯥꯡ#
> athak
= ꯑꯊꯛ
< ꯑꯊꯛ#
> maapangi
= ꯃꯥꯄꯟꯒꯤ
< ꯃꯥꯄꯥꯟꯒꯤ#
> thaagonnaba
= ꯊꯥꯒꯣꯟꯅꯕ
< ꯊꯥꯒꯣꯟꯅꯕ#
> khaliq
= ꯈꯥꯂꯤꯛ
< ꯈꯂꯤꯛ#
> heishnam
= ꯍꯩꯁꯅꯥꯝ
< ꯍꯩꯁ꯭ꯅꯥꯝ#
> dhindhwal
= ꯙꯤꯟꯙꯋꯥꯜ
< ꯙꯤꯟꯗꯥꯍꯦ#
> lepkhiba
= ꯂꯦꯞꯈꯤꯕ
< ꯂꯦꯞꯄꯤꯈ#
> loki
= ꯂꯣꯀꯤ
< ꯂꯣꯛꯏ#
> davidson
= ꯗꯦꯕꯤꯗꯁꯟ
< ꯗꯥꯕꯤꯁꯤꯁꯟ#
> infobeans
= ꯏꯟꯐꯣꯕꯤꯟꯁ
< ꯏꯟꯐꯣꯟꯕꯦꯁ#
> napa
= ꯅꯥꯄꯥ
< ꯅꯥꯄ#
> chaasi
= ꯆꯥꯁꯤ
< ꯆꯥꯁꯤ#
> newark
= ꯅꯤꯎꯑꯔꯛ
< ꯅꯦꯋꯥꯛ#
> rivas
= ꯔꯤꯚꯥꯁ
< ꯔꯤꯕꯥꯁ#
> combs
= ꯀꯣꯝꯁ
< ꯀꯝꯕꯁ#
> furuki
= ꯐꯨꯔꯨꯀꯤ
< ꯐꯨꯔꯨꯛꯏ#
> chingshaang
= ꯆꯤꯡꯁꯥꯡ
< ꯆꯤꯡꯁꯪ#
> kentwood
= ꯀꯦꯟꯠꯋꯨꯗ
< ꯀꯦꯟꯇꯣꯟꯣꯗ#
> chaorammi
= ꯆꯥꯎꯔꯝꯃꯤ
< ꯆꯥꯎꯃꯝꯃꯤ#
> houba
= ꯍꯧꯕ
< ꯍꯧꯕ#
> navkar
= ꯅꯚꯀꯥꯔ
< ꯅꯥꯚꯔꯕ#
> houi
= ꯍꯧꯏ
< ꯍꯧꯏ#
> yeithokkhi
= ꯌꯩꯊꯣꯛꯈꯤ
< ꯌꯩꯊꯣꯛꯈꯤ#
> faahanli
= ꯐꯥꯍꯟꯂꯤ
< ꯐꯥꯍꯟꯂꯤ#
> chathallakpa
= ꯆꯠꯍꯜꯂꯛꯄ
< ꯆꯜꯂꯛꯄꯄ#
> gandharigi
= ꯒꯥꯟꯙꯥꯔꯤꯒꯤ
< ꯒꯥꯟꯗꯔꯔꯤꯤ#
> mermaidsinggi
= ꯃꯔꯃꯦꯗꯁꯤꯡꯒꯤ
< ꯃꯔꯃꯦꯀꯥꯢꯁꯤꯡꯒꯤ#
> cigniti
= ꯁꯤꯒꯅꯤꯇꯤ
< ꯀꯤꯅꯣꯤꯤꯤ#
> taipangpal
= ꯇꯥꯢꯄꯪꯄꯥꯜ
< ꯇꯥꯢꯄꯪꯄꯥꯜ#
> oracle
= ꯑꯣꯔꯦꯀꯜ
< ꯑꯣꯔꯛꯂꯦ#
> shaji
= ꯁꯥꯖꯤ
< ꯁꯖꯤ#
> khanlaba
= ꯈꯟꯂꯕ
< ꯈꯟꯂꯕ#
> nongchup
= ꯅꯣꯡꯆꯨꯞ
< ꯅꯣꯡꯆꯨꯞ#
> famgi
= ꯐꯝꯒꯤ
< ꯐꯝꯒꯤ#
> thamfamni
= ꯊꯝꯐꯝꯅꯤ
< ꯊꯝꯝꯝꯅꯤ#
> singha
= ꯁꯤꯡꯍꯥ
< ꯁꯤꯡꯍ#
> rosemead
= ꯔꯣꯁꯃꯤꯗ
< ꯔꯣꯁꯦꯝꯌ#
> yengkhatpa
= ꯌꯦꯡꯈꯠꯄ
< ꯌꯦꯡꯈꯠꯄ#
> kakwa
= ꯀꯛꯋꯥ
< ꯀꯥꯛ#
> chada
= ꯆꯥꯗꯥ
< ꯆꯥꯗ#
> winter
= ꯋꯤꯟꯇꯔ
< ꯋꯤꯟꯇꯦꯋ#
> waangkhi
= ꯋꯥꯡꯈꯤ
< ꯋꯥꯡꯈꯤ#
> laihuida
= ꯂꯥꯢꯍꯨꯢꯗ
< ꯂꯥꯢꯍꯨꯗ#
> ayaambagi
= ꯑꯌꯥꯝꯕꯒꯤ
< ꯑꯌꯥꯝꯕꯒꯤ#
> agrahari
= ꯑꯒ꯭ꯔꯍꯔꯤ
< ꯑꯥꯒꯔꯔꯔꯤ#
> saharan
= ꯁꯍꯥꯔꯥꯟ
< ꯁꯥꯍꯔꯟ#
> phenix
= ꯐꯦꯅꯤꯛꯁ
< ꯐꯦꯅꯤꯛ#
> falls
= ꯐꯣꯜꯁ
< ꯐꯥꯜꯁ#
> amadani
= ꯑꯃꯗꯅꯤ
< ꯑꯃꯗꯅꯤ#
> pukhrambam
= ꯄꯨꯈ꯭ꯔꯝꯕꯝ
< ꯄꯨꯈ꯭ꯔꯝꯕꯝ#
> priyadarshini
= ꯄ꯭ꯔꯤꯌꯥꯗꯔꯁꯤꯅꯤ
< ꯄ꯭ꯔꯤꯌꯥꯗꯥꯥꯅꯤꯤ#
> vikram
= ꯕꯤꯀ꯭ꯔꯝ
< ꯚꯤꯛꯔꯥꯝ#
> israel
= ꯏꯖ꯭ꯔꯦꯜ
< ꯏꯔꯦꯜꯜ#
> meesingni
= ꯃꯤꯁꯤꯡꯅꯤ
< ꯃꯤꯁꯤꯡꯅꯤ#
> hdfc
= ꯑꯩꯆꯗꯤꯑꯦꯐꯁꯤ
< ꯍꯦꯛꯁ#
> laibakki
= ꯂꯥꯢꯕꯛꯀꯤ
< ꯂꯥꯢꯕꯛꯀꯤ#
> siyang
= ꯁꯤꯌꯥꯡ
< ꯁꯤꯌꯥꯡ#
> nizamat
= ꯅꯤꯓꯥꯃꯠ
< ꯅꯤꯖꯃꯥꯠ#
> gopal
= ꯒꯣꯄꯥꯜ
< ꯒꯣꯄꯥꯜ#
> klein
= ꯀ꯭ꯂꯦꯟ
< ꯀꯦꯂꯦꯟ#
> kanglupna
= ꯀꯥꯡꯂꯨꯞꯅ
< ꯀꯥꯡꯂꯨꯞꯅ#
> bismarck
= ꯕꯤꯖꯃꯥꯔꯛ
< ꯕꯤꯁꯃꯔꯤꯌꯦꯛ#
> betul
= ꯕꯦꯇꯨꯜ
< ꯕꯦꯇꯦꯜ#
> khong
= ꯈꯣꯡ
< ꯈꯣꯡ#
> barman
= ꯕꯔꯃꯟ
< ꯕꯥꯔꯃꯟ#
> fampaalda
= ꯐꯝꯄꯥꯜꯗ
< ꯐꯝꯄꯥꯜꯗ#
> singtamni
= ꯁꯤꯡꯇꯝꯅꯤ
< ꯁꯤꯡꯇꯝꯅꯤ#
> simulated
= ꯁꯤꯃꯨꯂꯦꯇꯦꯗ
< ꯁꯤꯃꯨꯂꯂꯇꯦ#
> eastvale
= ꯏꯁꯠꯚꯦꯜ
< ꯏꯁꯥꯠꯇꯦꯦ#
> sovettagi
= ꯁꯣꯚꯦꯠꯇꯒꯤ
< ꯁꯣꯚꯦꯠꯇꯤꯒ#
> freeman
= ꯐ꯭ꯔꯤꯃꯦꯟ
< ꯐ꯭ꯔꯦꯃꯟ#
> shakhenba
= ꯁꯛꯍꯦꯟꯕ
< ꯁꯥꯦꯦꯟꯕ#
> ningthijana
= ꯅꯤꯡꯊꯤꯖꯅ
< ꯅꯤꯡꯊꯤꯅꯅ#
> kenner
= ꯀꯦꯟꯅꯔ
< ꯀꯦꯟꯅꯔꯦ#
> lake
= ꯂꯦꯛ
< ꯂꯥꯀꯦ#
> computerna
= ꯀꯝꯄꯨꯇꯔꯅ
< ꯀꯝꯄꯇꯔꯅꯅ#
> waaheisingsigi
= ꯋꯥꯍꯩꯁꯤꯡꯁꯤꯒꯤ
< ꯋꯥꯍꯩꯁꯤꯡꯒꯤꯒꯤ#
> turkey
= ꯇꯔꯀꯤ
< ꯇꯨꯔꯦꯛ#
> ebada
= ꯏꯕꯗ
< ꯏꯕꯗ#
> hourakkhare
= ꯍꯧꯔꯛꯈꯔꯦ
< ꯍꯧꯔꯛꯈꯔꯦ#
> chandler
= ꯆꯦꯟꯗ꯭ꯂꯔ
< ꯆꯟꯟꯗ꯭ꯔꯔ#
> ratlam
= ꯔꯠꯂꯥꯝ
< ꯔꯥꯠꯂꯝ#
> laiphamsing
= ꯂꯥꯢꯐꯝꯁꯤꯡ
< ꯂꯥꯢꯐꯝꯁꯤꯡ#
> jose
= ꯍꯣꯁꯦ
< ꯖꯣꯁꯤ#
> ghaziabad
= ꯘꯥꯖꯤꯑꯥꯕꯥꯗ
< ꯒꯖꯥꯢꯕꯗ#
> guwahati
= ꯒꯨꯋꯥꯍꯥꯇꯤ
< ꯒꯨꯋꯥꯠꯤ#
> aegis
= ꯑꯦꯖꯤꯁ
< ꯑꯏꯖꯁ#
> ngakthoki
= ꯉꯥꯛꯊꯣꯛꯏ
< ꯉꯥꯛꯊꯣꯛꯏ#
> galileo
= ꯒꯦꯂꯤꯂꯤꯑꯣ
< ꯒꯦꯂꯤꯂꯖ#
> sinnakhi
= ꯁꯤꯟꯅꯈꯤ
< ꯁꯤꯟꯅꯈꯤ#
> airtel
= ꯑꯦꯔꯇꯦꯜ
< ꯑꯏꯔꯇꯦꯜ#
> dhuburi
= ꯙꯨꯕꯔꯤ
< ꯙꯨꯕꯨꯔꯤ#
> laanna
= ꯂꯥꯟꯅ
< ꯂꯥꯟꯅ#
> khungi
= ꯈꯨꯟꯒꯤ
< ꯈꯨꯡꯏ#
> mapapu
= ꯃꯄꯥꯄꯨ
< ꯃꯄꯥꯄꯨ#
> eningthou
= ꯏꯅꯤꯡꯊꯧ
< ꯏꯅꯤꯡꯊꯧ#
> marry
= ꯃꯦꯔꯤ
< ꯃꯔꯔꯤ#
> burhanpur
= ꯕꯨꯔꯍꯥꯟꯄꯨꯔ
< ꯕꯨꯔꯥꯟꯨꯔꯔ#
> khundaba
= ꯈꯨꯟꯗꯕ
< ꯈꯨꯟꯗꯥꯕ#
> pokhriyal
= ꯄꯣꯈ꯭ꯔꯤꯌꯜ
< ꯄꯣꯈ꯭ꯔꯤꯌꯜ#
> kohima
= ꯀꯣꯍꯤꯃꯥ
< ꯀꯣꯍꯤꯃ#
> thellon
= ꯊꯦꯜꯂꯣꯟ
< ꯊꯦꯜꯂꯣꯟ#
> purnia
= ꯄꯨꯔꯅꯤꯑꯥ
< ꯄꯨꯔꯤꯅꯤ#
> apakngada
= ꯑꯄꯛꯉꯥꯗ
< ꯑꯄꯛꯪꯉꯥ#
> arena
= ꯑꯔꯤꯅ
< ꯑꯔꯦꯅꯥ#
> laipubam
= ꯂꯥꯢꯄꯨꯕꯝ
< ꯂꯥꯢꯄꯨꯕꯝ#
> chirang
= ꯆꯤꯔꯥꯡ
< ꯆꯤꯔꯥꯡ#
> adutani
= ꯑꯗꯨꯇꯅꯤ
< ꯑꯗꯨꯇꯥꯅꯤ#
> mariphumanga
= ꯃꯔꯤꯐꯨꯃꯉꯥ
< ꯃꯔꯤꯐꯨꯃꯉꯥ#
> outage
= ꯑꯥꯎꯇꯦꯖ
< ꯑꯧꯇꯥꯦ#
> tinplate
= ꯇꯤꯟꯄ꯭ꯂꯦꯠ
< ꯇꯤꯟꯂꯦꯠꯄ#
> chinggi
= ꯆꯤꯡꯒꯤ
< ꯆꯤꯡꯒꯤ#
> lainupa
= ꯂꯥꯢꯅꯨꯄꯥ
< ꯂꯥꯢꯅꯨꯄ#
> nucleus
= ꯅ꯭ꯌꯨꯀ꯭ꯂꯤꯌꯁ
< ꯅꯨꯛꯂꯦꯁ#
> laanmeena
= ꯂꯥꯟꯃꯤꯅ
< ꯂꯥꯟꯃꯤꯅ#
> asengbadi
= ꯑꯁꯦꯡꯕꯗꯤ
< ꯑꯁꯦꯡꯕꯗꯤ#
> quintero
= ꯀ꯭ꯋꯤꯟꯇꯦꯔꯣ
< ꯀꯤꯢꯇꯣꯅꯣ#
> springfield
= ꯁ꯭ꯄ꯭ꯔꯤꯡꯐꯤꯜꯗ
< ꯁ꯭ꯄꯤꯔꯤꯟꯐꯤꯜ#
> tayde
= ꯇꯦꯗ
< ꯇꯥꯗꯦꯦ#
> bass
= ꯕꯦꯁ
< ꯕꯥꯁ#
> sada
= ꯁꯥꯗ
< ꯁꯥꯗ#
> wamang
= ꯋꯥꯃꯪ
< ꯋꯥꯃꯪ#
> lakpham
= ꯂꯥꯛꯐꯝ
< ꯂꯥꯛꯐꯝ#
> thaangbadi
= ꯊꯥꯡꯕꯗꯤ
< ꯊꯥꯡꯕꯗꯤ#
> montebello
= ꯃꯣꯟꯇꯤꯕꯦꯂꯣ
< ꯃꯣꯟꯇꯦꯂꯦꯜꯕꯣ#
> sathiraba
= ꯁꯥꯊꯤꯔꯕ
< ꯁꯥꯊꯤꯔꯕ#
> mandadi
= ꯃꯟꯗꯗꯤ
< ꯃꯥꯟꯗꯥꯗꯤ#
> jain
= ꯖꯦꯟ
< ꯖꯥꯢꯟ#
> warahi
= ꯋꯥꯔꯥꯍꯤ
< ꯋꯥꯔꯤ#
> dhanbad
= ꯙꯟꯕꯥꯗ
< ꯕꯥꯟꯗ#
> paaba
= ꯄꯥꯕ
< ꯄꯥꯕ#
> sadrisibo
= ꯁꯥꯗ꯭ꯔꯤꯁꯤꯕꯣ
< ꯁꯥꯗ꯭ꯔꯤꯁꯤꯕꯣ#
> somany
= ꯁꯣꯃꯥꯅꯤ
< ꯁꯣꯃꯥꯤ#
> oiringei
= ꯑꯣꯢꯔꯤꯉꯩ
< ꯑꯣꯢꯔꯩꯉꯩ#
> sellers
= ꯁꯦꯂꯔꯁ
< ꯁꯦꯜꯂꯔꯁ#
> luchingduna
= ꯂꯨꯆꯤꯡꯗꯨꯅ
< ꯂꯨꯆꯤꯟꯗꯨꯅ#
> yangoijam
= ꯌꯥꯡꯒꯣꯢꯖꯝ
< ꯌꯥꯉꯣꯖꯖꯩ#
> yotlina
= ꯌꯣꯠꯂꯤꯅ
< ꯌꯣꯠꯂꯤꯅ#
> frederick
= ꯐ꯭ꯔꯦꯗꯔꯤꯛ
< ꯐ꯭ꯔꯦꯗꯀꯤꯗꯦꯛꯛ#
> funggawarising
= ꯐꯨꯡꯒꯥꯋꯥꯔꯤꯁꯤꯡ
< ꯐꯪꯒꯥꯋꯥꯔꯁꯤꯡ#
> bhawaani
= ꯚꯋꯥꯅꯤ
< ꯚ꯭ꯋꯥꯅꯤ#
> khandelwal
= ꯈꯟꯗꯦꯜꯋꯥꯜ
< ꯈꯟꯗꯦꯜꯋꯥ#
> euro
= ꯏꯎꯔꯣ
< ꯏꯌꯨꯑꯣ#
> potlamsinggi
= ꯄꯣꯠꯂꯝꯁꯤꯡꯒꯤ
< ꯄꯣꯠꯂꯝꯁꯤꯡꯒꯤ#
> shaknari
= ꯁꯛꯅꯔꯤ
< ꯁꯛꯅꯔꯤ#
> maheshwar
= ꯃꯍꯦꯁ꯭ꯋꯔ
< ꯃꯍꯦꯁꯋꯔ#
> foro
= ꯐꯣꯔꯣ
< ꯐꯣꯔꯣ#
> kangleipakpu
= ꯀꯪꯂꯩꯄꯥꯛꯄꯨ
< ꯀꯪꯂꯩꯄꯥꯛꯄ#
> chase
= ꯆꯦꯁ
< ꯆꯥꯁꯦ#
> kramer
= ꯀ꯭ꯔꯦꯃꯔ
< ꯀ꯭ꯔꯥꯃꯦ#
> nandinagari
= ꯅꯟꯗꯤꯅꯥꯒꯔꯤ
< ꯅꯥꯟꯗꯤꯔꯥꯔꯤ#
> sheopur
= ꯁꯤꯑꯣꯄꯨꯔ
< ꯁꯣꯄꯄꯔ#
> tamlibasing
= ꯇꯝꯂꯤꯕꯁꯤꯡ
< ꯇꯝꯂꯤꯕꯁꯤꯡ#
> balrampur
= ꯕꯜꯔꯥꯝꯄꯨꯔ
< ꯕꯥꯜꯔꯥꯝꯄꯨꯔ#
> skipper
= ꯁ꯭ꯀꯤꯄꯔ
< ꯁꯤꯄ꯭ꯔꯤꯄ#
> dwevedi
= ꯗ꯭ꯋꯤꯚꯦꯗꯤ
< ꯗ꯭ꯋꯦꯦꯗꯤ#
> fou
= ꯐꯧ
< ꯐꯧ#
> mariphumaapan
= ꯃꯔꯤꯐꯨꯃꯥꯄꯟ
< ꯃꯔꯤꯐꯨꯃꯥꯄꯟ#
> thaapham
= ꯊꯥꯐꯝ
< ꯊꯥꯐꯝ#
> taohuireng
= ꯇꯥꯎꯍꯨꯢꯔꯦꯡ
< ꯇꯥꯎꯍꯔꯤꯡ#
> howe
= ꯍꯣꯋꯤ
< ꯍꯣꯋꯦ#
> shaaphu
= ꯁꯥꯐꯨ
< ꯁꯥꯐꯨ#
> pamjaba
= ꯄꯥꯝꯖꯕ
< ꯄꯥꯝꯖꯕ#
> indiabulls
= ꯏꯟꯗꯤꯑꯥꯕꯨꯜꯁ
< ꯏꯟꯗꯨꯂꯕꯤꯁꯤꯁ#
> honeywell
= ꯍꯅꯤꯋꯦꯜ
< ꯍꯣꯅꯤꯦꯜꯦꯜ#
> thaadoklamlaga
= ꯊꯥꯗꯣꯛꯂꯝꯂꯒ
< ꯊꯥꯗꯣꯛꯂꯣꯂꯒ#
> sagatlammi
= ꯁꯥꯒꯠꯂꯝꯃꯤ
< ꯁꯒꯠꯂꯝꯃꯃꯤ#
> pong
= ꯄꯣꯡ
< ꯄꯣꯡ#
> babur
= ꯕꯥꯕꯔ
< ꯕꯥꯕꯨꯔ#
> bareli
= ꯕꯔꯦꯂꯤ
< ꯕꯔꯦꯂꯤ#
> cheiraochingda
= ꯆꯩꯔꯥꯎꯆꯤꯡꯗ
< ꯀꯩꯔꯥꯆꯆꯤꯡꯗ#
> ingraj
= ꯏꯟꯒ꯭ꯔꯥꯖ
< ꯏꯪꯔꯖ#
> punge
= ꯄꯨꯟꯒꯦ
< ꯄꯨꯡꯉꯦ#
> paanari
= ꯄꯥꯅꯔꯤ
< ꯄꯥꯅꯔꯤ#
> neal
= ꯅꯤꯜ
< ꯅꯤꯌꯜꯜ#
> yaangkheinipaan
= ꯌꯥꯡꯈꯩꯅꯤꯄꯥꯟ
< ꯌꯥꯡꯈꯩꯅꯤꯄꯥꯟ#
> balaji
= ꯕꯥꯂꯥꯖꯤ
< ꯕꯥꯖꯥꯂꯤ#
> chayetnagalli
= ꯆꯌꯦꯠꯅꯒꯜꯂꯤ
< ꯆꯌꯦꯠꯅꯂꯂꯂꯤ#
> rancho
= ꯔꯥꯟꯆꯣ
< ꯔꯥꯟꯆꯣ#
> tumbada
= ꯇꯨꯝꯕꯗ
< ꯇꯨꯝꯕꯗ#
> waaheina
= ꯋꯥꯍꯩꯅ
< ꯋꯥꯍꯩꯅ#
> ion
= ꯑꯥꯌꯟ
< ꯏꯑꯣꯟ#
> emaalonbu
= ꯏꯃꯥꯂꯣꯟꯕꯨ
< ꯏꯃꯥꯂꯣꯟꯕꯨ#
> waterloo
= ꯋꯥꯇꯔꯂꯨ
< ꯋꯥꯇꯔꯣꯣꯂꯣ#
> uthokchaba
= ꯎꯊꯣꯛꯆꯕ
< ꯎꯣꯛꯆꯕ#
> cerebra
= ꯁꯦꯔꯦꯕ꯭ꯔꯥ
< ꯁꯦꯔꯔꯕ#
> amar
= ꯑꯃꯔ
< ꯑꯃꯥꯔ#
> angelo
= ꯑꯦꯟꯖꯦꯂꯣ
< ꯑꯦꯡꯂꯣ#
> mayekna
= ꯃꯌꯦꯛꯅ
< ꯃꯌꯦꯛꯅ#
> tate
= ꯇꯦꯠ
< ꯇꯦꯦ#
> paomi
= ꯄꯥꯎꯃꯤ
< ꯄꯥꯎꯃꯤ#
> sangrur
= ꯁꯪꯒ꯭ꯔꯨꯔ
< ꯁꯪꯡꯔꯨ#
> kaanglupsigi
= ꯀꯥꯡꯂꯨꯞꯁꯤꯒꯤ
< ꯀꯥꯡꯂꯨꯞꯁꯤꯒꯤ#
> latpaki
= ꯂꯥꯠꯄꯀꯤ
< ꯂꯥꯠꯄꯀꯤ#
> khammam
= ꯈꯝꯃꯝ
< ꯈꯝꯃꯝꯃ#
> sikar
= ꯁꯤꯀꯥꯔ
< ꯁꯤꯀꯔ#
> madina
= ꯃꯗꯤꯅꯥ
< ꯃꯗꯤꯟꯅ#
> darbhanga
= ꯗꯔꯚꯪꯒꯥ
< ꯗꯥꯔꯪꯒ#
> pletoga
= ꯄ꯭ꯂꯦꯇꯣꯒ
< ꯄ꯭ꯂꯦꯁꯇꯣꯒ#
> summerville
= ꯁꯃꯔꯚꯤꯜ
< ꯁꯨꯝꯃꯤꯔꯕꯤꯂꯦ#
> waco
= ꯋꯥꯀꯣ
< ꯋꯥꯀꯣ#
> waakat
= ꯋꯥꯀꯠ
< ꯋꯥꯀꯠ#
> khatri
= ꯈꯇ꯭ꯔꯤ
< ꯈꯥꯇ꯭ꯔꯤ#
> asamiya
= ꯑꯁꯥꯃꯤꯌꯥ
< ꯑꯁꯥꯃꯤꯌꯥ#
> phahoubagi
= ꯐꯥꯍꯧꯕꯒꯤ
< ꯐꯍꯧꯕꯒꯤ#
> semsaaba
= ꯁꯦꯝꯁꯥꯕ
< ꯁꯦꯝꯁꯥꯕ#
> iribasingsidagi
= ꯏꯔꯤꯕꯁꯤꯡꯁꯤꯗꯒꯤ
< ꯏꯔꯤꯕꯁꯤꯡꯗꯒꯤꯗꯤ#
> hollywood
= ꯍꯣꯜꯂꯤꯋꯨꯗ
< ꯍꯣꯜꯂꯦꯌꯦꯣꯗ#
> pothaahallu
= ꯄꯣꯊꯥꯍꯜꯂꯨ
< ꯄꯣꯊꯥꯂꯨꯜ#
> cheni
= ꯆꯦꯅꯤ
< ꯆꯦꯅꯤ#
> adkins
= ꯑꯦꯗꯀꯤꯟꯁ
< ꯑꯗꯛꯏꯁꯟꯁ#
> garcia
= ꯒꯥꯔꯁꯤꯑꯥ
< ꯒꯥꯔꯤꯌꯥ#
> lindsey
= ꯂꯤꯟꯗꯁꯤ
< ꯂꯤꯟꯗꯦꯁ#
> sumter
= ꯁꯝꯇꯔ
< ꯁꯨꯝꯇꯔꯦ#
> makhel
= ꯃꯈꯦꯜ
< ꯃꯈꯦꯜ#
> kampleks
= ꯀꯝꯄ꯭ꯂꯦꯛꯁ
< ꯀꯝꯄ꯭ꯂꯦꯛꯁ#
> leipakna
= ꯂꯩꯄꯥꯛꯅ
< ꯂꯩꯄꯥꯛꯅ#
> koukhi
= ꯀꯧꯈꯤ
< ꯀꯧꯈꯤ#
> styrolution
= ꯁ꯭ꯇꯥꯢꯔꯣꯂꯨꯁꯟ
< ꯁ꯭ꯔꯇꯣꯖꯣꯃꯦꯟꯠꯛ#
> samaddar
= ꯁꯥꯃꯥꯗꯥꯔ
< ꯁꯥꯃꯗ꯭ꯔ#
> ellison
= ꯏꯂꯤꯁꯟ
< ꯏꯜꯂꯦꯁꯤꯟ#
> meetana
= ꯃꯤꯇꯅ
< ꯃꯤꯇꯅ#
> stafford
= ꯁ꯭ꯇꯦꯐꯣꯔꯗ
< ꯁꯦꯐꯐꯣꯔꯗ#
> kuantum
= ꯀꯨꯑꯥꯟꯇꯝ
< ꯀꯨꯟꯇꯥꯇ#
> raiganj
= ꯔꯥꯢꯒꯟꯖ
< ꯔꯥꯒꯟꯗꯓ#
> huntsville
= ꯍꯟꯠꯁꯚꯤꯜ
< ꯍꯨꯟꯇꯤꯟꯂꯦꯜ#
> lup
= ꯂꯨꯞ
< ꯂꯨꯞ#
> budge
= ꯕꯗꯖ
< ꯕꯨꯒꯦꯗ#
> tekhao
= ꯇꯦꯈꯥꯎ
< ꯇꯦꯛꯍꯥꯎ#
> pharaba
= ꯐꯥꯔꯕ
< ꯐꯥꯔꯕ#
> cambridge
= ꯀꯦꯝꯕ꯭ꯔꯤꯖ
< ꯀꯦꯝꯕ꯭ꯔꯤꯗꯦ#
> dearborn
= ꯗꯤꯑꯔꯕꯣꯔꯟ
< ꯗꯦꯔꯕꯥꯔꯣꯟ#
> vijayapura
= ꯚꯤꯖꯌꯥꯄꯨꯔꯥ
< ꯚꯤꯖꯥꯥꯄꯨꯔ#
> sadu
= ꯁꯗꯨ
< ꯁꯥꯗꯨ#
> faridabad
= ꯐꯔꯤꯗꯥꯕꯥꯗ
< ꯐꯔꯤꯗꯕꯗ#
> kek
= ꯀꯦꯛ
< ꯀꯦꯛ#
> tyres
= ꯇꯥꯌꯔꯁ
< ꯇꯤꯔꯦꯁ#
> silchar
= ꯁꯤꯜꯆꯔ
< ꯁꯤꯜꯆꯔ#
> clarita
= ꯀ꯭ꯂꯦꯔꯤꯇꯥ
< ꯀꯂꯥꯔꯤꯥꯇ#
> lishang
= ꯂꯤꯁꯥꯡ
< ꯂꯤꯁꯪ#
> placentia
= ꯄ꯭ꯂꯥꯁꯦꯟꯇꯤꯌꯥ
< ꯄꯦꯂꯥꯦꯦꯁꯇꯤ#
> ningonbu
= ꯅꯤꯉꯣꯟꯕꯨ
< ꯅꯤꯉꯣꯟꯕꯨ#
> waa
= ꯋꯥ
< ꯋꯥ#
> corona
= ꯀꯣꯔꯣꯅꯥ
< ꯀꯣꯔꯣꯅꯥ#
> mittranggi
= ꯃꯤꯠꯇ꯭ꯔꯪꯒꯤ
< ꯃꯤꯠꯇ꯭ꯔꯪꯒꯤ#
> telivijan
= ꯇꯦꯂꯤꯚꯤꯖꯟ
< ꯇꯦꯂꯤꯖꯤꯕꯟ#
> asokpa
= ꯑꯁꯣꯛꯄ
< ꯑꯁꯣꯛꯄ#
> bellingham
= ꯕꯦꯂꯤꯡꯍꯝ
< ꯕꯦꯜꯂꯤꯡꯍꯝ#
> koraput
= ꯀꯣꯔꯥꯄꯨꯠ
< ꯀꯣꯔꯥꯇꯄ#
> oricon
= ꯑꯣꯔꯤꯀꯣꯟ
< ꯑꯣꯔꯤꯛꯣꯟ#
> changbabu
= ꯆꯪꯕꯕꯨ
< ꯆꯪꯕꯕꯨ#
> bengaluru
= ꯕꯦꯡꯒꯂꯨꯔꯨ
< ꯕꯦꯡꯒꯥꯂꯨꯨ#
> khullakpani
= ꯈꯨꯜꯂꯥꯛꯄꯅꯤ
< ꯈꯨꯜꯂꯛꯛꯄꯅꯤ#
> nupisingbu
= ꯅꯨꯄꯤꯁꯤꯡꯕꯨ
< ꯅꯨꯄꯤꯁꯤꯡꯕꯨ#
> echu
= ꯏꯆꯨ
< ꯏꯆꯨ#
> surfactants
= ꯁꯔꯐꯦꯛꯇꯦꯟꯠꯁ
< ꯁꯨꯔꯐꯥꯇꯣꯛꯁꯁ#
> saabinaba
= ꯁꯥꯕꯤꯅꯕ
< ꯁꯥꯕꯤꯅꯕ#
> prometheus
= ꯄ꯭ꯔꯣꯃꯦꯊꯤꯌꯁ
< ꯄ꯭ꯔꯣꯝꯌꯦꯊꯤꯁ#
> intarnesanel
= ꯏꯟꯇꯔꯅꯦꯁꯅꯦꯜ
< ꯏꯟꯇꯥꯟꯅꯔꯦꯜꯦꯁ#
> nongthaktagi
= ꯅꯣꯡꯊꯛꯇꯒꯤ
< ꯅꯣꯡꯊꯛꯛꯒꯤ#
> saru
= ꯁꯔꯨ
< ꯁꯔꯨ#
> mahawidya
= ꯃꯍꯥꯋꯤꯗ꯭ꯌꯥ
< ꯃꯍꯥꯋꯤꯌꯌꯌ#
> titansinggidamak
= ꯇꯥꯢꯇꯟꯁꯤꯡꯒꯤꯗꯃꯛ
< ꯇꯤꯇꯥꯟꯁꯤꯡꯗꯒꯤꯗ#
> niphu
= ꯅꯤꯐꯨ
< ꯅꯤꯐꯨ#
> malaysia
= ꯃꯂꯦꯁꯤꯌꯥ
< ꯃꯥꯂꯥꯁꯤꯌꯥꯥ#
> wiley
= ꯋꯥꯢꯂꯤ
< ꯋꯤꯂꯤ#
> nongcheng
= ꯅꯣꯡꯆꯦꯡ
< ꯅꯣꯡꯆꯦꯡ#
> giridih
= ꯒꯤꯔꯤꯗꯤ
< ꯒꯤꯔꯤꯗꯤ#
> huerta
= ꯍꯨꯑꯦꯔꯇꯥ
< ꯍꯨꯔꯦꯠ#
> huber
= ꯍꯨꯕꯔ
< ꯍꯨꯕ꯭ꯔ#
> delhi
= ꯗꯦꯜꯂꯤ
< ꯗꯦꯜꯍꯤ#
> braunfels
= ꯕ꯭ꯔꯥꯎꯟꯐꯦꯜꯁ
< ꯕ꯭ꯔꯥꯟꯐꯦꯁ#
> epaakachouba
= ꯏꯄꯥꯛꯑꯆꯧꯕ
< ꯏꯄꯥꯀꯥꯎꯀꯌ#
> bharadwaj
= ꯚꯥꯔꯗꯋꯥꯖ
< ꯚꯥꯔꯙꯥꯖ#
> singbulbu
= ꯁꯤꯡꯕꯨꯜꯕꯨ
< ꯁꯤꯡꯕꯨꯜꯨ#
> foureima
= ꯐꯧꯔꯩꯃ
< ꯐꯧꯔꯩꯃ#
> oaks
= ꯑꯣꯛꯁ
< ꯑꯣꯛꯁꯁ#
> parma
= ꯄꯔꯃ
< ꯄꯥꯔꯃ#
> lanngamduna
= ꯂꯥꯟꯉꯝꯗꯨꯅ
< ꯂꯥꯟꯒꯟꯗꯨꯨ#
> kashyap
= ꯀꯁ꯭ꯌꯞ
< ꯀꯁ꯭꯭ꯌꯥ#
> vatakara
= ꯕꯥꯇꯀꯥꯔꯥ
< ꯚꯥꯇꯥꯔꯔ#
> ali
= ꯑꯂꯤ
< ꯑꯂꯥꯢ#
> cheisu
= ꯆꯩꯁꯨ
< ꯆꯩꯁꯨ#
> aurangabad
= ꯑꯣꯔꯪꯒꯕꯥꯗ
< ꯑꯌꯨꯔꯪꯕꯗ#
> umang
= ꯎꯃꯪ
< ꯎꯝꯪ#
> khaplamlaga
= ꯈꯞꯂꯝꯂꯒ
< ꯈꯞꯂꯂꯃꯒ#
> mcdaniel
= ꯃꯛꯗꯦꯅꯤꯌꯦꯜ
< ꯁꯦꯗꯃꯥꯤꯦꯜ#
> itou
= ꯏꯇꯧ
< ꯏꯇꯧ#
> sayongi
= ꯁꯥꯌꯣꯟꯒꯤ
< ꯁꯌꯣꯟꯒꯤ#
> vishwakarma
= ꯚꯤꯁ꯭ꯋꯀꯔꯃ
< ꯕꯤꯁꯀ꯭ꯋꯥꯃꯔꯔꯥ#
> laiphao
= ꯂꯥꯢꯐꯥꯎ
< ꯂꯥꯢꯐꯥꯎ#
> khambhat
= ꯈꯝꯚꯥꯠ
< ꯈꯝꯕꯠ#
> fertilizers
= ꯐꯔꯇꯤꯂꯥꯢꯖꯔꯁ
< ꯐꯦꯔꯤꯇꯤꯌꯣꯔꯤꯤ#
> saamu
= ꯁꯥꯃꯨ
< ꯁꯥꯃꯨ#
> clifton
= ꯀ꯭ꯂꯤꯐꯇꯟ
< ꯀꯦꯂꯤꯇꯣꯟ#
> longsen
= ꯂꯣꯡꯁꯦꯟ
< ꯂꯣꯡꯁꯦꯟ#
> mishak
= ꯃꯤꯁꯛ
< ꯃꯤꯁꯛ#
> sanghvi
= ꯁꯪꯒꯚꯤ
< ꯁꯥꯡꯍꯤ#
> hanson
= ꯍꯦꯟꯁꯟ
< ꯍꯟꯁꯣꯟ#
> tainu
= ꯇꯥꯢꯅꯨ
< ꯇꯥꯢꯅꯨ#
> yelhoumisingbu
= ꯌꯦꯜꯍꯧꯃꯤꯁꯤꯡꯕꯨ
< ꯌꯦꯜꯍꯧꯁꯤꯤꯤꯤꯡꯕꯨ#
> yatra
= ꯌꯥꯇ꯭ꯔꯥ
< ꯌꯥꯇꯔ#
> puraa
= ꯄꯨꯔꯥ
< ꯄꯨꯔꯥ#
> jeffersonville
= ꯖꯦꯐꯔꯁꯟꯕꯤꯜ
< ꯐꯦꯐꯃꯔꯦꯝꯕꯤꯁꯦꯦ#
> tanbada
= ꯇꯥꯟꯕꯗ
< ꯇꯥꯟꯕꯗ#
> piraku
= ꯄꯤꯔꯛꯎ
< ꯄꯤꯔꯥꯛ#
> salangthem
= ꯁꯂꯥꯡꯊꯦꯝ
< ꯁꯂꯥꯡꯊꯦꯝ#
> khak
= ꯈꯛ
< ꯈꯥꯛ#
> nongshaamei
= ꯅꯣꯡꯁꯥꯃꯩ
< ꯅꯣꯡꯁꯥꯃꯤ#
> taphamsang
= ꯇꯝꯐꯝꯁꯪ
< ꯇꯥꯐꯝꯁꯥꯡ#
> nongsamei
= ꯅꯣꯡꯁꯥꯃꯩ
< ꯅꯣꯡꯁꯥꯩ#
> nagalandna
= ꯅꯒꯥꯂꯦꯟꯅ
< ꯅꯥꯒꯂꯂꯟꯗ#
> osmanabad
= ꯑꯣꯁꯃꯥꯅꯥꯕꯥꯗ
< ꯑꯣꯁꯃꯕꯟꯗ#
> ircon
= ꯏꯔꯀꯣꯟ
< ꯏꯔꯥꯣꯟ#
> paambagi
= ꯄꯥꯝꯕꯒꯤ
< ꯄꯥꯝꯕꯒꯤ#
> hackensack
= ꯍꯦꯛꯀꯟꯁꯦꯛ
< ꯍꯦꯀꯦꯟꯀꯦꯁꯀ#
> pradeshki
= ꯄ꯭ꯔꯥꯗꯦꯁꯀꯤ
< ꯄ꯭ꯔꯥꯗꯦꯁꯀꯤ#
> organik
= ꯑꯣꯔꯒꯥꯅꯤꯛ
< ꯑꯣꯔꯒꯥꯟꯤ#
> jagtap
= ꯖꯒꯇꯞ
< ꯖꯥꯒꯇ#
> konsillo
= ꯀꯣꯟꯁꯤꯜꯂꯣ
< ꯀꯣꯟꯁꯤꯜꯂꯣ#
> chakmom
= ꯆꯛꯃꯣꯝ
< ꯆꯥꯀꯣꯝ#
> rajouri
= ꯔꯥꯖꯣꯔꯤ
< ꯔꯥꯖꯔꯖꯤ#
> hendricks
= ꯍꯦꯟꯗ꯭ꯔꯤꯛꯁ
< ꯍꯦꯟꯗ꯭ꯔꯤꯀꯥꯟ#
> madudagi
= ꯃꯗꯨꯗꯒꯤ
< ꯃꯗꯨꯗꯒꯤ#
> calhoun
= ꯀꯦꯜꯍꯣꯎꯟ
< ꯀꯥꯜꯍꯧꯟ#
> shrivas
= ꯁ꯭ꯔꯤꯕꯥꯁ
< ꯁ꯭ꯔꯤꯕꯁ#
> hantharakpadagi
= ꯍꯟꯊꯔꯛꯄꯗꯒꯤ
< ꯍꯥꯟꯊꯔꯛꯄꯒꯤ#
> kaachin
= ꯀꯥꯆꯤꯟ
< ꯀꯥꯆꯤꯟ#
> suzlon
= ꯁꯨꯖꯂꯣꯟ
< ꯁꯨꯜꯣꯣꯟ#
> monte
= ꯃꯣꯟꯇꯦ
< ꯃꯣꯟꯇꯦ#
> placental
= ꯄ꯭ꯂꯥꯁꯦꯟꯇꯦꯜ
< ꯄꯦꯁꯦꯜꯇꯦꯟ#
> mechanism
= ꯃꯦꯀꯥꯅꯤꯖꯝ
< ꯃꯦꯆꯥꯅꯤꯌꯌꯥꯝ#
> panari
= ꯄꯥꯅꯔꯤ
< ꯄꯅꯥꯤꯤ#
> naakanlomda
= ꯅꯥꯀꯟꯂꯣꯝꯗ
< ꯅꯥꯀꯥꯟꯂꯣꯝꯗ#
> herbaceous
= ꯍꯔꯕꯦꯁ꯭ꯌꯁ
< ꯍꯔꯕꯦꯁꯕꯣꯁ#
> yenglammi
= ꯌꯦꯡꯂꯝꯃꯤ
< ꯌꯦꯡꯂꯝꯃꯤ#
> indianapolis
= ꯏꯟꯗꯤꯌꯥꯅꯄꯂꯤꯁ
< ꯏꯟꯗꯥꯂꯤꯌꯥꯟꯁꯣ#
> singam
= ꯁꯤꯡꯒꯝ
< ꯁꯤꯉꯥꯝ#
> nungshi
= ꯅꯨꯡꯁꯤ
< ꯅꯨꯡꯁꯤ#
> sinloi
= ꯁꯤꯟꯂꯣꯢ
< ꯁꯤꯟꯂꯣꯢ#
> pearson
= ꯄꯤꯑꯔꯁꯟ
< ꯄꯥꯔꯁꯔꯣꯟ#
> otpi
= ꯑꯣꯠꯄꯤ
< ꯑꯣꯠꯄꯤ#
> koilang
= ꯀꯣꯢꯂꯥꯡ
< ꯀꯣꯢꯂꯥꯡ#
> lembi
= ꯂꯦꯝꯕꯤ
< ꯂꯦꯝꯕꯤ#
> zydus
= ꯖꯥꯢꯗꯁ
< ꯖꯤꯑꯗꯁ#
> esing
= ꯏꯁꯤꯡ
< ꯏꯁꯤꯡ#
> surungni
= ꯁꯨꯨꯔꯨꯡꯅꯤ
< ꯁꯨꯨꯨꯨꯅꯤ#
> atom
= ꯑꯦꯇꯝ
< ꯑꯇꯣꯝ#
> gill
= ꯒꯤꯜ
< ꯒꯤꯜ#
> sharuksing
= ꯁꯔꯨꯛꯁꯤꯡ
< ꯁꯔꯨꯛꯁꯤꯡ#
> rajasthan
= ꯔꯥꯖꯁꯊꯥꯟ
< ꯔꯥꯖꯁꯟꯟ#
> covina
= ꯀꯣꯚꯤꯅꯥ
< ꯀꯣꯕꯤꯅ#
> alipore
= ꯑꯂꯤꯄꯣꯔ
< ꯑꯦꯂꯤꯄꯔꯔꯌ#
> mckenzie
= ꯃꯀꯦꯟꯖꯤ
< ꯃꯦꯛꯀꯣꯖꯤꯖ#
> panesar
= ꯄꯅꯦꯁꯔ
< ꯄꯅꯁꯁ꯭ꯋꯔ#
> taaklamba
= ꯇꯥꯛꯂꯝꯕ
< ꯇꯥꯛꯂꯝꯕ#
> leijadaba
= ꯂꯩꯖꯗꯕ
< ꯂꯩꯖꯕꯗ#
> textiles
= ꯇꯦꯛꯁꯇꯥꯢꯜꯁ
< ꯇꯦꯛꯁꯦꯂꯤꯁ#
> phamdengba
= ꯐꯝꯗꯦꯡꯕ
< ꯐꯝꯗꯦꯡꯕ#
> mahiga
= ꯃꯍꯤꯒ
< ꯃꯍꯤꯒ#
> apisaa
= ꯑꯄꯤꯁꯥ
< ꯑꯄꯤꯁꯥ#
> meditarreniyan
= ꯃꯦꯗꯤꯇꯔꯔꯦꯅꯤꯌꯟ
< ꯃꯦꯗꯤꯔꯖꯤꯌꯦꯟꯇꯤꯟ#
> faba
= ꯐꯥꯕ
< ꯐꯥꯕ#
> logistics
= ꯂꯣꯖꯤꯁꯇꯤꯛꯁ
< ꯂꯣꯒꯤꯁꯇꯤꯁꯁ#
> langbi
= ꯂꯥꯡꯕꯤ
< ꯂꯥꯡꯕꯤ#
> spirits
= ꯁ꯭ꯄꯤꯔꯤꯠꯁ
< ꯁꯤꯄ꯭ꯔꯤꯁꯛ#
> fahoubagi
= ꯐꯥꯍꯧꯕꯒꯤ
< ꯐꯥꯎꯍꯕꯒꯤ#
> atkinson
= ꯑꯦꯠꯀꯤꯟꯁꯟ
< ꯑꯦꯠꯀꯤꯟꯟꯟꯁ#
> industries
= ꯏꯟꯗꯁꯇ꯭ꯔꯤꯁ
< ꯏꯟꯗꯨꯔꯤꯁꯦꯁꯦ#
> israni
= ꯏꯁ꯭ꯔꯥꯅꯤ
< ꯏꯁꯔꯤꯅꯥ#
> natureview
= ꯅꯦꯆꯔꯚꯤꯎ
< ꯅꯥꯇꯦꯔꯤꯤꯤꯋ#
> senjeng
= ꯁꯦꯟꯖꯦꯡ
< ꯁꯦꯟꯖꯦꯡ#
> chatpagi
= ꯆꯠꯄꯒꯤ
< ꯆꯠꯄꯒꯤ#
> jaunpur
= ꯖꯣꯟꯄꯨꯔ
< ꯖꯥꯟꯄꯨꯔ#
> taramna
= ꯇꯔꯥꯝꯅ
< ꯇꯥꯔꯝꯅ#
> chalei
= ꯆꯂꯩ
< ꯆꯂꯩꯩ#
> ibirammi
= ꯏꯕꯤꯔꯝꯃꯤ
< ꯏꯕ꯭ꯔꯤꯃꯝꯃꯤ#
> haapchillaga
= ꯍꯥꯞꯆꯤꯜꯂꯒ
< ꯍꯥꯞꯆꯤꯜꯂꯒ#
> grover
= ꯒ꯭ꯔꯣꯚꯔ
< ꯒ꯭ꯔꯔꯕꯣ#
> utthokpa
= ꯎꯠꯊꯣꯛꯄ
< ꯎꯠꯣꯣꯛꯄ#
> konnabadagi
= ꯀꯣꯟꯅꯕꯗꯒꯤ
< ꯀꯣꯟꯅꯕꯗꯒꯤ#
> riverside
= ꯔꯤꯚꯔꯁꯥꯢꯗ
< ꯔꯤꯚꯦꯁꯤꯗꯁ#
> tinley
= ꯇꯤꯟꯂꯤ
< ꯇꯤꯟꯂꯦ#
> meeyaamna
= ꯃꯤꯌꯥꯝꯅ
< ꯃꯤꯌꯥꯝꯅ#
> algeriagi
= ꯑꯜꯖꯦꯔꯤꯌꯥꯒꯤ
< ꯑꯦꯒꯔꯔꯤꯌꯥꯒꯤ#
> park
= ꯄꯥꯔꯛ
< ꯄꯥꯛ#
> vatakara
= ꯚꯥꯇꯀꯥꯔꯥ
< ꯚꯥꯇꯔꯔ#
> khulda
= ꯈꯨꯜꯗ
< ꯈꯨꯜꯗ#
> shamjetsabam
= ꯁꯝꯖꯦꯠꯁꯥꯕꯝ
< ꯁꯝꯖꯦꯁꯕꯦꯕꯝ#
> jodha
= ꯖꯣꯔꯍꯥ
< ꯖꯣꯙꯥ#
> monsang
= ꯃꯣꯟꯁꯥꯡ
< ꯃꯣꯟꯁꯥꯡ#
> thana
= ꯊꯥꯅꯥ
< ꯊꯥꯅ#
> macau
= ꯃꯀꯥꯎ
< ꯃꯥꯥꯎꯨ#
> baliga
= ꯕꯂꯤꯒꯥ
< ꯕꯂꯤꯌꯒ#
> latamni
= ꯂꯥꯇꯝꯅꯤ
< ꯂꯥꯇꯝꯅꯤ#
> nakanlomda
= ꯅꯥꯀꯟꯂꯣꯝꯗ
< ꯅꯥꯅꯀꯣꯂꯂꯥꯝ#
> khetnei
= ꯈꯦꯠꯅꯩ
< ꯈꯦꯠꯅꯩ#
> willis
= ꯋꯤꯂꯤꯁ
< ꯋꯤꯜꯂꯤꯁ#
> nielsen
= ꯅꯤꯌꯦꯜꯁꯟ
< ꯅꯤꯂꯦꯦꯁꯟ#
> sipaigi
= ꯁꯤꯄꯥꯢꯒꯤ
< ꯁꯤꯄꯄꯒꯤ#
> englandgi
= ꯏꯪꯂꯦꯟꯒꯤ
< ꯏꯪꯂꯥꯟꯗꯤ#
> chingngu
= ꯆꯤꯡꯉꯨ
< ꯆꯤꯡꯉꯨ#
> pheesa
= ꯐꯤꯁꯥ
< ꯐꯤꯁꯥ#
> paso
= ꯄꯥꯁꯣ
< ꯄꯁꯣ#
> tatenen
= ꯇꯇꯦꯅꯦꯟ
< ꯇꯦꯦꯟꯅ#
> kasera
= ꯀꯥꯁꯦꯔꯥ
< ꯀꯁꯔꯦ#
> chinminnasite
= ꯆꯤꯟꯃꯤꯟꯅꯁꯤꯇꯦ
< ꯆꯤꯟꯅꯤꯁꯂꯤꯅꯅꯦ#
> pheichom
= ꯐꯩꯆꯣꯝ
< ꯐꯩꯆꯣꯝ#
> shrirampur
= ꯁ꯭ꯔꯤꯔꯥꯝꯄꯨꯔ
< ꯁ꯭ꯔꯔꯄꯝꯄꯄꯨꯔ#
> piksinkhi
= ꯄꯤꯛꯁꯤꯟꯈꯤ
< ꯄꯤꯛꯁꯤꯟꯈꯤ#
> kungsinba
= ꯀꯨꯡꯁꯤꯟꯕ
< ꯀꯨꯡꯁꯤꯟꯕ#
> oibi
= ꯑꯣꯢꯕꯤ
< ꯑꯣꯢꯕꯤ#
> leipakpu
= ꯂꯩꯄꯥꯛꯄꯨ
< ꯂꯩꯄꯥꯛꯄ#
> lairik
= ꯂꯥꯢꯔꯤꯛ
< ꯂꯥꯢꯔꯤꯛ#
> haoreima
= ꯍꯥꯎꯔꯩꯃ
< ꯍꯥꯎꯔꯩꯃ#
> kayana
= ꯀꯌꯥꯅ
< ꯀꯌꯥꯅ#
> vasuki
= ꯚꯥꯁꯨꯀꯤ
< ꯚꯁꯨꯀꯏ#
> imaalonbu
= ꯏꯃꯥꯂꯣꯟꯕꯨ
< ꯏꯃꯥꯂꯣꯟꯕꯨ#
> samdharshni
= ꯁꯝꯙꯔꯁꯅꯤ
< ꯁꯝꯗꯥꯔꯁꯅꯤ#
> mayekki
= ꯃꯌꯦꯛꯀꯤ
< ꯃꯌꯦꯛꯀꯤ#
> laanlou
= ꯂꯥꯟꯂꯧ
< ꯂꯥꯟꯂꯧ#
> leandro
= ꯂꯤꯟꯗ꯭ꯔꯣ
< ꯂꯦꯟꯗ꯭ꯔꯣ#
> khaada
= ꯈꯥꯗ
< ꯈꯥꯗ#
> ifci
= ꯑꯥꯢꯑꯦꯐꯁꯤꯑꯥꯢ
< ꯏꯐꯤꯁ#
> sheboygan
= ꯁꯤꯕꯣꯢꯒꯟ
< ꯁꯦꯕꯣꯒꯪꯟ#
> maphamsu
= ꯃꯐꯝꯁꯨ
< ꯃꯐꯝꯁꯨ#
> noble
= ꯅꯣꯕꯜ
< ꯅꯣꯕꯦꯂ#
> athouba
= ꯑꯊꯧꯕ
< ꯑꯊꯧꯕ#
> sitaram
= ꯁꯤꯇꯥꯔꯥꯝ
< ꯁꯤꯇꯔꯔꯝ#
> narwar
= ꯅꯥꯋꯥꯔ
< ꯅꯥꯔꯥꯥꯔ#
> intelligence
= ꯏꯟꯇꯦꯂꯤꯖꯦꯟꯁ
< ꯏꯟꯇꯦꯟꯂꯦꯟꯂꯦꯟ#
> laannaduna
= ꯂꯥꯟꯅꯗꯨꯅ
< ꯂꯥꯟꯅꯗꯨꯅ#
> perth
= ꯄꯔꯊ
< ꯄꯦꯔꯊ#
> nongchuptana
= ꯅꯣꯡꯆꯨꯞꯇꯅ
< ꯅꯣꯡꯄꯨꯇꯨꯅ#
> sara
= ꯁꯔꯥ
< ꯁꯔꯔ#
> leiribani
= ꯂꯩꯔꯤꯕꯅꯤ
< ꯂꯩꯔꯤꯕꯅꯤ#
> saharsa
= ꯁꯍꯔꯁꯥ
< ꯁꯥꯥꯔꯁ#
> jhindal
= ꯓꯤꯟꯗꯥꯜ
< ꯐꯤꯟꯗꯥ#
> palmer
= ꯄꯥꯜꯃꯔ
< ꯄꯥꯂꯦꯔ#
> madgaon
= ꯃꯗꯒꯥꯎ
< ꯃꯥꯗꯒꯟ#
> finserv
= ꯐꯤꯟꯁꯔꯚ
< ꯐꯤꯟꯁ꯭ꯔꯔꯕ#
> nambol
= ꯅꯝꯕꯣꯜ
< ꯅꯝꯕꯣꯜ#
> lainingthou
= ꯂꯥꯢꯅꯤꯡꯊꯧ
< ꯂꯥꯢꯅꯤꯡꯊꯧ#
> awangbagi
= ꯑꯋꯥꯡꯕꯒꯤ
< ꯑꯋꯥꯡꯕꯒꯤ#
> allsec
= ꯑꯣꯜꯁꯦꯛ
< ꯑꯜꯦꯁꯦꯛꯁ#
> stop
= ꯁ꯭ꯇꯣꯞ
< ꯁ꯭ꯄꯣꯠ#
> mckay
= ꯃꯛꯀꯦ
< ꯃꯦꯛꯀꯥ#
> machaki
= ꯃꯆꯥꯀꯤ
< ꯃꯆꯥꯀꯤ#
> sanareina
= ꯁꯅꯥꯔꯩꯅ
< ꯁꯅꯥꯟꯩꯅ#
> dhaka
= ꯙꯥꯀꯥ
< ꯙꯥꯀ#
> baleshwar
= ꯕꯥꯂꯦꯁ꯭ꯋꯔ
< ꯕꯦꯂꯦꯁ꯭ꯋꯔ#
> shangleichaa
= ꯁꯪꯂꯩꯆꯥ
< ꯁꯪꯂꯩꯆꯥ#
> square
= ꯁ꯭ꯀꯨꯋꯥꯔ
< ꯁꯨꯄꯔꯦ#
> panthoibini
= ꯄꯥꯟꯊꯣꯢꯕꯤꯅꯤ
< ꯄꯥꯟꯊꯣꯢꯕꯤꯅꯤ#
> blair
= ꯕ꯭ꯂꯦꯔ
< ꯕ꯭ꯌꯥꯔꯔ#
> kolar
= ꯀꯣꯂꯥꯔ
< ꯀꯣꯂꯔ#
> nekhbet
= ꯅꯦꯈꯕꯦꯠ
< ꯅꯦꯛꯕꯦꯠ#
> castro
= ꯀꯦꯁꯇ꯭ꯔꯣ
< ꯀꯥꯁꯇ꯭ꯔꯣ#
> lunghar
= ꯂꯨꯡꯍꯥꯔ
< ꯂꯨꯡꯍꯔ#
> subex
= ꯁꯨꯕꯦꯛꯁ
< ꯁꯨꯕꯦꯁ#
> ross
= ꯔꯣꯁ
< ꯔꯣꯁꯁ#
> mayaamga
= ꯃꯌꯥꯝꯒ
< ꯃꯌꯥꯝꯒ#
> saunders
= ꯁꯣꯟꯗꯔꯁ
< ꯁꯥꯨꯗꯦꯁ꯭ꯔ#
> gati
= ꯒꯇꯤ
< ꯒꯥꯒꯤ#
> changlakkhi
= ꯆꯪꯂꯛꯈꯤ
< ꯆꯪꯂꯛꯈꯤ#
> electricity
= ꯏꯂꯦꯛꯇ꯭ꯔꯤꯁꯤꯇꯤ
< ꯏꯂꯦꯞꯇ꯭ꯔꯤꯛꯤꯌꯤꯤ#
> niraj
= ꯅꯤꯔꯖ
< ꯅꯤꯔꯥꯖ#
> leisupi
= ꯂꯩꯁꯨꯄꯤ
< ꯂꯩꯁꯨꯄꯤ#
> balmer
= ꯕꯥꯜꯃꯔ
< ꯕꯥꯂꯃꯔ#
> shashan
= ꯁꯥꯁꯟ
< ꯁꯥꯁꯟ#
> atlantic
= ꯑꯠꯂꯥꯟꯇꯤꯛ
< ꯑꯦꯠꯂꯂꯇꯤꯁꯛ#
> woodbury
= ꯋꯨꯗꯕꯔꯤ
< ꯋꯣꯗ꯭ꯔꯕꯤꯤ#
> bellflower
= ꯕꯦꯜꯐ꯭ꯂꯥꯎꯋꯔ
< ꯕꯦꯜꯐꯦꯂꯔꯣꯔ#
> ningsing
= ꯅꯤꯡꯁꯤꯡ
< ꯅꯤꯡꯁꯤꯡ#
> paringni
= ꯄꯔꯤꯡꯅꯤ
< ꯄꯔꯤꯡꯅꯤ#
> haraobanachingbada
= ꯍꯔꯥꯎꯕꯅꯆꯤꯡꯕꯗ
< ꯍꯥꯔꯥꯎꯟꯒꯟꯁꯤꯕꯗ#
> phaaraba
= ꯐꯥꯔꯕ
< ꯐꯥꯔꯕ#
> saluja
= ꯁꯂꯨꯖꯥ
< ꯁꯂꯨꯖ#
> porompatni
= ꯄꯣꯔꯣꯝꯄꯥꯠꯅꯤ
< ꯄꯣꯔꯣꯝꯄꯅꯤꯅ#
> paakee
= ꯄꯥꯛꯏ
< ꯄꯥꯀꯦ#
> kangbu
= ꯀꯥꯡꯕꯨ
< ꯀꯥꯡꯕꯨ#
> kumpaapada
= ꯀꯨꯝꯄꯥꯄꯗ
< ꯀꯨꯝꯄꯥꯗꯥ#
> mountain
= ꯃꯥꯎꯟꯇꯦꯟ
< ꯃꯧꯇꯦꯟꯅꯤ#
> colorado
= ꯀꯣꯂꯣꯔꯥꯗꯣ
< ꯀꯣꯂꯣꯗꯣꯗ#
> loupham
= ꯂꯧꯐꯝ
< ꯂꯧꯐꯝ#
> coconut
= ꯀꯣꯀꯣꯅꯠ
< ꯀꯣꯅꯣꯇꯣ#
> gentry
= ꯒꯦꯟꯇ꯭ꯔꯤ
< ꯖꯦꯟꯇ꯭ꯔꯤ#
> avondale
= ꯑꯥꯕꯣꯟꯗꯦꯜ
< ꯑꯚꯣꯟꯗꯦꯦꯜ#
> enka
= ꯏꯟꯀꯥ
< ꯏꯟꯀ#
> kun
= ꯀꯨꯟ
< ꯀꯨꯟ#
> khongthang
= ꯈꯣꯡꯊꯥꯡ
< ꯈꯣꯡꯊꯥꯡ#
> chakkouba
= ꯆꯥꯛꯀꯧꯕ
< ꯆꯥꯛꯀꯧꯕ#
> paanggansinggi
= ꯄꯥꯡꯒꯟꯁꯤꯡꯒꯤ
< ꯄꯥꯡꯒꯟꯁꯤꯡꯒꯤ#
> siddiqui
= ꯁꯤꯗꯤꯀꯤ
< ꯁꯤꯗꯗꯤꯁꯨ#
> finserv
= ꯐꯤꯟꯁꯔꯕ
< ꯐꯤꯟꯁ꯭ꯔꯔ#
> uppal
= ꯎꯞꯄꯜ
< ꯎꯞꯄꯥꯜ#
> khuntaalakkhi
= ꯈꯨꯟꯇꯥꯂꯛꯈꯤ
< ꯈꯨꯟꯇꯥꯈꯤꯈꯤ#
> surprise
= ꯁꯔꯄ꯭ꯔꯥꯢꯁ
< ꯁꯨꯔꯤꯁ꯭ꯋꯔ#
> varun
= ꯚꯔꯨꯟ
< ꯚꯔꯨꯟ#
> goutam
= ꯒꯧꯇꯝ
< ꯒꯧꯇꯝ#
> senbagi
= ꯁꯦꯟꯕꯒꯤ
< ꯁꯦꯟꯕꯒꯤ#
> tangkhaida
= ꯇꯪꯈꯥꯢꯗ
< ꯇꯥꯡꯈꯈꯗ#
> taiba
= ꯇꯥꯢꯕ
< ꯇꯥꯢꯕ#
> chitradurga
= ꯆꯤꯠꯇ꯭ꯔꯗꯨꯔꯒꯥ
< ꯆꯤꯇ꯭ꯔꯗ꯭ꯔꯔ#
> laanda
= ꯂꯥꯟꯗ
< ꯂꯥꯟꯗ#
> palatine
= ꯄꯦꯂꯦꯇꯥꯢꯟ
< ꯄꯥꯂꯇꯤꯤꯦ#
> pasupuleti
= ꯄꯁꯨꯄꯨꯂꯦꯇꯤ
< ꯄꯁꯨꯄꯇꯤꯤ#
> nbcc
= ꯑꯦꯟꯕꯤꯁꯤꯁꯤ
< ꯅꯤꯛꯁ#
> teleservices
= ꯇꯦꯂꯦꯁꯔꯚꯤꯁꯁ
< ꯇꯦꯂꯤꯕꯔꯤꯤꯁ#
> jeykumaran
= ꯖꯦꯀꯨꯃꯥꯔꯟ
< ꯖꯤꯌꯀꯨꯃꯥꯔꯟ#
> awaangda
= ꯑꯋꯥꯡꯗ
< ꯑꯋꯥꯡꯗ#
> bend
= ꯕꯦꯟꯗ
< ꯕꯦꯟꯗ#
> holloway
= ꯍꯣꯂꯣꯋꯦ
< ꯍꯣꯜꯂꯥꯎ#
> fineotex
= ꯐꯥꯢꯟꯑꯣꯇꯦꯛꯁ
< ꯐꯤꯅꯣꯖꯦꯁꯇꯦ#
> kupthana
= ꯀꯨꯞꯊꯅ
< ꯀꯨꯞꯊꯅ#
> tide
= ꯇꯥꯢꯗ
< ꯇꯤꯗꯦ#
> dillon
= ꯗꯤꯜꯂꯣꯟ
< ꯗꯤꯜꯂꯣꯟ#
> afreen
= ꯑꯐ꯭ꯔꯤꯟ
< ꯑꯦꯔꯔꯦꯟ#
> phisa
= ꯐꯤꯁꯥ
< ꯐꯤꯁꯥ#
> patiala
= ꯄꯇꯤꯑꯥꯂꯥ
< ꯄꯇꯥꯂꯤꯌꯥ#
> aviation
= ꯑꯦꯚꯤꯑꯦꯁꯟ
< ꯑꯌꯥꯚꯤꯇꯣꯟ#
> bismarck
= ꯕꯤꯁꯃꯥꯔꯛ
< ꯕꯤꯁꯃꯔꯀꯤ#
> rosario
= ꯔꯣꯖꯥꯔꯤꯑꯣ
< ꯔꯣꯁ꯭ꯔꯥꯔꯤ#
> khunnung
= ꯈꯨꯟꯅꯨꯡ
< ꯈꯨꯟꯨꯨꯡ#
> tenawa
= ꯇꯦꯅꯋꯥ
< ꯇꯦꯅꯥꯥ#
> ingkhonda
= ꯏꯪꯈꯣꯟꯗ
< ꯏꯪꯈꯣꯟꯗ#
> ema
= ꯏꯃꯥ
< ꯏꯃꯥ#
> yoknaba
= ꯌꯣꯛꯅꯕ
< ꯌꯣꯛꯅꯕ#
> fairfield
= ꯐꯦꯔꯐꯤꯜꯗ
< ꯐꯥꯢꯔꯦꯜꯐꯤ#
> maynard
= ꯃꯦꯅꯥꯔꯗ
< ꯃꯅꯥꯟꯗ꯭ꯔ#
> lowell
= ꯂꯣꯋꯦꯜ
< ꯂꯣꯋꯦꯜ#
> laguna
= ꯂꯒꯨꯅꯥ
< ꯂꯥꯒꯅ#
> puraki
= ꯄꯨꯔꯛꯏ
< ꯄꯨꯔꯛꯏ#
> phouoibi
= ꯐꯧꯑꯣꯢꯕꯤ
< ꯐꯧꯑꯣꯢꯕꯤ#
> awaatapaa
= ꯑꯋꯥꯠꯑꯄꯥ
< ꯑꯋꯥꯠꯄꯥ#
> chaipanita
= ꯆꯥꯢꯄꯅꯤꯇ
< ꯆꯥꯢꯄꯅꯤꯇ#
> toubsingnasu
= ꯇꯧꯕꯁꯤꯡꯅꯁꯨ
< ꯇꯧꯕꯤꯅꯁꯡꯨꯨ#
> ngaobadouna
= ꯉꯥꯎꯕꯗꯧꯅ
< ꯉꯥꯎꯕꯗꯧꯅ#
> murshidabad
= ꯃꯨꯔꯁꯤꯗꯕꯥꯗ
< ꯃꯨꯔꯤꯁꯗꯥꯗ#
> dominguez
= ꯗꯣꯃꯤꯟꯒꯦꯖ
< ꯗꯣꯃꯤꯡꯒꯦ#
> pugh
= ꯄꯤꯎ
< ꯄꯨꯒ#
> koktong
= ꯀꯣꯛꯇꯣꯡ
< ꯀꯣꯛꯇꯣꯡ#
> khangda
= ꯈꯥꯡꯗ
< ꯈꯪꯗ#
> charamde
= ꯆꯥꯔꯝꯗꯦ
< ꯆꯥꯔꯝꯗ#
> samjetshabam
= ꯁꯝꯖꯦꯠꯁꯥꯕꯝ
< ꯁꯝꯖꯥꯦꯕꯝꯝ#
> heihei
= ꯍꯩꯍꯩ
< ꯍꯩꯩ#
> langjaa
= ꯂꯪꯖꯥ
< ꯂꯥꯡꯖꯥ#
> thabaksing
= ꯊꯕꯛꯁꯤꯡ
< ꯊꯥꯕꯛꯁꯤꯡ#
> foseco
= ꯐꯣꯁꯀꯣ
< ꯐꯤꯁꯣꯑꯦ#
> madhya
= ꯃꯙ꯭ꯌ
< ꯃꯥꯙ꯭ꯌꯥ#
> khngle
= ꯈꯪꯂꯦ
< ꯈ꯭ꯂꯦꯡ#
> maanna
= ꯃꯥꯟꯅ
< ꯃꯥꯟꯅ#
> yong
= ꯌꯣꯡ
< ꯌꯣꯡ#
> sangareddi
= ꯁꯪꯒꯥꯔꯦꯗꯗꯤ
< ꯁꯪꯉꯗꯦꯔꯗꯤ#
> chaada
= ꯆꯥꯗ
< ꯆꯥꯗ#
> tamlaba
= ꯇꯝꯂꯕ
< ꯇꯝꯂꯕ#
> pebet
= ꯄꯦꯕꯦꯠ
< ꯄꯦꯕꯦꯠ#
> colton
= ꯀꯣꯜꯇꯟ
< ꯀꯣꯇꯣꯟ#
> khubak
= ꯈꯨꯕꯥꯛ
< ꯈꯨꯕꯛ#
> awasthi
= ꯑꯋꯁꯊꯤ
< ꯑꯋꯥꯠꯤ#
> nadaf
= ꯅꯗꯐ
< ꯅꯥꯗꯐ#
> tamjakhibadugi
= ꯇꯝꯖꯈꯤꯕꯗꯨꯒꯤ
< ꯇꯝꯖꯕꯤꯗꯕꯒꯤꯤ#
> kanbiheiba
= ꯀꯟꯕꯤꯍꯩꯕ
< ꯀꯟꯕꯤꯕꯩ#
> paangdaba
= ꯄꯥꯡꯗꯕ
< ꯄꯥꯡꯗꯕ#
> shrivastava
= ꯁ꯭ꯔꯤꯚꯥꯁꯇꯚ
< ꯁ꯭ꯔꯚꯚꯥꯁꯇ꯭ꯌꯥꯥꯥ#
> complex
= ꯀꯝꯄ꯭ꯂꯦꯛꯁ
< ꯀꯝꯄ꯭ꯂꯦꯛ#
> begum
= ꯕꯦꯒꯝ
< ꯕ꯭ꯒꯨꯝ#
> heikru
= ꯍꯩꯀ꯭ꯔꯨ
< ꯍꯩꯀ꯭ꯔꯨ#
> lupagi
= ꯂꯨꯄꯥꯒꯤ
< ꯂꯨꯄꯥꯒꯤ#
> madala
= ꯃꯥꯗꯂ
< ꯃꯥꯗ#
> machaakhaiba
= ꯃꯆꯥꯈꯥꯢꯕ
< ꯃꯆꯥꯈꯤꯕ#
> texmaco
= ꯇꯦꯛꯁꯃꯀꯣ
< ꯇꯦꯛꯀꯥꯃꯣ#
> jharkhand
= ꯓꯥꯔꯈꯟꯗ
< ꯈꯥꯔꯈꯟꯗ#
> supply
= ꯁꯄ꯭ꯂꯥꯢ
< ꯁꯨꯞꯄ꯭ꯔꯦ#
> takpiramba
= ꯇꯥꯛꯄꯤꯔꯝꯕ
< ꯇꯥꯛꯄ꯭ꯔꯤꯃꯕ#
> beard
= ꯕꯤꯌꯔꯗ
< ꯕꯤꯔꯥ#
> ngareima
= ꯉꯥꯔꯩꯃ
< ꯉꯥꯔꯦꯃ#
> behura
= ꯕꯦꯍꯨꯔꯥ
< ꯕꯨꯖꯥꯔ#
> kangpa
= ꯀꯥꯡꯄ
< ꯀꯪꯄꯥ#
> machilipatnam
= ꯃꯆꯤꯂꯤꯄꯠꯅꯝ
< ꯃꯆꯤꯂꯤꯄꯥꯅꯥ#
> bonilla
= ꯕꯣꯅꯤꯜꯂꯥ
< ꯕꯣꯅꯤꯂꯂ#
> lakhimpur
= ꯂꯈꯤꯝꯄꯨꯔ
< ꯂꯥꯈꯤꯄꯨꯔꯔ#
> masingdagi
= ꯃꯁꯤꯡꯗꯒꯤ
< ꯃꯁꯤꯡꯗꯒꯤ#
> datacom
= ꯗꯥꯇꯥꯀꯣꯝ
< ꯗꯥꯥꯇꯥꯣꯝ#
> larson
= ꯂꯥꯔꯁꯟ
< ꯂꯥꯔꯁꯣꯟ#
> kolhapur
= ꯀꯣꯜꯍꯥꯄꯨꯔ
< ꯀꯣꯜꯍꯔꯔꯨ#
> souza
= ꯁꯨꯖꯥ
< ꯁꯧꯖꯥ#
> randall
= ꯔꯦꯟꯗꯣꯜ
< ꯔꯥꯟꯗꯥꯜ#
> panaana
= ꯄꯅꯥꯅ
< ꯄꯅꯥꯅ#
> chouhan
= ꯆꯣꯍꯥꯟ
< ꯆꯧꯍꯟ#
> knoxville
= ꯅꯣꯛꯁꯚꯤꯜ
< ꯀꯣꯛꯅꯤꯕꯂꯂꯦ#
> kumhou
= ꯀꯨꯝꯍꯧ
< ꯀꯨꯝꯧꯧ#
> rawlani
= ꯔꯣꯂꯥꯅꯤ
< ꯔꯥꯂꯀꯅꯤ#
> paalli
= ꯄꯥꯜꯂꯤ
< ꯄꯥꯜꯂꯤ#
> shingh
= ꯁꯤꯡꯍ
< ꯁꯤꯡ#
> kanaanasu
= ꯀꯅꯥꯅꯁꯨ
< ꯀꯅꯥꯅꯁꯨ#
> lousing
= ꯂꯧꯁꯤꯡ
< ꯂꯧꯁꯤꯡ#
> kadapa
= ꯀꯗꯄꯥ
< ꯀꯥꯗꯄ#
> shaktuna
= ꯁꯛꯇꯨꯅ
< ꯁꯛꯇꯨꯅ#
> arvada
= ꯑꯔꯕꯥꯗꯥ
< ꯑꯥꯔꯗꯥ#
> keshri
= ꯀꯦꯁ꯭ꯔꯤ
< ꯀꯦꯁꯤꯔꯤ#
> khundaaba
= ꯈꯨꯟꯗꯥꯕ
< ꯈꯨꯟꯗꯥꯕ#
> thaajanabigi
= ꯊꯥꯖꯅꯕꯤꯒꯤ
< ꯊꯥꯖꯅꯕꯤꯒꯤ#
> aying
= ꯑꯌꯤꯡ
< ꯑꯌꯤꯡ#
> taraamangaa
= ꯇꯔꯥꯃꯉꯥ
< ꯇꯔꯥꯃꯉꯥ#
> kerala
= ꯀꯦꯔꯂꯥ
< ꯀꯦꯔꯥꯃ#
> mahabaleshwar
= ꯃꯍꯥꯕꯂꯦꯁ꯭ꯋꯔ
< ꯃꯍꯥꯚꯥꯋꯦꯁꯔ#
> toledo
= ꯇꯣꯂꯦꯗꯣ
< ꯇꯣꯂꯦꯗꯣ#
> magana
= ꯃꯥꯒꯥꯅ꯭ꯌ
< ꯃꯥꯒꯅ#
> kaangbagi
= ꯀꯥꯡꯕꯒꯤ
< ꯀꯥꯡꯕꯒꯤ#
> denver
= ꯗꯦꯟꯚꯔ
< ꯗꯦꯟꯔꯕ#
> chathang
= ꯆꯥꯊꯥꯡ
< ꯆꯊꯪ#
> amunet
= ꯑꯃꯨꯅꯦꯠ
< ꯑꯃꯨꯅꯦꯠ#
> muthoot
= ꯃꯨꯠꯍꯨꯠ
< ꯃꯨꯊꯣꯛꯣꯛ#
> phurit
= ꯐꯨꯔꯤꯠ
< ꯐꯨꯔꯤꯠ#
> giri
= ꯒꯤꯔꯤ
< ꯒꯤꯔꯤ#
> panglubadagi
= ꯄꯪꯂꯨꯕꯗꯒꯤ
< ꯄꯥꯡꯂꯨꯕꯗꯒꯤ#
> lappa
= ꯂꯥꯞꯄ
< ꯂꯥꯞꯄ#
> wockhardt
= ꯋꯣꯛꯍꯥꯥꯠ
< ꯋꯣꯛꯆꯔꯠꯗ#
> pumnamakpu
= ꯄꯨꯝꯅꯃꯛꯄꯨ
< ꯄꯨꯝꯅꯃꯛꯄꯨ#
> laiyamsingni
= ꯂꯥꯢꯌꯥꯝꯁꯤꯡꯅꯤ
< ꯂꯥꯢꯌꯥꯝꯁꯤꯡꯅꯤ#
> manga
= ꯃꯉꯥ
< ꯃꯥꯟꯒ#
> pheesaa
= ꯐꯤꯁꯥ
< ꯐꯦꯁꯥꯥꯥ#
> laiyon
= ꯂꯥꯢꯑꯣꯟ
< ꯂꯥꯢꯌꯣꯟ#
> phongba
= ꯐꯣꯡꯕ
< ꯐꯣꯡꯕ#
> paangli
= ꯄꯥꯡꯂꯤ
< ꯄꯥꯡꯂꯤ#
> vaishnavi
= ꯕꯥꯢꯁ꯭ꯅꯕꯤ
< ꯚꯥꯢꯁꯅꯅꯤ#
> nipaal
= ꯅꯤꯄꯥꯜ
< ꯅꯤꯄꯥꯜ#
> farabani
= ꯐꯥꯔꯕꯅꯤ
< ꯐꯥꯕꯅꯤꯤ#
> jharia
= ꯓꯥꯔꯤꯑꯥ
< ꯚꯔꯤꯌꯥ#
> victorville
= ꯚꯤꯛꯇꯔꯚꯤꯜ
< ꯚꯤꯚꯇꯣꯔꯤꯕꯂꯤꯌꯥꯦꯜ#
> phaogatlakliba
= ꯐꯥꯎꯒꯠꯂꯛꯂꯤꯕ
< ꯐꯥꯎꯒꯠꯂꯛꯂꯕꯄ#
> pompi
= ꯄꯣꯝꯄꯤ
< ꯄꯣꯝꯄꯤ#
> joliet
= ꯖꯣꯂꯤꯑꯦꯠ
< ꯖꯣꯂꯤꯌ#
> meriden
= ꯃꯦꯔꯤꯗꯦꯟ
< ꯃꯦꯔꯤꯗꯦꯟ#
> simon
= ꯁꯥꯢꯃꯟ
< ꯁꯤꯃꯣꯟ#
> hotnari
= ꯍꯣꯠꯅꯔꯤ
< ꯍꯣꯠꯅꯔꯤ#
> para
= ꯄꯥꯔꯥ
< ꯄꯔꯥ#
> yaobagi
= ꯌꯥꯎꯕꯒꯤ
< ꯌꯥꯎꯕꯒꯤ#
> maannari
= ꯃꯥꯟꯅꯔꯤ
< ꯃꯥꯟꯅꯔꯤ#
> pangthokkhiba
= ꯄꯥꯡꯊꯣꯛꯈꯤꯕ
< ꯄꯥꯡꯊꯣꯛꯈꯤꯕ#
> tonk
= ꯇꯣꯡꯛ
< ꯇꯣꯟꯟꯛ#
> misou
= ꯃꯤꯁꯧ
< ꯃꯤꯁꯧ#
> linde
= ꯂꯤꯟꯗꯦ
< ꯂꯤꯟꯗꯦ#
> keithel
= ꯀꯩꯊꯦꯜ
< ꯀꯩꯊꯦꯜ#
> negi
= ꯅꯦꯒꯤ
< ꯅꯦꯒꯤ#
> kainakhibasi
= ꯀꯥꯢꯅꯈꯤꯕꯁꯤ
< ꯀꯥꯢꯅꯈꯤꯕꯁꯤ#
> kubi
= ꯀꯨꯕꯤ
< ꯀꯨꯕꯤ#
> everest
= ꯑꯦꯚꯔꯦꯁꯠ
< ꯏꯕꯔꯁꯦꯁ#
> christensen
= ꯈ꯭ꯔꯤꯁꯇꯦꯟꯁꯦꯟ
< ꯀ꯭ꯔꯤꯁꯇꯦꯟꯟꯟꯟꯁ#
> tamkhi
= ꯇꯝꯈꯤ
< ꯇꯝꯈꯤ#
> cook
= ꯀꯨꯛ
< ꯀꯣꯛꯁ#
> bistagond
= ꯕꯤꯁꯇꯥꯒꯣꯟꯗ
< ꯕꯤꯁꯇꯦꯗꯟ#
> mexico
= ꯃꯦꯛꯁꯤꯀꯣ
< ꯃꯦꯛꯁꯤꯀꯣ#
> engines
= ꯏꯟꯖꯤꯟꯁ
< ꯏꯉꯦꯟꯁꯦ#
> lugo
= ꯂꯨꯒꯣ
< ꯂꯨꯒꯣ#
> huinao
= ꯍꯨꯢꯅꯥꯎ
< ꯍꯨꯢꯅꯥ#
> kuina
= ꯀꯨꯢꯅ
< ꯀꯨꯢꯅ#
> junction
= ꯖꯪꯁꯟ
< ꯖꯨꯟꯅꯣꯛꯅꯦ#
> territorysing
= ꯇꯦꯔꯤꯇꯣꯔꯤꯁꯤꯡ
< ꯇꯦꯔꯤꯇꯣꯔꯤꯁꯤꯡ#
> ngasishu
= ꯉꯁꯤꯁꯨ
< ꯉꯁꯤꯁꯨ#
> neon
= ꯅꯤꯌꯣꯟ
< ꯅꯣꯌꯣꯟ#
> duke
= ꯗ꯭ꯌꯨꯛ
< ꯗꯨꯀꯦ#
> waatkani
= ꯋꯥꯠꯀꯅꯤ
< ꯋꯥꯠꯀꯅꯤ#
> meeyaanchaa
= ꯃꯤꯌꯥꯟꯆꯥ
< ꯃꯤꯌꯥꯟꯁꯥꯥ#
> bannari
= ꯕꯟꯅꯔꯤ
< ꯕꯥꯟꯅꯔꯤ#
> paokhum
= ꯄꯥꯎꯈꯨꯝ
< ꯄꯥꯎꯈꯨꯝ#
> enunglon
= ꯏꯅꯨꯡꯂꯣꯟ
< ꯏꯅꯨꯡꯂꯣꯟ#
> lakeland
= ꯂꯦꯛꯂꯦꯟꯗ
< ꯂꯥꯀꯦꯟꯗꯟ#
> polang
= ꯄꯣꯂꯥꯡ
< ꯄꯣꯂꯥꯡ#
> failen
= ꯐꯥꯢꯂꯦꯟ
< ꯐꯥꯂꯦꯟ#
> laatnaba
= ꯂꯥꯠꯅꯕ
< ꯂꯥꯠꯅꯕ#
> khullakpi
= ꯈꯨꯜꯂꯥꯛꯄꯤ
< ꯈꯨꯜꯂꯥꯛꯄꯤ#
> machaaduna
= ꯃꯆꯥꯗꯨꯅ
< ꯃꯆꯥꯗꯨꯅ#
> veraval
= ꯕꯦꯔꯥꯕꯦꯜ
< ꯚꯦꯔꯥꯜꯜ#
> kodaikanal
= ꯀꯣꯗꯥꯢꯀꯅꯥꯜ
< ꯀꯣꯢꯗꯥꯅꯥꯜ#
> warwick
= ꯋꯥꯔꯤꯛ
< ꯋꯥꯔꯤꯛꯛ#
> haapnaba
= ꯍꯥꯞꯅꯕ
< ꯍꯥꯞꯅꯕ#
> seilon
= ꯁꯩꯂꯣꯟ
< ꯁꯩꯂꯣꯟ#
> tangirala
= ꯇꯡꯒꯤꯔꯂ
< ꯇꯥꯟꯒꯔꯥꯥꯥ#
> yade
= ꯌꯥꯗꯦ
< ꯌꯥꯗꯦ#
> cheisingkanglon
= ꯆꯩꯁꯤꯡꯀꯥꯡꯂꯣꯟ
< ꯆꯩꯁꯤꯡꯀꯥꯡꯂꯣꯟ#
> fertilisers
= ꯐꯔꯇꯤꯂꯥꯢꯖꯔꯁ
< ꯐꯔꯔꯤꯖꯤꯂꯤꯁ#
> ethoi
= ꯏꯊꯣꯢ
< ꯏꯊꯣꯢ#
> bhubaneshwari
= ꯚꯨꯕꯟꯅꯦꯁ꯭ꯋꯔꯤ
< ꯕꯨꯕꯥꯅꯦꯁ꯭ꯋꯔꯤ#
> vaishnavi
= ꯚꯥꯢꯁ꯭ꯅꯚꯤ
< ꯚꯥꯢꯁꯨꯅꯥꯢ#
> bullhead
= ꯕꯨꯜꯍꯦꯗ
< ꯕꯜꯜꯂꯦꯜ#
> karnataka
= ꯀꯔꯅꯥꯇꯀꯥ
< ꯀꯥꯔꯅꯥꯠ#
> bramha
= ꯕ꯭ꯔꯝꯍꯥ
< ꯕ꯭ꯔꯥꯍꯥ#
> poklakkani
= ꯄꯣꯛꯂꯛꯀꯅꯤ
< ꯄꯣꯛꯂꯛꯀꯅꯤ#
> schaeffler
= ꯁꯦꯐ꯭ꯂꯔ
< ꯁꯥꯐꯦꯦꯔ#
> datia
= ꯗꯇꯤꯑꯥ
< ꯗꯥꯇꯤ#
> meihouloldagi
= ꯃꯩꯍꯧꯂꯣꯜꯗꯒꯤ
< ꯃꯩꯍꯧꯂꯣꯜꯗꯒꯤ#
> kaanaba
= ꯀꯥꯅꯕ
< ꯀꯥꯅꯕ#
> investments
= ꯏꯟꯚꯦꯁꯠꯃꯦꯟꯠꯁ
< ꯏꯟꯖꯦꯟꯇꯦꯁꯁꯁ#
> cunningham
= ꯀꯟꯅꯤꯡꯍꯦꯝ
< ꯀꯦꯟꯅꯤꯉꯝ#
> patan
= ꯄꯥꯇꯟ
< ꯄꯇꯥꯟ#
> houdabani
= ꯍꯧꯗꯕꯅꯤ
< ꯍꯧꯗꯕꯅꯤ#
> sabinaba
= ꯁꯥꯕꯤꯅꯕ
< ꯁꯥꯕꯅꯕ#
> fitzgerald
= ꯐꯤꯠꯖꯖꯦꯔꯥꯜꯗ
< ꯐꯤꯇꯔꯔꯦꯗꯣꯗ#
> thaadorakpa
= ꯊꯥꯗꯣꯔꯛꯄ
< ꯊꯥꯗꯣꯔꯛꯄ#
> leiramba
= ꯂꯩꯔꯝꯕ
< ꯂꯩꯔꯝꯕ#
> russo
= ꯔꯁꯁꯣ
< ꯔꯁꯁꯣ#
> lynch
= ꯂꯤꯟꯆ
< ꯂꯤꯟꯆ#
> mapuk
= ꯃꯄꯨꯛ
< ꯃꯄꯨꯛ#
> matungdadi
= ꯃꯇꯨꯡꯗꯗꯤ
< ꯃꯇꯨꯡꯗꯗꯤ#
> mapuki
= ꯃꯄꯨꯀꯤ
< ꯃꯄꯨꯀꯤ#
> yenba
= ꯌꯦꯟꯕ
< ꯌꯦꯟꯕ#
> nipal
= ꯅꯤꯄꯥꯜ
< ꯅꯤꯄꯥꯜ#
> visaka
= ꯚꯤꯁꯥꯀꯥ
< ꯕꯤꯁꯥꯀ#
> paokhong
= ꯄꯥꯎꯈꯣꯡ
< ꯄꯥꯎꯈꯣꯡ#
> laanthoklaga
= ꯂꯥꯟꯊꯣꯛꯂꯒ
< ꯂꯥꯟꯊꯣꯛꯂꯒ#
> uraki
= ꯎꯔꯛꯏ
< ꯎꯔꯥꯢ#
> samjinnabasu
= ꯁꯝꯖꯤꯟꯅꯕꯁꯨ
< ꯁꯝꯖꯤꯟꯅꯕꯁꯨ#
> thafam
= ꯊꯥꯐꯝ
< ꯊꯥꯐꯝ#
> urikhinbam
= ꯎꯔꯤꯈꯤꯟꯕꯝ
< ꯎꯔꯤꯈꯤꯟꯕꯝ#
> somerville
= ꯁꯣꯃꯔꯕꯤꯜ
< ꯁꯣꯃꯤꯔꯦꯕꯂꯦ#
> suven
= ꯁꯨꯚꯦꯟ
< ꯁꯨꯚꯚꯦ#
> indusind
= ꯏꯟꯗꯨꯁꯤꯟꯗ
< ꯏꯟꯗꯨꯁꯤꯗ#
> sheppard
= ꯁꯦꯄꯔꯗ
< ꯁꯦꯄꯄꯔꯗ#
> bluffs
= ꯕ꯭ꯂꯐꯁ
< ꯕ꯭ꯂꯤꯁ#
> sintaakhansingna
= ꯁꯤꯟꯇꯥꯛꯍꯟꯁꯤꯡꯅ
< ꯁꯤꯟꯇꯥꯈꯤꯤꯡꯅꯡꯅ#
> yaobara
= ꯌꯥꯎꯕꯔꯥ
< ꯌꯥꯎꯕꯔ#
> leining
= ꯂꯩꯅꯤꯡ
< ꯂꯩꯅꯤꯡ#
> krishnanagar
= ꯀ꯭ꯔꯤꯁꯅꯅꯒꯔ
< ꯀ꯭ꯔꯤꯁꯅꯔꯥꯅ#
> apaakpa
= ꯑꯄꯥꯛꯄ
< ꯑꯄꯥꯛꯄ#
> pudukkottai
= ꯄꯨꯗꯨꯀꯣꯇꯥꯢ
< ꯄꯨꯗꯨꯀꯣꯇꯀꯀ#
> beavercreek
= ꯕꯤꯕꯔꯀ꯭ꯔꯤꯛ
< ꯕꯤꯌꯥꯚꯔꯦꯁꯁꯦꯠ#
> meeoisinggi
= ꯃꯤꯑꯣꯢꯁꯤꯡꯒꯤ
< ꯃꯤꯑꯣꯢꯁꯤꯡꯒꯤ#
> sinlon
= ꯁꯤꯟꯂꯣꯟ
< ꯁꯤꯟꯂꯣꯟ#
> houdri
= ꯍꯧꯗ꯭ꯔꯤ
< ꯍꯧꯗ꯭ꯔꯤ#
> matamduda
= ꯃꯇꯝꯗꯨꯗ
< ꯃꯇꯝꯗꯨꯗ#
> phaaba
= ꯐꯥꯕ
< ꯐꯥꯕ#
> khongthaangda
= ꯈꯣꯡꯊꯥꯡꯗ
< ꯈꯣꯡꯊꯥꯗꯗ#
> roberts
= ꯔꯣꯕꯔꯠꯁ
< ꯔꯣꯕꯦꯁꯁꯟ#
> maanglubadagi
= ꯃꯥꯡꯂꯨꯕꯗꯒꯤ
< ꯃꯥꯡꯂꯧꯕꯗꯒꯤ#
> areinu
= ꯑꯔꯩꯅꯨ
< ꯑꯔꯩꯅꯨ#
> stevenson
= ꯁ꯭ꯇꯦꯕꯦꯟꯁꯟ
< ꯁꯤꯚꯦꯦꯕꯟꯟ#
> sura
= ꯁꯨꯔꯥ
< ꯁꯨꯔ#
> matamchuppa
= ꯃꯇꯝꯆꯨꯞꯄ
< ꯃꯥꯝꯆꯨꯄꯨ#
> doda
= ꯗꯣꯗ
< ꯗꯣꯗ#
> aribini
= ꯑꯔꯤꯕꯤꯅꯤ
< ꯑꯔꯤꯕꯤꯅꯤ#
> ningthousing
= ꯅꯤꯡꯊꯧꯁꯤꯡ
< ꯅꯤꯡꯊꯧꯁꯤꯡ#
> banki
= ꯕꯦꯡꯀꯤ
< ꯕꯥꯟꯀꯤ#
> paints
= ꯄꯦꯟꯠꯁ
< ꯄꯥꯟꯇꯤꯁ#
> gulf
= ꯒꯜꯐ
< ꯒꯨꯜꯐ#
> ataher
= ꯑꯇꯥꯍꯔ
< ꯑꯇꯥꯔꯦ#
> lanpung
= ꯂꯥꯟꯄꯨꯡ
< ꯂꯥꯟꯄꯨꯡ#
> finley
= ꯐꯤꯟꯂꯤ
< ꯐꯤꯟꯂꯦ#
> nagercoil
= ꯅꯥꯒꯔꯀꯣꯢꯜ
< ꯅꯥꯒꯦꯀꯦꯜ#
> chelsea
= ꯆꯦꯜꯁꯤ
< ꯆꯦꯜꯁꯤ#
> bandhan
= ꯕꯟꯙꯟ
< ꯕꯥꯟꯗꯟ#
> microscopetagi
= ꯃꯥꯢꯀ꯭ꯔꯣꯁ꯭ꯀꯣꯞꯇꯒꯤ
< ꯃꯤꯁꯇꯣꯔꯤꯄꯀꯣꯒꯒꯒ#
> leijaba
= ꯂꯩꯖꯕ
< ꯂꯩꯖꯕ#
> lupaagi
= ꯂꯨꯄꯥꯒꯤ
< ꯂꯨꯄꯥꯒꯤ#
> historyda
= ꯍꯤꯁꯇ꯭ꯔꯤꯗ
< ꯍꯤꯁꯇꯣꯔꯗꯔ#
> fimuna
= ꯐꯤꯃꯨꯅ
< ꯐꯤꯃꯨꯅ#
> young
= ꯌꯪ
< ꯌꯧꯡ#
> ion
= ꯑꯥꯌꯣꯟ
< ꯏꯑꯣꯟ#
> hairadi
= ꯍꯥꯢꯔꯗꯤ
< ꯍꯥꯢꯔꯗꯤ#
> ayaambada
= ꯑꯌꯥꯝꯕꯗ
< ꯑꯌꯥꯝꯕꯗ#
> laison
= ꯂꯥꯢꯁꯣꯟ
< ꯂꯥꯢꯁꯣꯟ#
> solara
= ꯁꯣꯂꯥꯔꯥ
< ꯁꯣꯂꯔꯥ#
> nahanbani
= ꯅꯥꯍꯟꯕꯅꯤ
< ꯅꯥꯍꯟꯕꯅꯤ#
> suresh
= ꯁꯨꯔꯦꯁ
< ꯁꯨꯔꯦꯁ#
> cheinap
= ꯆꯩꯅꯞ
< ꯆꯩꯅꯥꯞ#
> thourangsingda
= ꯊꯧꯔꯥꯡꯁꯤꯡꯗ
< ꯊꯧꯔꯥꯡꯁꯤꯡꯗ#
> handokpagi
= ꯍꯟꯗꯣꯛꯄꯒꯤ
< ꯍꯥꯟꯗꯣꯛꯄꯒꯤ#
> ngakpa
= ꯉꯥꯛꯄ
< ꯉꯥꯛꯄ#
> waangu
= ꯋꯥꯉꯨ
< ꯋꯥꯡꯒ#
> apakmaa
= ꯑꯄꯛꯃꯥ
< ꯑꯄꯛꯃꯥ#
> chawla
= ꯆꯥꯎꯂꯥ
< ꯆꯥꯂꯥ#
> nepit
= ꯅꯦꯄꯤꯠ
< ꯅꯦꯄꯤꯠ#
> forest
= ꯐꯣꯔꯦꯁꯠ
< ꯐꯣꯔꯤꯖꯦꯠ#
> kuna
= ꯀꯨꯅ
< ꯀꯨꯅꯥ#
> srivastava
= ꯁ꯭ꯔꯤꯚꯥꯁꯇꯚ
< ꯁ꯭ꯔꯚꯖꯥꯇꯕꯥꯟ#
> shaffer
= ꯁꯦꯐꯔ
< ꯐꯐꯦꯔ#
> parween
= ꯄꯔꯋꯤꯟ
< ꯄꯔꯔꯦꯦꯟ#
> sanaaleipaak
= ꯁꯅꯥꯂꯩꯄꯥꯛ
< ꯁꯅꯥꯂꯩꯄꯥꯛ#
> ekhaa
= ꯏꯈꯥ
< ꯏꯈꯥ#
> frenchki
= ꯐ꯭ꯔꯦꯟ꯭ꯆꯀꯤ
< ꯐ꯭ꯔꯦꯟꯀꯤ#
> saathina
= ꯁꯥꯊꯤꯅ
< ꯁꯥꯊꯤꯅ#
> indiaga
= ꯏꯟꯗꯤꯌꯥꯒ
< ꯏꯟꯗꯤꯌꯥꯒ#
> mayekpu
= ꯃꯌꯦꯛꯄꯨ
< ꯃꯌꯥꯛꯄꯨ#
> omaxe
= ꯑꯣꯃꯦꯛꯁ
< ꯑꯣꯃꯥꯦꯣ#
> annapolis
= ꯑꯦꯅꯥꯄꯣꯂꯤꯁ
< ꯑꯟꯅꯣꯀꯂꯤꯁꯤ#
> thiruvananthapuram
= ꯊꯤꯔꯨꯕꯅꯟꯊꯥꯄꯨꯔꯝ
< ꯊꯤꯔꯨꯇꯔꯅꯅꯨꯄꯔꯝ#
> machaanipaa
= ꯃꯆꯥꯅꯤꯄꯥ
< ꯃꯆꯥꯅꯤꯄꯥ#
> greene
= ꯒ꯭ꯔꯤꯟ
< ꯒ꯭ꯔꯤꯅꯦ#
> hourakphamni
= ꯍꯧꯔꯛꯐꯝꯅꯤ
< ꯍꯧꯔꯛꯐꯝꯅꯤ#
> perses
= ꯄꯔꯁꯦꯁ
< ꯄꯔꯁꯦꯁ#
> kahenna
= ꯀꯥꯍꯦꯟꯅ
< ꯀꯥꯍꯦꯟꯅ#
> bano
= ꯕꯥꯅꯣ
< ꯕꯥꯅꯣ#
> coleman
= ꯀꯣꯜꯃꯦꯟ
< ꯀꯣꯂꯦꯟ#
> himadri
= ꯍꯤꯃꯥꯗ꯭ꯔꯤ
< ꯍꯤꯃꯥꯗꯤ#
> pattnaik
= ꯄꯠꯅꯥꯌꯛ
< ꯄꯠꯅꯠꯀꯤ#
> skuldagi
= ꯁ꯭ꯀꯨꯜꯗꯒꯤ
< ꯁꯨꯜꯗꯒꯤ#
> kaagi
= ꯀꯥꯒꯤ
< ꯀꯥꯒꯤ#
> yekkhotpa
= ꯌꯦꯛꯈꯣꯠꯄ
< ꯌꯦꯛꯈꯣꯛꯄ#
> uriba
= ꯎꯔꯤꯕ
< ꯎꯔꯤꯕ#
> ningthamgi
= ꯅꯤꯡꯊꯝꯒꯤ
< ꯅꯤꯡꯊꯝꯒꯤ#
> veda
= ꯚꯦꯗ
< ꯚꯦꯗ#
> just
= ꯖꯁꯠ
< ꯖꯨꯁꯇ#
> houtokpikhipa
= ꯍꯧꯇꯣꯛꯄꯤꯈꯤꯄ
< ꯍꯧꯇꯣꯛꯄꯤꯈꯤꯄꯤ#
> chaoraba
= ꯆꯥꯎꯔꯕ
< ꯆꯥꯎꯔꯕ#
> naosekpam
= ꯅꯥꯎꯁꯦꯛꯄꯝ
< ꯅꯥꯎꯁꯦꯄꯥꯝ#
> phaba
= ꯐꯥꯕ
< ꯐꯕ#
> birbahugi
= ꯕꯤꯔꯕꯍꯨꯒꯤ
< ꯕꯤꯔꯨꯕꯥꯒꯤ#
> kashmir
= ꯀꯥꯁꯃꯤꯔ
< ꯀꯁꯤꯃꯔꯔ#
> glendale
= ꯒ꯭ꯂꯦꯟꯗꯦꯜ
< ꯌꯦꯂꯦꯥꯦ#
> calumet
= ꯀꯦꯂꯨꯃꯦꯠ
< ꯀꯂꯨꯃꯦꯦ#
> kwaa
= ꯀ꯭ꯋꯥ
< ꯀ꯭ꯋꯥ#
> sat
= ꯁꯠ
< ꯁꯥꯠ#
> mingchat
= ꯃꯤꯡꯆꯠ
< ꯃꯤꯡꯆꯠ#
> seattle
= ꯁꯤꯑꯦꯇꯜ
< ꯁꯤꯠꯇꯂꯦ#
> clair
= ꯀ꯭ꯂꯦꯔ
< ꯀꯦꯢꯁꯔ#
> cuttack
= ꯀꯇꯛ
< ꯀꯠꯇꯦꯛꯛ#
> kollam
= ꯀꯣꯜꯂꯝ
< ꯀꯣꯜꯂꯝ#
> badami
= ꯕꯥꯗꯥꯃꯤ
< ꯕꯥꯗꯃꯃꯤ#
> changnaba
= ꯆꯪꯅꯕ
< ꯆꯥꯡꯅꯕ#
> balaghat
= ꯕꯥꯂꯥꯘꯥꯠ
< ꯕꯥꯂꯥꯥꯠ#
> lilagi
= ꯂꯤꯂꯥꯒꯤ
< ꯂꯤꯂꯥꯒꯤ#
> taibangjam
= ꯇꯥꯢꯕꯪꯖꯝ
< ꯇꯥꯢꯕꯪꯒꯖꯝ#
> nongthak
= ꯅꯣꯡꯊꯛ
< ꯅꯣꯡꯊꯛꯛ#
> khunggang
= ꯈꯨꯡꯒꯪ
< ꯈꯨꯡꯒꯪ#
> nagari
= ꯅꯥꯒꯔꯤ
< ꯅꯥꯒꯔꯤ#
> kalaburagi
= ꯀꯂꯥꯕꯨꯔꯥꯒꯤ
< ꯀꯥꯂꯕꯨꯔꯒꯤ#
> navadurga
= ꯅꯕꯗꯨꯔꯒꯥ
< ꯅꯥꯚꯗꯨꯔ#
> keina
= ꯀꯩꯅꯥ
< ꯀꯩꯅ#
> varma
= ꯕꯔꯃ
< ꯚꯥꯃꯔ#
> olympic
= ꯑꯣꯂꯤꯝꯄꯤꯛ
< ꯑꯣꯂꯤꯝꯄꯤꯛ#
> zavala
= ꯖꯥꯚꯥꯂꯥ
< ꯓꯥꯂꯥ#
> burch
= ꯕꯔ꯭ꯛ
< ꯕꯨꯔꯆ#
> pakhangbagi
= ꯄꯥꯈꯪꯕꯒꯤ
< ꯄꯥꯈꯪꯕꯒꯤ#
> laishangda
= ꯂꯥꯢꯁꯪꯗ
< ꯂꯥꯢꯁꯪꯗ#
> petra
= ꯄꯦꯇ꯭ꯔꯥ
< ꯄꯦꯠꯇꯔ#
> tanla
= ꯇꯥꯟꯂꯥ
< ꯇꯥꯟꯂꯥ#
> boca
= ꯕꯣꯀꯥ
< ꯕꯣꯁꯥ#
> uzbeki
= ꯎꯓꯕꯦꯀꯤ
< ꯎꯕꯦꯀꯤ#
> massey
= ꯃꯦꯁꯤ
< ꯃꯁꯦꯁꯦ#
> sagar
= ꯁꯥꯒꯔ
< ꯁꯥꯒꯔ#
> nganna
= ꯉꯟꯅ
< ꯉꯥꯟꯅ#
> thengnabagi
= ꯊꯦꯡꯅꯕꯒꯤ
< ꯊꯦꯡꯅꯕꯒꯤ#
> hornbill
= ꯍꯣꯔꯟꯕꯤꯜ
< ꯍꯣꯔꯕꯤꯟꯂꯦꯜ#
> sangli
= ꯁꯪꯂꯤ
< ꯁꯪꯂꯤ#
> mumbai
= ꯃꯨꯝꯕꯥꯢ
< ꯃꯨꯝꯕꯥꯢ#
> atri
= ꯑꯇ꯭ꯔꯤ
< ꯑꯇ꯭ꯔꯤ#
> yenakhaa
= ꯌꯦꯅꯈꯥ
< ꯌꯦꯅꯈꯥ#
> yannanaba
= ꯌꯥꯟꯅꯅꯕ
< ꯌꯥꯟꯅꯅꯕ#
> loinaduna
= ꯂꯣꯢꯅꯗꯨꯅ
< ꯂꯣꯢꯅꯗꯨꯅ#
> poway
= ꯄꯣꯋꯦ
< ꯄꯣꯋꯥ#
> sonipat
= ꯁꯣꯅꯤꯄꯥꯠ
< ꯁꯣꯅꯤꯄꯥꯠ#
> anakpa
= ꯑꯅꯛꯄ
< ꯑꯅꯥꯛꯄ#
> muniswara
= ꯃꯨꯅꯤꯁ꯭ꯋꯔꯥ
< ꯃꯨꯅꯤꯁ꯭ꯋꯥꯔꯥ#
> panaani
= ꯄꯅꯥꯅꯤ
< ꯄꯅꯥꯅꯤ#
> chingsaangsingna
= ꯆꯤꯡꯁꯥꯡꯁꯤꯡꯅ
< ꯆꯤꯡꯁꯪꯁꯤꯡꯅꯅ#
> mirza
= ꯃꯤꯔꯖꯥ
< ꯃꯤꯔꯓꯥ#
> paandam
= ꯄꯥꯟꯗꯝ
< ꯄꯥꯟꯗꯝ#
> onhanduna
= ꯑꯣꯟꯍꯟꯗꯨꯅ
< ꯑꯣꯟꯍꯟꯗꯨꯅ#
> kumsinba
= ꯀꯨꯝꯁꯤꯟꯕ
< ꯀꯨꯝꯁꯤꯟꯕ#
> hermitagegi
= ꯍꯔꯃꯤꯇꯦꯖꯒꯤ
< ꯍꯥꯔꯃꯦꯇꯤꯒꯤꯤ#
> dublin
= ꯗꯕ꯭ꯂꯤꯟ
< ꯗꯨꯜꯂꯤꯟ#
> state
= ꯁ꯭ꯇꯦꯠ
< ꯁ꯭ꯇꯦꯠ#
> wathore
= ꯋꯥꯊꯣꯔ
< ꯋꯥꯊꯣꯔ#
> tumhanbagi
= ꯇꯨꯝꯍꯟꯕꯒꯤ
< ꯇꯨꯝꯍꯟꯕꯒꯤ#
> waangbadu
= ꯋꯥꯡꯕꯗꯨ
< ꯋꯥꯡꯕꯗꯨ#
> samjetsabam
= ꯁꯝꯖꯦꯠꯁꯥꯕꯝ
< ꯁꯝꯖꯦꯁꯇꯕꯝꯝ#
> huhtamaki
= ꯍꯨꯇꯃꯥꯀꯤ
< ꯍꯨꯝꯇꯀꯀꯤ#
> sundram
= ꯁꯨꯟꯗ꯭ꯔꯝ
< ꯁꯨꯟꯗ꯭ꯔꯝ#
> meenungsi
= ꯃꯤꯅꯨꯡꯁꯤ
< ꯃꯤꯅꯨꯡꯁꯤ#
> pullaba
= ꯄꯨꯜꯂꯕ
< ꯄꯨꯜꯂꯕ#
> mangaluru
= ꯃꯪꯒꯥꯂꯨꯔꯨ
< ꯃꯉꯟꯔꯨꯨꯨꯨ#
> dohrey
= ꯗꯣꯍꯔꯤ
< ꯗꯣꯔꯦꯐ#
> pal
= ꯄꯥꯜ
< ꯄꯥꯜ#
> sakminnabagi
= ꯁꯛꯃꯤꯟꯅꯕꯒꯤ
< ꯁꯛꯃꯦꯟꯅꯕꯒꯤ#
> chhateja
= ꯆꯥꯇꯦꯖꯥ
< ꯆꯇꯦꯖ#
> raykar
= ꯔꯥꯢꯀꯔ
< ꯔꯥꯀꯥꯔ#
> hajipur
= ꯍꯥꯖꯤꯄꯨꯔ
< ꯍꯥꯖꯤꯄꯔꯨ#
> haappaga
= ꯍꯥꯞꯄꯒ
< ꯍꯥꯞꯄꯒ#
> vakrangee
= ꯚꯀ꯭ꯔꯥꯡꯒꯤ
< ꯚꯛꯔꯥꯔꯤꯦ#
> suffolk
= ꯁꯨꯐꯣꯜꯛ
< ꯁꯨꯐꯣꯜꯛꯛ#
> sheisak
= ꯁꯩꯁꯛ
< ꯁꯩꯁꯛ#
> refractories
= ꯔꯤꯐ꯭ꯔꯦꯛꯇꯣꯔꯤꯁ
< ꯔꯤꯐꯦꯇꯣꯔꯤꯌꯥꯥꯛ#
> naothingkhong
= ꯅꯥꯎꯊꯤꯡꯈꯣꯡ
< ꯅꯥꯎꯊꯤꯡꯈꯣꯡ#
> homerna
= ꯍꯣꯃꯔꯅ
< ꯍꯣꯔꯤꯅꯅ#
> saafu
= ꯁꯥꯐꯨ
< ꯁꯥꯐꯨ#
> seide
= ꯁꯤꯗ
< ꯁꯩꯗꯦ#
> samu
= ꯁꯥꯃꯨ
< ꯁꯃꯨ#
> yenthokpagi
= ꯌꯦꯟꯊꯣꯛꯄꯒꯤ
< ꯌꯦꯟꯊꯣꯛꯄꯒꯤ#
> salaichasingga
= ꯁꯂꯥꯢꯆꯥꯁꯤꯡꯒ
< ꯁꯂꯥꯢꯆꯦꯡꯒ#
> gangte
= ꯒꯥꯡꯇꯦ
< ꯒꯥꯡꯦ#
> prakash
= ꯄ꯭ꯔꯀꯥꯁ
< ꯄꯔꯀꯥꯁ#
> lee
= ꯂꯤ
< ꯂꯤ#
> benitez
= ꯕꯦꯅꯤꯇꯦꯖ
< ꯕꯦꯅꯤꯖꯦ#
> yukren
= ꯌꯨꯀ꯭ꯔꯦꯟ
< ꯌꯨꯛ꯭ꯔꯦꯟ#
> salt
= ꯁꯣꯜꯠ
< ꯁꯥꯠ#
> amangsang
= ꯑꯃꯥꯡꯁꯪ
< ꯑꯃꯥꯡꯁꯪ#
> iningthou
= ꯏꯅꯤꯡꯊꯧ
< ꯏꯅꯤꯡꯊꯧ#
> baharampur
= ꯕꯍꯥꯔꯥꯝꯄꯨꯔ
< ꯕꯥꯥꯔꯄꯨꯔꯔ#
> touminnabagi
= ꯇꯧꯃꯤꯟꯅꯕꯒꯤ
< ꯇꯧꯃꯤꯟꯅꯕꯒꯤ#
> tangadabani
= ꯇꯥꯟꯒꯗꯕꯅꯤ
< ꯇꯥꯟꯗꯕꯗꯅꯤ#
> lio
= ꯂꯤꯑꯣ
< ꯂꯤꯑꯣ#
> hangchit
= ꯍꯪꯆꯤꯠ
< ꯍꯥꯡꯆꯤꯠ#
> dalhousie
= ꯗꯜꯍꯥꯎꯁꯤ
< ꯗꯜꯜꯍꯧꯁꯤ#
> sinthaa
= ꯁꯤꯟꯊꯥ
< ꯁꯤꯟꯊꯥ#
> thi
= ꯊꯤ
< ꯊꯤ#
> paamnakhiba
= ꯄꯥꯝꯅꯈꯤꯕ
< ꯄꯥꯝꯅꯈꯤꯕ#
> udhampur
= ꯎꯙꯝꯄꯨꯔ
< ꯎꯗꯝꯄꯨꯔ#
> maangpa
= ꯃꯥꯡꯄ
< ꯃꯥꯡꯄ#
> santana
= ꯁꯟꯇꯥꯅꯥ
< ꯁꯟꯇꯅ#
> ayambagi
= ꯑꯌꯥꯝꯕꯒꯤ
< ꯑꯌꯥꯝꯕꯒꯤ#
> patterson
= ꯄꯦꯇꯔꯁꯟ
< ꯄꯥꯇꯇꯔꯁꯣꯟ#
> chenhanba
= ꯆꯦꯟꯍꯟꯕ
< ꯆꯦꯟꯍꯟꯕ#
> kailashahar
= ꯀꯥꯢꯂꯥꯁꯥꯍꯔ
< ꯀꯥꯢꯂꯥꯔꯕ#
> balmiki
= ꯕꯥꯜꯃꯤꯀꯤ
< ꯕꯥꯂꯤꯀꯤꯤ#
> saathiraba
= ꯁꯥꯊꯤꯔꯕ
< ꯁꯥꯊꯤꯔꯕ#
> organ
= ꯑꯣꯔꯒꯥꯟ
< ꯑꯣꯒ꯭ꯥꯟ#
> punjab
= ꯄꯟꯖꯥꯕ
< ꯄꯨꯟꯖꯥꯕ#
> headquarter
= ꯍꯦꯗꯀ꯭ꯋꯥꯇꯔ
< ꯍꯥꯗꯋꯥꯇꯇꯔꯔ#
> meeyamna
= ꯃꯤꯌꯥꯝꯅ
< ꯃꯤꯌꯥꯝꯅ#
> belkoni
= ꯕꯦꯜꯀꯣꯅꯤ
< ꯕꯦꯜꯀꯣꯅꯤ#
> potpham
= ꯄꯣꯠꯐꯝ
< ꯄꯣꯠꯐꯝ#
> wasif
= ꯋꯥꯁꯤꯐ
< ꯋꯥꯁꯤ#
> kouraba
= ꯀꯧꯔꯕ
< ꯀꯧꯔꯕ#
> pope
= ꯄꯣꯞ
< ꯄꯣꯄꯦ#
> choudhary
= ꯆꯧꯙꯔꯤ
< ꯆꯧꯗꯔꯔ#
> kangleipaakpu
= ꯀꯪꯂꯩꯄꯥꯛꯄꯨ
< ꯀꯪꯂꯩꯄꯥꯛꯄꯛ#
> soto
= ꯁꯣꯇꯣ
< ꯁꯣꯇꯣ#
> sanaareina
= ꯁꯅꯥꯔꯩꯅ
< ꯁꯅꯥꯔꯦꯅꯥ#
> pambigi
= ꯄꯥꯝꯕꯤꯒꯤ
< ꯄꯥꯝꯕꯤꯒꯤ#
> underwood
= ꯑꯟꯗꯔꯋꯨꯗ
< ꯎꯟꯗꯦꯔꯧꯗꯣꯗ#
> primate
= ꯄ꯭ꯔꯤꯃꯦꯠ
< ꯄ꯭ꯔꯤꯃꯥꯢ#
> laknage
= ꯂꯥꯛꯅꯒꯦ
< ꯂꯥꯛꯅꯔꯦ#
> isuzu
= ꯏꯁꯨꯖꯨ
< ꯏꯁꯨꯨꯨ#
> hakki
= ꯍꯛꯀꯤ
< ꯍꯥꯛꯀꯤ#
> pambisingna
= ꯄꯥꯝꯕꯤꯁꯤꯡꯅ
< ꯄꯥꯝꯕꯤꯁꯤꯡꯅ#
> irvine
= ꯏꯔꯕꯤꯟ
< ꯏꯔꯤꯕꯤꯟ#
> meishaa
= ꯃꯩꯁꯥ
< ꯃꯩꯁꯥ#
> parrish
= ꯄꯦꯔꯔꯤꯁ
< ꯄꯔꯔꯤꯁ#
> romda
= ꯔꯣꯝꯗ
< ꯔꯣꯝꯗ#
> ashley
= ꯑꯦꯁꯂꯤ
< ꯑꯁꯦ꯭ꯌꯦ#
> mamaangngeigi
= ꯃꯃꯥꯡꯉꯩꯒꯤ
< ꯃꯥꯥꯡꯉꯩꯃꯤ#
> lawrie
= ꯂꯣꯔꯤ
< ꯂꯥꯋꯔꯤ#
> bhushan
= ꯚꯨꯁꯥꯟ
< ꯚꯨꯍꯥꯟ#
> special
= ꯁ꯭ꯄꯦꯁꯤꯑꯜ
< ꯁ꯭ꯄꯦꯁꯤꯌꯦꯜ#
> seamec
= ꯁꯤꯃꯦꯛ
< ꯁꯤꯌꯥꯃꯛ#
> niwajgi
= ꯅꯤꯋꯥꯖꯒꯤ
< ꯅꯤꯋꯥꯥꯒꯤ#
> gaikwad
= ꯒꯥꯢꯀ꯭ꯋꯥꯗ
< ꯒꯥꯢꯖꯥꯛ#
> fare
= ꯐꯥꯔꯦ
< ꯐꯔꯦ#
> tingthoktuna
= ꯇꯤꯡꯊꯣꯛꯇꯨꯅ
< ꯇꯤꯡꯊꯣꯛꯇꯨꯅ#
> jersey
= ꯖꯔꯁꯤ
< ꯖꯦꯔꯤꯌ#
> laiyek
= ꯂꯥꯢꯌꯦꯛ
< ꯂꯥꯢꯌꯦꯛ#
> dhatu
= ꯙꯥꯇꯨ
< ꯙꯥꯨꯨ#
> artifact
= ꯑꯥꯔꯇꯤꯐꯦꯛ
< ꯑꯥꯔꯇꯤꯐꯦꯛꯁꯛ#
> costa
= ꯀꯣꯁꯇꯥ
< ꯀꯣꯁꯇꯥ#
> ngashishu
= ꯉꯁꯤꯁꯨ
< ꯉꯁꯤꯁꯨ#
> bhagalpur
= ꯚꯥꯒꯜꯄꯨꯔ
< ꯚꯒꯥꯄꯥꯔꯨ#
> lansinggi
= ꯂꯥꯟꯁꯤꯡꯒꯤ
< ꯂꯥꯟꯁꯤꯡꯒꯤ#
> rameswaram
= ꯔꯥꯃꯦꯁ꯭ꯋꯔꯝ
< ꯔꯥꯃꯦꯟꯗ꯭ꯔꯥꯝ#
> dev
= ꯗꯦꯚ
< ꯗꯦꯕ#
> ahuja
= ꯑꯍꯨꯖꯥ
< ꯑꯍꯨꯖ#
> semlakpa
= ꯁꯦꯝꯂꯛꯄ
< ꯁꯦꯝꯂꯛꯄ#
> global
= ꯒ꯭ꯂꯣꯕꯜ
< ꯒꯣꯂꯥꯜ#
> ningthourelni
= ꯅꯤꯡꯊꯧꯔꯦꯜꯅꯤ
< ꯅꯤꯡꯊꯧꯔꯦꯜꯅꯤ#
> dart
= ꯗꯥꯔꯠ
< ꯗꯥꯔꯠ#
> samtharaktanaba
= ꯁꯝꯊꯔꯛꯇꯅꯕ
< ꯁꯝꯊꯠꯈꯤꯕꯅ#
> amuksu
= ꯑꯃꯨꯛꯁꯨ
< ꯑꯃꯨꯛꯁꯨ#
> chaurasiya
= ꯆꯣꯔꯁꯤꯌꯥ
< ꯆꯥꯎꯔꯤꯌꯥꯌꯥ#
> panana
= ꯄꯅꯥꯅ
< ꯄꯅꯥꯅ#
> sandorakpadagi
= ꯁꯟꯗꯣꯔꯛꯄꯗꯒꯤ
< ꯁꯟꯗꯣꯔꯛꯄꯗꯒꯤ#
> konlaga
= ꯀꯣꯟꯂꯒ
< ꯀꯣꯟꯂꯒ#
> europeki
= ꯌꯨꯔꯣꯞꯀꯤ
< ꯏꯌꯨꯔꯣꯀꯀꯤ#
> buxar
= ꯕꯛꯁꯔ
< ꯕꯨꯖꯔꯔ#
> narsinghgarh
= ꯅꯔꯁꯤꯡꯒꯔ
< ꯅꯥꯁꯤꯡꯒ꯭ꯤꯍꯔ#
> feichom
= ꯐꯩꯆꯣꯝ
< ꯐꯩꯆꯣꯝ#
> giles
= ꯒꯤꯜꯁ
< ꯒꯤꯂꯦꯁꯦ#
> dialect
= ꯗꯥꯢꯂꯦꯛ
< ꯗꯤꯑꯦꯦꯦꯂꯦꯠ#
> sathina
= ꯁꯥꯊꯤꯅ
< ꯁꯥꯊꯤꯟ#
> uttar
= ꯎꯠꯇꯔ
< ꯎꯠꯇꯔ#
> amazon
= ꯑꯦꯃꯦꯖꯣꯟ
< ꯑꯃꯥꯓꯣꯟ#
> leiminnahankhi
= ꯂꯩꯃꯤꯟꯅꯍꯟꯈꯤ
< ꯂꯩꯃꯤꯟꯅꯈꯤꯈꯤ#
> chanipanga
= ꯆꯥꯅꯤꯄꯥꯟꯒ
< ꯆꯥꯅꯤꯄꯥꯟꯒ#
> dadra
= ꯗꯥꯗ꯭ꯔꯥ
< ꯗꯥꯗ꯭ꯔ#
> waheina
= ꯋꯥꯍꯩꯅ
< ꯋꯥꯍꯩꯅ#
> debita
= ꯗꯦꯕꯤꯇꯥ
< ꯗꯦꯕꯤꯇ#
> sophia
= ꯁꯣꯐꯤꯌꯥ
< ꯁꯣꯐꯤꯌꯥ#
> mishra
= ꯃꯤꯁ꯭ꯔꯥ
< ꯃꯤꯁꯔꯤ#
> heal
= ꯍꯤꯜ
< ꯍꯤꯜ#
> thaina
= ꯊꯥꯢꯅ
< ꯊꯥꯢꯅ#
> hourakpa
= ꯍꯧꯔꯛꯄ
< ꯍꯧꯔꯛꯄ#
> ireland
= ꯑꯥꯌꯔꯂꯦꯟ
< ꯏꯔꯥꯟꯂꯦꯟ#
> enid
= ꯏꯅꯤꯗ
< ꯏꯅꯤꯗ#
> naiba
= ꯅꯥꯢꯕ
< ꯅꯥꯢꯕ#
> fluorine
= ꯐ꯭ꯂꯣꯔꯤꯟ
< ꯐ꯭ꯂꯣꯔꯤꯅꯦꯖ#
> hoshangabad
= ꯍꯣꯁꯪꯒꯥꯕꯥꯗ
< ꯍꯣꯁꯥꯟꯕꯗ#
> sayreville
= ꯁꯦꯌꯔꯚꯤꯜ
< ꯁꯔꯔꯔꯦꯜꯂꯦꯜ#
> dispur
= ꯗꯤꯁꯄꯨꯔ
< ꯗꯤꯁꯄꯨꯔ#
> virani
= ꯕꯤꯔꯥꯅꯤ
< ꯚꯤꯔꯥꯅꯤ#
> serrano
= ꯁꯦꯔꯥꯅꯣ
< ꯁꯔꯔꯔꯅꯣ#
> seishak
= ꯁꯩꯁꯛ
< ꯁꯩꯁꯛ#
> floyd
= ꯐ꯭ꯂꯣꯢꯗ
< ꯐ꯭ꯂꯣꯟꯗ#
> kokfaigi
= ꯀꯣꯛꯐꯥꯢꯒꯤ
< ꯀꯣꯛꯐꯥꯒꯤ#
> sakolpan
= ꯁꯀꯣꯜꯄꯟ
< ꯁꯥꯀꯣꯜꯄꯟ#
> waatli
= ꯋꯥꯠꯂꯤ
< ꯋꯥꯠꯂꯤ#
> meenungshi
= ꯃꯤꯅꯨꯡꯁꯤ
< ꯃꯤꯅꯨꯨꯁꯤ#
> melton
= ꯃꯦꯜꯇꯟ
< ꯃꯦꯜꯇꯣꯟ#
> paaraa
= ꯄꯥꯔꯥ
< ꯄꯥꯔꯥ#
> turelni
= ꯇꯨꯔꯦꯜꯅꯤ
< ꯇꯨꯔꯦꯜꯅꯤ#
> kushwaha
= ꯀꯨꯁꯋꯥꯍꯥ
< ꯀꯨꯁ꯭ꯋꯥ#
> ngashepam
= ꯉꯥꯁꯦꯞꯄꯝ
< ꯉꯁꯤꯄꯝ#
> lanlou
= ꯂꯥꯟꯂꯧ
< ꯂꯥꯟꯂꯧ#
> hurley
= ꯍꯔꯂꯤ
< ꯍꯨꯔꯂꯦ#
> maheshwari
= ꯃꯍꯦꯁ꯭ꯋꯔꯤ
< ꯃꯍꯦꯁ꯭ꯋꯥꯔꯤ#
> jamshedpur
= ꯖꯝꯁꯦꯗꯄꯨꯔ
< ꯖꯝꯁꯗꯔꯄꯔꯨ#
> maun
= ꯃꯎꯟ
< ꯃꯥꯎꯟ#
> tamfamshang
= ꯇꯝꯐꯝꯁꯪ
< ꯇꯝꯐꯝꯁꯥ#
> poly
= ꯄꯣꯂꯤ
< ꯄꯣꯂꯤ#
> weymouth
= ꯋꯦꯃꯊ
< ꯋꯤꯃꯧꯊ#
> agarawal
= ꯑꯒꯔꯋꯥꯜ
< ꯑꯥꯒꯥꯔꯜ#
> cotton
= ꯀꯣꯇꯟ
< ꯀꯇꯣꯠꯅꯣ#
> centro
= ꯁꯦꯟꯇ꯭ꯔꯣ
< ꯁꯦꯟꯇꯔꯣ#
> zinc
= ꯖꯤꯡꯛ
< ꯓꯤꯟꯛ#
> corp
= ꯀꯣꯔꯞ
< ꯀꯥꯔ#
> kanaba
= ꯀꯥꯅꯕ
< ꯀꯥꯕꯅ#
> tilakpur
= ꯇꯤꯂꯛꯄꯨꯔ
< ꯇꯤꯂꯛꯄꯄꯨ#
> phaaktoklaga
= ꯐꯥꯛꯇꯣꯛꯂꯒ
< ꯐꯥꯛꯇꯣꯛꯂꯒ#
> keshari
= ꯀꯦꯁꯔꯤ
< ꯀꯦꯁꯔꯤ#
> desabathula
= ꯗꯦꯁꯥꯕꯥꯊꯨꯂꯥ
< ꯗꯦꯁꯥꯜꯍꯥ#
> lirammi
= ꯂꯤꯔꯝꯃꯤ
< ꯂꯤꯔꯝꯃꯤ#
> gaya
= ꯒꯥꯌꯥ
< ꯒꯥꯂꯥ#
> thongbasingna
= ꯊꯣꯡꯕꯁꯤꯡꯅ
< ꯊꯣꯡꯕꯁꯤꯡꯡꯅ#
> jelly
= ꯖꯦꯂꯤ
< ꯖꯦꯂꯤꯜ#
> krishna
= ꯀ꯭ꯔꯤꯁꯅ
< ꯀ꯭ꯔꯤꯁꯅ#
> prasad
= ꯄ꯭ꯔꯁꯥꯗ
< ꯄ꯭ꯔꯥꯗ#
> nagpur
= ꯅꯥꯒꯄꯨꯔ
< ꯅꯥꯄꯨꯔ#
> saadrisibo
= ꯁꯥꯗ꯭ꯔꯤꯁꯤꯕꯣ
< ꯁꯥꯗꯗ꯭ꯔꯤꯁꯤꯕ#
> shruti
= ꯁ꯭ꯔꯨꯇꯤ
< ꯁꯨꯇꯨꯇꯤ#
> leimajam
= ꯂꯩꯃꯖꯝ
< ꯂꯩꯃꯖꯥ#
> gonda
= ꯒꯣꯟꯗ
< ꯖꯣꯟꯗ#
> touri
= ꯇꯧꯔꯤ
< ꯇꯧꯔꯤ#
> beaverton
= ꯕꯤꯕꯔꯇꯟ
< ꯕ꯭ꯕꯥꯔꯥꯚꯣꯇꯟ#
> johns
= ꯖꯣꯟꯁ
< ꯖꯣꯟꯁꯁ#
> nabha
= ꯅꯥꯚꯥ
< ꯅꯕ#
> yaoriba
= ꯌꯥꯎꯔꯤꯕ
< ꯌꯥꯎꯔꯤꯕ#
> kaanglupki
= ꯀꯥꯡꯂꯨꯞꯀꯤ
< ꯀꯥꯡꯂꯨꯞꯀꯤ#
> toudana
= ꯇꯧꯗꯅ
< ꯇꯧꯗꯅ#
> douglas
= ꯗꯣꯒ꯭ꯂꯥꯁ
< ꯗꯧꯒꯂꯁ#
> meeshak
= ꯃꯤꯁꯛ
< ꯃꯤꯁꯛ#
> jarvis
= ꯖꯥꯔꯕꯤꯁ
< ꯖꯥꯔꯤꯤꯁ#
> barai
= ꯕꯔꯥꯢ
< ꯕꯔꯥ#
> collierville
= ꯀꯣꯜꯂ꯭ꯌꯔꯚꯤꯜ
< ꯀꯣꯜꯂꯤꯂꯤꯕꯤ#
> glycols
= ꯒ꯭ꯂꯥꯢꯀꯣꯜꯁ
< ꯒ꯭ꯂꯤꯀꯣꯜꯁ#
> electrosteel
= ꯏꯂꯦꯛꯇ꯭ꯔꯣꯁ꯭ꯇꯤꯜ
< ꯏꯂꯦꯛꯇ꯭ꯂꯦꯀꯦꯇꯦꯗ#
> wachetmanbi
= ꯋꯥꯆꯦꯠꯃꯥꯟꯕꯤ
< ꯋꯦꯦꯦꯃꯦꯠꯕꯤ#
> yuba
= ꯌꯨꯕꯥ
< ꯌꯨꯕ#
> leikhidaba
= ꯂꯩꯈꯤꯗꯕ
< ꯂꯩꯈꯤꯗꯕ#
> mayamsigi
= ꯃꯌꯥꯝꯁꯤꯒꯤ
< ꯃꯌꯥꯝꯁꯤꯒꯤ#
> shantiniketan
= ꯁꯥꯟꯇꯤꯅꯤꯀꯦꯇꯟ
< ꯁꯟꯇꯤꯤꯇꯟꯀꯦꯟꯟ#
> veda
= ꯚꯦꯗꯥ
< ꯚꯦꯗꯥ#
> lane
= ꯂꯦꯟ
< ꯂꯥꯅꯦ#
> centum
= ꯁꯦꯟꯇꯝ
< ꯁꯦꯟꯇꯨꯝ#
> asini
= ꯑꯁꯤꯅꯤ
< ꯑꯁꯤꯅꯤ#
> patel
= ꯄꯇꯦꯜ
< ꯄꯇꯦꯜ#
> aeronautics
= ꯑꯦꯔꯣꯅꯣꯇꯤꯛꯁ
< ꯑꯦꯔꯅꯅꯤꯁꯣꯁ#
> khumaang
= ꯈꯨꯃꯥꯡ
< ꯈꯨꯃꯥꯡ#
> africa
= ꯑꯐ꯭ꯔꯤꯀꯥ
< ꯑꯐ꯭ꯔꯤꯀꯥ#
> siwan
= ꯁꯤꯋꯥꯟ
< ꯁꯤꯋꯥꯟ#
> mamingdagi
= ꯃꯃꯤꯡꯗꯒꯤ
< ꯃꯃꯤꯡꯗꯒꯤ#
> haannagi
= ꯍꯥꯟꯅꯒꯤ
< ꯍꯥꯟꯅꯒꯤ#
> suri
= ꯁꯨꯔꯤ
< ꯁꯨꯔꯤ#
> potsangpam
= ꯄꯣꯠꯁꯪꯄꯝ
< ꯄꯣꯠꯁꯥꯄꯥꯝ#
> machida
= ꯃꯆꯤꯗ
< ꯃꯆꯤꯗ#
> maagi
= ꯃꯥꯒꯤ
< ꯃꯥꯒꯤ#
> macias
= ꯃꯥꯀꯤꯑꯥꯁ
< ꯃꯥꯥꯁꯤꯥ#
> guha
= ꯒꯨꯍꯥ
< ꯒꯨꯍꯥ#
> nakhutna
= ꯅꯈꯨꯠꯅ
< ꯅꯈꯨꯠꯅ#
> ayaangpa
= ꯑꯌꯥꯡꯄ
< ꯑꯌꯥꯡꯄ#
> laikhulempi
= ꯂꯥꯢꯈꯨꯂꯦꯝꯄꯤ
< ꯂꯥꯢꯈꯨꯝꯂꯤꯤ#
> autometa
= ꯑꯣꯇꯣꯃꯦꯇꯥ
< ꯑꯇꯣꯇꯣꯃꯦ#
> randhawa
= ꯔꯟꯙꯥꯋꯥ
< ꯔꯥꯟꯗꯋ#
> gravita
= ꯒ꯭ꯔꯥꯚꯤꯇꯥ
< ꯒꯥꯚꯤꯤꯇꯥ#
> sakpa
= ꯁꯛꯄ
< ꯁꯛꯄꯄ#
> waangngi
= ꯋꯥꯡꯉꯤ
< ꯋꯥꯡꯉꯤ#
> tiwari
= ꯇꯤꯋꯥꯔꯤ
< ꯇꯤꯋꯥꯔꯤ#
> lacey
= ꯂꯦꯁꯤ
< ꯂꯥꯁꯦ#
> yotngou
= ꯌꯣꯠꯉꯧ
< ꯌꯣꯠꯅꯧ#
> gangadas
= ꯒꯪꯒꯥꯗꯥꯁ
< ꯒꯥꯪꯗꯁ#
> charity
= ꯆꯦꯔꯤꯇꯤ
< ꯀꯔꯤꯇꯤ#
> worldwide
= ꯋꯔꯜꯗꯋꯥꯢꯗ
< ꯋꯣꯔꯇꯦꯗꯦꯗ#
> yeningthaa
= ꯌꯦꯅꯤꯡꯊꯥ
< ꯌꯦꯅꯤꯡꯊꯥ#
> chatnalammi
= ꯆꯠꯅꯂꯝꯃꯤ
< ꯆꯠꯅꯂꯝꯃꯤ#
> peck
= ꯄꯦꯛ
< ꯄꯦꯛꯁꯛ#
> oibani
= ꯑꯣꯢꯕꯅꯤ
< ꯑꯣꯢꯕꯅꯤ#
> thongnaba
= ꯊꯣꯡꯅꯕ
< ꯊꯣꯡꯅꯕ#
> kikipedia
= ꯀꯤꯀꯤꯄꯦꯗꯤꯌꯥ
< ꯀꯤꯀꯤꯄꯦꯗꯤꯌꯥ#
> pulempa
= ꯄꯨꯂꯦꯝꯄ
< ꯄꯨꯂꯦꯝꯄ#
> pithari
= ꯄꯤꯊꯔꯤ
< ꯄꯤꯊꯔꯤ#
> laangon
= ꯂꯥꯡꯑꯣꯟ
< ꯂꯥꯉꯣꯟ#
> prasath
= ꯄ꯭ꯔꯁꯥꯊ
< ꯄ꯭ꯔꯥꯁꯊ#
> maurya
= ꯃꯣꯔꯤꯌꯥ
< ꯃꯧ꯭꯭ꯔꯔꯥ#
> taagi
= ꯇꯥꯒꯤ
< ꯇꯥꯒꯤ#
> moreno
= ꯃꯣꯔꯦꯅꯣ
< ꯃꯣꯔꯦꯅꯣ#
> pleasant
= ꯄ꯭ꯂꯦꯖꯟꯠ
< ꯄ꯭ꯂꯦꯁꯟꯁ#
> kunmari
= ꯀꯨꯟꯃꯔꯤ
< ꯀꯨꯟꯃꯥꯔꯤ#
> asasi
= ꯑꯥꯁꯥꯁꯤ
< ꯑꯁꯥꯁꯤ#
> bodh
= ꯕꯣꯙ
< ꯕꯣꯙ#
> nakhong
= ꯅꯈꯣꯡ
< ꯅꯥꯈꯣꯡ#
> jambavan
= ꯖꯥꯝꯕꯋꯟ
< ꯖꯝꯕꯥꯕꯟ#
> yaraba
= ꯌꯥꯔꯕ
< ꯌꯥꯔꯕ#
> frisco
= ꯐ꯭ꯔꯤꯁꯀꯣ
< ꯐ꯭ꯔꯤꯁꯀꯥ#
> satin
= ꯁꯥꯇꯟ
< ꯁꯥꯇꯤꯟ#
> neinalonbu
= ꯅꯩꯅꯂꯣꯟꯕꯨ
< ꯅꯩꯅꯂꯣꯟꯕꯨ#
> everest
= ꯑꯦꯕꯔꯦꯁꯠ
< ꯏꯖꯔꯕꯦꯁ#
> jhunjhunu
= ꯓꯨꯟꯓꯨꯅꯨ
< ꯖꯨꯟꯖꯨꯟꯨꯨ#
> murrieta
= ꯃ꯭ꯌꯨꯔꯤꯌꯦꯠꯇꯥ
< ꯃꯨꯔꯤꯤꯇꯥ#
> jennings
= ꯖꯦꯅꯤꯡꯁ
< ꯖꯦꯟꯅꯤꯡ#
> little
= ꯂꯤꯇꯜ
< ꯂꯤꯠꯂꯦ#
> miss
= ꯃꯤꯁ
< ꯃꯤꯁꯁ#
> thajanaba
= ꯊꯥꯖꯅꯕ
< ꯊꯥꯖꯅꯕ#
> thambagi
= ꯊꯝꯕꯒꯤ
< ꯊꯝꯕꯒꯤ#
> river
= ꯔꯤꯚꯔ
< ꯔꯤꯚꯦ#
> marok
= ꯃꯔꯣꯛ
< ꯃꯔꯣꯛ#
> maria
= ꯃꯥꯔꯤꯑꯥ
< ꯃꯔꯤꯌꯥ#
> phaarabani
= ꯐꯥꯔꯕꯅꯤ
< ꯐꯥꯔꯕꯅꯤ#
> crawford
= ꯀ꯭ꯔꯣꯐꯣꯔꯗ
< ꯀ꯭ꯔꯦꯐꯣꯔꯗ#
> darshan
= ꯗꯔꯁꯟ
< ꯗꯥꯔꯁꯟꯟ#
> tamthiba
= ꯇꯝꯊꯤꯕ
< ꯇꯝꯊꯤꯕ#
> guevara
= ꯒꯦꯕꯥꯔꯥ
< ꯒꯨꯚꯔꯥꯔ#
> beasley
= ꯕꯤꯁꯂꯤ
< ꯕ꯭ꯌꯥꯖꯦꯁ#
> leifamna
= ꯂꯩꯐꯝꯅ
< ꯂꯩꯐꯝꯅ#
> lourakpham
= ꯂꯧꯔꯛꯐꯝ
< ꯂꯧꯔꯛꯐꯝ#
> silvassa
= ꯁꯤꯜꯚꯥꯁꯥ
< ꯁꯤꯜꯥꯥꯚꯁ#
> sevagram
= ꯁꯦꯕꯥꯒ꯭ꯔꯥꯝ
< ꯁꯦꯕꯔ꯭ꯝꯔꯝ#
> moran
= ꯃꯣꯔꯥꯟ
< ꯃꯣꯔꯥꯟ#
> priya
= ꯄ꯭ꯔꯤꯌꯥ
< ꯄ꯭ꯔꯤꯌꯥ#
> saageirel
= ꯁꯥꯒꯩꯔꯦꯜ
< ꯁꯥꯒꯩꯔꯦꯜ#
> panpaki
= ꯄꯥꯟꯄꯀꯤ
< ꯄꯥꯟꯄꯀꯤ#
> kangbuni
= ꯀꯥꯡꯕꯨꯅꯤ
< ꯀꯥꯡꯕꯨꯅꯤ#
> phijam
= ꯐꯤꯖꯝ
< ꯐꯤꯖꯝ#
> vishnuna
= ꯚꯤꯁꯅꯨꯅ
< ꯕꯤꯁꯨꯨꯅ#
> epak
= ꯏꯄꯥꯛ
< ꯏꯄꯥꯛ#
> tanbagi
= ꯇꯥꯟꯕꯒꯤ
< ꯇꯥꯟꯕꯒꯤ#
> greenfield
= ꯒ꯭ꯔꯤꯟꯐꯤꯜꯗ
< ꯒꯦꯔꯤꯟꯐꯦꯜ#
> ghaziabad
= ꯘꯥꯓꯤꯑꯥꯕꯥꯗ
< ꯒꯋꯥꯢꯕꯗ#
> cera
= ꯁꯦꯔ
< ꯁꯦꯔꯥ#
> ngaaksennanaba
= ꯉꯥꯛꯁꯦꯟꯅꯅꯕ
< ꯉꯥꯛꯁꯦꯟꯅꯅꯕ#
> berg
= ꯕꯔꯒ
< ꯕꯦꯖ#
> puwarida
= ꯄꯨꯋꯥꯔꯤꯗ
< ꯄꯨꯋꯥꯔꯤꯗ#
> safari
= ꯁꯐꯥꯔꯤ
< ꯁꯥꯐꯔꯤ#
> matonsi
= ꯃꯇꯣꯟꯁꯤ
< ꯃꯇꯣꯟꯁꯤ#
> rivas
= ꯔꯤꯕꯥꯁ
< ꯔꯤꯚꯥꯁ#
> merlion
= ꯃꯦꯔꯂꯥꯌꯟ
< ꯃꯦꯔꯂꯣꯟ#
> chanu
= ꯆꯥꯅꯨ
< ꯆꯥꯎ#
> panaraga
= ꯄꯥꯅꯔꯒ
< ꯄꯅꯥꯔꯒ#
> district
= ꯗꯤꯁꯇ꯭ꯔꯤꯛ
< ꯗꯤꯁꯇ꯭ꯔꯤꯛ#
> kayam
= ꯀꯌꯥꯝ
< ꯀꯌꯥꯝ#
> khare
= ꯈꯥꯔꯦ
< ꯈꯔꯦ#
> behar
= ꯕꯦꯍꯥꯔ
< ꯕꯦꯍꯔ#
> conway
= ꯀꯣꯟꯋꯦ
< ꯀꯣꯟ꯭ꯋꯥ#
> chaadana
= ꯆꯥꯗꯅ
< ꯆꯥꯗꯅ#
> shrivastav
= ꯁ꯭ꯔꯤꯚꯥꯁꯇꯚ
< ꯁ꯭ꯔꯤꯇꯥꯚꯣ#
> mehta
= ꯃꯦꯍꯇꯥ
< ꯃꯦꯠꯇ#
> grover
= ꯒ꯭ꯔꯣꯕꯔ
< ꯒ꯭ꯔꯚꯣꯔ#
> punsinduna
= ꯄꯨꯟꯁꯤꯟꯗꯨꯅ
< ꯄꯨꯟꯁꯤꯟꯗꯨꯅ#
> upada
= ꯎꯄꯗ
< ꯎꯄꯗ#
> castaneda
= ꯀꯩꯁꯇꯅꯦꯗ
< ꯀꯥꯁꯦꯇꯇꯦꯟꯗ#
> patra
= ꯄꯇ꯭ꯔ
< ꯄꯇ꯭꯭ꯔꯥꯥꯥ#
> taneja
= ꯇꯅꯦꯖꯥ
< ꯇꯅꯦꯖ#
> natei
= ꯅꯥꯇꯩ
< ꯅꯥꯇꯩ#
> kayaatsingna
= ꯀꯌꯥꯠꯁꯤꯡꯅ
< ꯀꯌꯥꯠꯁꯤꯡꯅ#
> hopkins
= ꯍꯣꯞꯀꯤꯟꯁ
< ꯍꯣꯞꯁꯤꯟꯁꯛ#
> saktaakkhi
= ꯁꯛꯇꯥꯛꯈꯤ
< ꯁꯛꯇꯥꯛꯈꯤ#
> khanjaraba
= ꯈꯟꯖꯔꯕ
< ꯈꯟꯖꯔꯕ#
> essel
= ꯑꯦꯁꯦꯜ
< ꯏꯁꯦꯁꯦꯜ#
> himachal
= ꯍꯤꯃꯥꯆꯜ
< ꯍꯤꯃꯆꯜ#
> judiens
= ꯖꯨꯗꯤꯑꯦꯟꯁ
< ꯖꯨꯗꯤꯟꯁ#
> alwadhi
= ꯑꯜꯋꯥꯙꯤ
< ꯑꯜꯋꯥꯥꯥꯤ#
> kanniyakumari
= ꯀꯟꯅꯤꯌꯥꯀꯨꯃꯥꯔꯤ
< ꯀꯟꯅꯤꯌꯃꯨꯔꯔꯔ#
> stokes
= ꯁ꯭ꯇꯣꯛꯁ
< ꯁ꯭ꯀ꯭ꯔꯣꯁꯤ#
> vincent
= ꯕꯤꯟꯁꯦꯟꯠ
< ꯚꯤꯟꯦꯦꯟꯠ#
> religare
= ꯔꯦꯂꯤꯒꯥꯔꯦ
< ꯔꯤꯒꯤꯌꯥꯔꯦ#
> bharatiya
= ꯚꯥꯔꯠꯇꯤꯌꯥ
< ꯚꯥꯔꯠꯌꯥꯥ#
> littleton
= ꯂꯤꯇꯜꯇꯟ
< ꯂꯤꯇꯂꯦꯠꯇꯣꯟ#
> thaanaa
= ꯊꯥꯅꯥ
< ꯊꯥꯅꯥ#
> yumsalon
= ꯌꯨꯝꯁꯥꯂꯣꯟ
< ꯌꯨꯝꯁꯥꯂꯣꯟ#
> burch
= ꯕꯔꯛ
< ꯕꯨꯔꯆ#
> centennial
= ꯁꯦꯟꯇꯦꯟꯅꯤꯌꯦꯜ
< ꯁꯦꯟꯇꯦꯟꯅꯦꯜ#
> vilas
= ꯚꯤꯂꯥꯁ
< ꯚꯤꯂꯥꯁ#
> thomas
= ꯊꯣꯃꯁ
< ꯊꯣꯃꯥꯁ#
> kokpiba
= ꯀꯣꯛꯄꯤꯕ
< ꯀꯣꯛꯄꯤꯕ#
> katihar
= ꯀꯇꯤꯍꯥꯔ
< ꯀꯥꯤꯥꯔ#
> chengalpattu
= ꯆꯦꯟꯒꯥꯜꯄꯠꯇꯨ
< ꯆꯦꯡꯒꯜꯄꯇꯥꯛ#
> aristotle
= ꯑꯦꯔꯤꯁꯇꯣꯇꯜ
< ꯑꯔꯤꯁꯇꯣꯖꯦꯛ#
> jivani
= ꯖꯤꯕꯥꯅꯤ
< ꯖꯤꯕꯅꯤ#
> changdamnaba
= ꯆꯥꯡꯗꯝꯅꯕ
< ꯆꯥꯡꯗꯝꯅꯕ#
> kokphaigi
= ꯀꯣꯛꯐꯥꯢꯒꯤ
< ꯀꯣꯛꯄꯥꯢꯒꯤ#
> bethlehem
= ꯕꯦꯊꯂꯦꯍꯦꯝ
< ꯕꯦꯊꯤꯦꯂꯤ#
> dwevedi
= ꯗ꯭ꯋꯤꯕꯦꯗꯤ
< ꯗ꯭ꯋꯦꯗꯦꯋꯤ#
> bedford
= ꯕꯦꯗꯐꯔꯗ
< ꯕꯦꯐ꯭ꯗ꯭ꯔꯣ#
> baranwal
= ꯕꯔꯟꯋꯥꯜ
< ꯕꯔꯥꯟꯖꯦꯜ#
> aggrawal
= ꯑꯒꯒ꯭ꯔꯋꯥꯜ
< ꯑꯒ꯭ꯔꯒꯥꯔꯜ#
> londaada
= ꯂꯣꯟꯗꯥꯗ
< ꯂꯣꯟꯗꯥꯗ#
> vaasudeva
= ꯚꯥꯁꯨꯗꯦꯚ
< ꯚꯥꯁꯨꯗꯋꯋ#
> rupa
= ꯔꯨꯄꯥ
< ꯔꯨꯄꯥ#
> view
= ꯚꯤꯎ
< ꯚꯤꯌꯦ#
> wendt
= ꯋꯦꯟꯗ
< ꯋꯦꯟꯗꯦꯠ#
> shak
= ꯁꯛ
< ꯁꯛ#
> nabadurgaa
= ꯅꯕꯗꯨꯔꯒꯥ
< ꯅꯕꯗꯨꯔꯕꯥ#
> maheiloisingna
= ꯃꯍꯩꯂꯣꯢꯁꯤꯡꯅ
< ꯃꯍꯩꯃꯣꯣꯁꯤꯡꯅ#
> ruminant
= ꯔꯨꯃꯤꯅꯦꯟꯠ
< ꯔꯨꯃꯤꯟꯅꯟ#
> khasia
= ꯈꯥꯁꯤꯌꯥ
< ꯈꯁꯤꯌꯥ#
> programmingna
= ꯄ꯭ꯔꯣꯒ꯭ꯔꯥꯝꯃꯤꯡꯅ
< ꯄ꯭ꯔꯣꯒꯔꯔꯝꯗꯅꯤꯅ#
> taakli
= ꯇꯥꯛꯂꯤ
< ꯇꯥꯛꯂꯤ#
> spartanburg
= ꯁ꯭ꯄꯥꯔꯇꯥꯟꯕꯔꯒ
< ꯁ꯭ꯄ꯭ꯔꯦꯇꯥꯟꯕꯤꯔꯨꯡ#
> nahan
= ꯅꯥꯍꯥꯟ
< ꯅꯍꯥꯟ#
> waadu
= ꯋꯥꯗꯨ
< ꯋꯥꯗꯨ#
> eyao
= ꯏꯌꯥꯎ
< ꯏꯌꯥꯎ#
> machunachingbada
= ꯃꯆꯨꯅꯆꯤꯡꯕꯗ
< ꯃꯆꯨꯅꯆꯤꯡꯕꯗ#
> heisingbu
= ꯍꯩꯁꯤꯡꯕꯨ
< ꯍꯩꯁꯤꯡꯕꯨ#
> saatkanli
= ꯁꯥꯠꯀꯟꯂꯤ
< ꯁꯥꯠꯀꯂꯅꯤ#
> financial
= ꯐꯥꯢꯅꯦꯟꯁꯤꯑꯜ
< ꯐꯤꯅꯥꯟꯤꯀꯦꯜ#
> january
= ꯖꯥꯅꯨꯋꯥꯔꯤ
< ꯖꯦꯅꯔꯨꯔꯤ#
> ahluwalia
= ꯑꯥꯂꯨꯋꯥꯂꯤꯑꯥ
< ꯑꯍꯜꯂꯨꯋꯥꯤꯌꯥ#
> jodhpur
= ꯖꯣꯙꯄꯨꯔ
< ꯖꯣꯙꯗꯔꯔ#
> thaleima
= ꯊꯥꯂꯩꯃ
< ꯊꯥꯂꯩꯃ#
> chaibasa
= ꯆꯥꯕꯥꯁꯥ
< ꯆꯥꯢꯕꯁ#
> cincinnati
= ꯁꯤꯟꯁꯤꯅꯥꯇꯤ
< ꯁꯤꯟꯅꯤꯤꯤꯇꯤ#
> digvijay
= ꯗꯤꯒꯕꯤꯖꯦ
< ꯗꯤꯖꯤꯖꯦꯤ#
> icici
= ꯑꯥꯢꯁꯤꯑꯥꯢꯁꯤꯑꯥꯢ
< ꯏꯁꯤꯀꯤ#
> nemty
= ꯅꯦꯝꯇꯤ
< ꯅꯦꯝꯇꯤ#
> chembond
= ꯀꯦꯝꯕꯣꯟꯗ
< ꯀꯦꯝꯕꯣꯟꯗ#
> innovation
= ꯏꯟꯅꯣꯕꯦꯁꯟ
< ꯏꯟꯅꯣꯚꯣꯇꯤꯟ#
> berlin
= ꯕꯔꯂꯤꯟ
< ꯕꯦꯔꯤꯂꯤꯟ#
> lamjing
= ꯂꯝꯖꯤꯡ
< ꯂꯝꯖꯤꯡ#
> daman
= ꯗꯃꯟ
< ꯗꯥꯃꯟ#
> hounaba
= ꯍꯧꯅꯕ
< ꯍꯧꯅꯕ#
> khurailaakpa
= ꯈꯨꯔꯥꯢꯂꯥꯛꯄ
< ꯈꯨꯔꯥꯂꯥꯛꯄ#
> jammu
= ꯖꯃꯨ
< ꯖꯃꯨꯝ#
> sanghi
= ꯁꯡꯘꯤ
< ꯁꯥꯡꯍꯤ#
> aurobindo
= ꯑꯣꯔꯣꯕꯤꯟꯗꯣ
< ꯑꯎꯔꯑꯑꯣꯕꯤꯗꯣ#
> conner
= ꯀꯣꯟꯅꯔ
< ꯀꯣꯟꯅꯔ#
> singsu
= ꯁꯤꯡꯁꯨ
< ꯁꯤꯡꯁꯨ#
> sah
= ꯁꯥꯍ
< ꯁꯥꯍ#
> herrera
= ꯍꯦꯔꯦꯔꯥ
< ꯍꯔꯔꯦꯔꯔ#
> nongin
= ꯅꯣꯡꯉꯤꯟ
< ꯅꯣꯡꯏꯟ#
> danbury
= ꯗꯦꯟꯕꯔꯤ
< ꯗꯟꯕ꯭ꯔꯤꯋꯔ#
> cheihiki
= ꯆꯩꯍꯤꯀꯤ
< ꯆꯩꯍꯩꯀꯤ#
> olsen
= ꯑꯣꯜꯁꯦꯟ
< ꯑꯣꯜꯦꯁꯟ#
> amabuni
= ꯑꯃꯕꯨꯅꯤ
< ꯑꯃꯕꯨꯅꯤ#
> eisu
= ꯑꯩꯁꯨ
< ꯑꯩꯁꯨ#
> lingkhatkhibani
= ꯂꯤꯡꯈꯠꯈꯤꯕꯅꯤ
< ꯂꯤꯡꯈꯠꯈꯤꯡꯅꯤꯕ#
> idea
= ꯑꯥꯢꯗꯤꯑꯥ
< ꯏꯗꯦ#
> shakpa
= ꯁꯛꯄ
< ꯁꯛꯄ#
> manghanba
= ꯃꯥꯡꯍꯟꯕ
< ꯃꯥꯡꯍꯟꯕ#
> protection
= ꯄ꯭ꯔꯣꯇꯦꯛꯁꯟ
< ꯄ꯭ꯔꯣꯇꯦꯀꯤꯁꯟ#
> normal
= ꯅꯣꯔꯃꯜ
< ꯅꯣꯔꯃꯦꯜ#
> amamba
= ꯑꯃꯝꯕ
< ꯑꯃꯝꯕ#
> maheising
= ꯃꯍꯩꯁꯤꯡ
< ꯃꯍꯩꯁꯤꯡ#
> khurailakpa
= ꯈꯨꯔꯥꯢꯂꯥꯛꯄ
< ꯈꯨꯔꯥꯢꯂꯥꯛꯄ#
> leifam
= ꯂꯩꯐꯝ
< ꯂꯩꯐꯝ#
> figueroa
= ꯐꯤꯒꯦꯔꯣꯑ
< ꯐꯤꯒꯨꯒꯣꯔꯥ#
> statesingga
= ꯁ꯭ꯇꯦꯠꯁꯤꯡꯒ
< ꯁ꯭ꯇꯦꯁꯦꯁꯤꯡꯒ#
> thapi
= ꯊꯄꯤ
< ꯊꯥꯄꯤ#
> dailek
= ꯗꯥꯢꯂꯦꯛ
< ꯗꯥꯢꯂꯦꯛ#
> coon
= ꯀꯨꯟ
< ꯀꯣꯑꯣꯟ#
> kangleichasingna
= ꯀꯪꯂꯩꯆꯥꯁꯤꯡꯅ
< ꯀꯪꯂꯩꯄꯁꯤꯡꯡ#
> alembic
= ꯑꯂꯦꯝꯕꯤꯛ
< ꯑꯦꯂꯝꯕꯤꯁ#
> rasayan
= ꯔꯁꯥꯌꯟ
< ꯔꯁꯥꯃꯟ#
> naatampa
= ꯅꯥꯇꯝꯄ
< ꯅꯥꯇꯝꯄ#
> mcguire
= ꯃꯛꯒ꯭ꯋꯥꯌꯔ
< ꯃꯦꯒꯨꯔꯦ#
> luhongkhi
= ꯂꯨꯍꯣꯡꯈꯤ
< ꯂꯨꯍꯣꯡꯈꯤ#
> ngallingeidagi
= ꯉꯜꯂꯤꯉꯩꯗꯒꯤ
< ꯉꯜꯂꯩꯉꯩꯗꯒꯤ#
> andhra
= ꯑꯥꯟꯘ꯭ꯔ
< ꯑꯟꯗ꯭ꯔ#
> chandragiri
= ꯆꯟꯗ꯭ꯔꯒꯤꯔꯤ
< ꯆꯟꯗ꯭ꯔꯤꯉꯔꯤ#
> matungdagina
= ꯃꯇꯨꯡꯗꯒꯤꯅ
< ꯃꯇꯨꯡꯏꯗꯒꯅ#
> lembani
= ꯂꯦꯝꯕꯅꯤ
< ꯂꯦꯝꯕꯅꯤ#
> toujaribani
= ꯇꯧꯖꯔꯤꯕꯅꯤ
< ꯇꯧꯖꯔꯤꯕꯅꯤ#
> pathapki
= ꯄꯊꯥꯞꯀꯤ
< ꯄꯥꯊꯞꯀꯤ#
> luna
= ꯂꯨꯅꯥ
< ꯂꯨꯅꯥ#
> urbana
= ꯎꯔꯕꯥꯅꯥ
< ꯔꯨꯕꯅ#
> thankhre
= ꯊꯟꯈ꯭ꯔꯦ
< ꯊꯥꯟ꯭ꯔꯦ#
> teja
= ꯇꯦꯖꯥ
< ꯇꯦꯖꯥ#
> chakpasinggi
= ꯆꯛꯄꯁꯤꯡꯒꯤ
< ꯆꯥꯛꯄꯁꯤꯡꯒꯤ#
> ranchi
= ꯔꯥꯟꯆꯤ
< ꯔꯥꯟꯆꯤ#
> moil
= ꯃꯣꯢꯜ
< ꯃꯣꯢꯂꯣ#
> latnaduna
= ꯂꯥꯠꯅꯗꯨꯅ
< ꯂꯥꯠꯅꯗꯨꯅ#
> panihati
= ꯄꯅꯤꯍꯥꯇꯤ
< ꯄꯅꯤꯅꯥꯤ#
> tripathi
= ꯇ꯭ꯔꯤꯄꯥꯊꯤ
< ꯇ꯭ꯔꯤꯄꯥꯢ#
> vargas
= ꯕꯥꯔꯒꯁ
< ꯚꯥꯒꯥꯔ#
> leitenglaba
= ꯂꯩꯇꯦꯡꯂꯕ
< ꯂꯩꯇꯦꯡꯂꯕ#
> mizoram
= ꯃꯤꯖꯣꯔꯥꯝ
< ꯃꯤꯓꯣꯔꯥꯝ#
> orlando
= ꯑꯣꯔꯂꯥꯟꯗꯣ
< ꯑꯣꯔꯖꯣꯟꯂꯣ#
> potlam
= ꯄꯣꯠꯂꯝ
< ꯄꯣꯠꯂꯝ#
> nungsiruba
= ꯅꯨꯡꯁꯤꯔꯨꯕ
< ꯅꯨꯡꯁꯤꯔꯨꯕ#
> jarvis
= ꯖꯥꯔꯚꯤꯁ
< ꯖꯥꯔꯤꯤꯁ#
> chittaurgarh
= ꯆꯤꯇꯣꯔꯒꯔ
< ꯆꯤꯇꯇꯔꯔꯒꯔ#
> ollakkhiba
= ꯑꯣꯜꯂꯛꯈꯤꯕ
< ꯑꯣꯜꯂꯛꯈꯤꯕ#
> pangthei
= ꯄꯪꯊꯩ
< ꯄꯥꯡꯩꯩ#
> kok
= ꯀꯣꯛ
< ꯀꯣꯛ#
> altamonte
= ꯑꯂꯇꯥꯃꯣꯟꯇꯦ
< ꯑꯂꯥꯇꯇꯣꯅꯦ#
> linaba
= ꯂꯤꯅꯕ
< ꯂꯤꯅꯕ#
> leihou
= ꯂꯩꯍꯧ
< ꯂꯩꯍꯧ#
> binodini
= ꯕꯤꯅꯣꯗꯤꯅꯤ
< ꯕꯤꯅꯣꯗꯤꯅꯤ#
> thapigi
= ꯊꯄꯤꯒꯤ
< ꯊꯥꯄꯤꯒꯤ#
> walls
= ꯋꯥꯜꯁ
< ꯋꯥꯜꯁ#
> thaadoktuna
= ꯊꯥꯗꯣꯛꯇꯨꯅ
< ꯊꯥꯗꯣꯛꯇꯨꯅ#
> akron
= ꯑꯦꯀ꯭ꯔꯣꯟ
< ꯑꯀꯛꯣꯟ#
> chennai
= ꯆꯦꯟꯅꯥꯢ
< ꯆꯦꯟꯅꯥꯢ#
> harmon
= ꯍꯥꯔꯃꯟ
< ꯍꯥꯔꯣꯟꯟ#
> paaktuna
= ꯄꯥꯛꯇꯨꯅ
< ꯄꯥꯛꯇꯨꯅ#
> plano
= ꯄ꯭ꯂꯥꯅꯣ
< ꯄ꯭ꯂꯥꯅꯣ#
> engkhonda
= ꯏꯪꯈꯣꯟꯗ
< ꯏꯪꯈꯣꯟꯗ#
> thenjin
= ꯊꯦꯟꯖꯤꯟ
< ꯊꯦꯟꯖꯤꯟ#
> hayainugi
= ꯍꯌꯥꯢꯅꯨꯒꯤ
< ꯍꯌꯥꯢꯅꯨꯒꯤ#
> taakpani
= ꯇꯥꯛꯄꯅꯤ
< ꯇꯥꯛꯄꯅꯤ#
> nmdc
= ꯑꯦꯟꯑꯦꯝꯗꯤꯁꯤ
< ꯗꯦꯛꯛꯁ#
> amuba
= ꯑꯃꯨꯕ
< ꯑꯃꯨꯕ#
> leisingbu
= ꯂꯩꯁꯤꯡꯕꯨ
< ꯂꯩꯁꯤꯡꯕꯨ#
> charlotte
= ꯆꯥꯔꯂꯣꯠ
< ꯆꯥꯂꯣꯇꯇꯦ#
> linden
= ꯂꯤꯟꯗꯦꯟ
< ꯂꯤꯟꯗꯦꯟ#
> delano
= ꯗꯦꯂꯥꯟꯣ
< ꯗꯦꯂꯥꯥ#
> chahao
= ꯆꯥꯍꯥꯎ
< ꯆꯥꯎꯍ#
> nareng
= ꯅꯥꯔꯦꯡ
< ꯅꯥꯔꯦꯡ#
> chinglembi
= ꯆꯤꯡꯂꯦꯝꯕꯤ
< ꯆꯤꯡꯂꯦꯝꯕꯤ#
> robbins
= ꯔꯣꯕꯤꯟꯁ
< ꯔꯣꯕꯤꯟꯁꯤ#
> tayaamna
= ꯇꯌꯥꯝꯅ
< ꯇꯌꯥꯝꯅ#
> nemle
= ꯅꯦꯝꯂꯦ
< ꯅꯦꯂꯦꯝ#
> wangkhem
= ꯋꯥꯡꯈꯦꯝ
< ꯋꯥꯡꯈꯦꯝ#
> pharmaceuticals
= ꯐꯥꯔꯃꯁꯤꯎꯇꯤꯀꯜꯁ
< ꯐꯔꯃꯃꯤꯦꯁꯇꯤꯤꯤꯗ#
> phanggani
= ꯐꯪꯒꯅꯤ
< ꯐꯪꯒꯅꯤ#
> haryana
= ꯍꯔꯌꯥꯅꯥ
< ꯍꯔꯥꯌꯅ#
> texas
= ꯇꯦꯛꯁꯥꯁ
< ꯇꯦꯛꯁꯥ#
> palisetti
= ꯄꯂꯤꯁꯦꯠꯇꯤ
< ꯄꯥꯂꯤꯁꯦꯤꯇ#
> lafu
= ꯂꯐꯨ
< ꯂꯥꯐꯨ#
> bhatt
= ꯚꯠ
< ꯚꯥꯠꯇ#
> fernandez
= ꯐꯔꯅꯥꯟꯗꯦꯖ
< ꯐꯦꯔꯅꯦꯟꯗ#
> hutchinson
= ꯍꯠꯆꯤꯟꯁꯟ
< ꯍꯨꯠꯆꯤꯟꯅꯣꯟ#
> bhattacharjee
= ꯚꯠꯇꯆꯥꯔꯖꯤ
< ꯚꯥꯠꯇꯔꯆꯔꯦ#
> taitansinggidamak
= ꯇꯥꯢꯇꯟꯁꯤꯡꯒꯤꯗꯃꯛ
< ꯇꯥꯢꯇꯪꯂꯤꯤꯤꯡꯗꯁꯛ#
> thar
= ꯊꯥꯔ
< ꯊꯥꯔ#
> puthokkhi
= ꯄꯨꯊꯣꯛꯈꯤ
< ꯄꯨꯊꯣꯛꯈꯤ#
> phare
= ꯐꯥꯔꯦ
< ꯐꯔꯦ#
> paabunggi
= ꯄꯥꯕꯨꯡꯒꯤ
< ꯄꯥꯎꯕꯤꯒ#
> elizabeth
= ꯏꯂꯤꯖꯕꯦꯊ
< ꯏꯂꯦꯕꯇꯔꯦ#
> rutherfordium
= ꯔꯨꯊꯔꯐꯣꯔꯗꯤꯌꯝ
< ꯔꯨꯊꯦꯇꯔꯐꯣꯔꯤꯝ#
> panna
= ꯄꯟꯅꯥ
< ꯄꯥꯟꯅ#
> trivedi
= ꯇ꯭ꯔꯤꯕꯦꯗꯤ
< ꯇ꯭ꯔꯤꯕꯦꯗꯤ#
> sangleicha
= ꯁꯪꯂꯩꯆꯥ
< ꯁꯪꯡꯂꯩ#
> leipaakpu
= ꯂꯩꯄꯥꯛꯄꯨ
< ꯂꯩꯄꯥꯛꯄꯨ#
> nitrite
= ꯅꯥꯢꯇ꯭ꯔꯥꯢꯠ
< ꯅꯤꯇꯤꯇꯔ#
> phunnabada
= ꯐꯨꯟꯅꯕꯗ
< ꯐꯨꯟꯅꯕꯗ#
> manaana
= ꯃꯅꯥꯅ
< ꯃꯅꯥꯅ#
> cooper
= ꯀꯨꯄꯔ
< ꯀꯣꯄꯔꯔ#
> lourakfam
= ꯂꯧꯔꯛꯐꯝ
< ꯂꯧꯔꯛꯐꯝ#
> awangda
= ꯑꯋꯥꯡꯗ
< ꯑꯋꯥꯡꯗ#
> chattharakkhiba
= ꯆꯠꯊꯔꯛꯈꯤꯕ
< ꯆꯠꯊꯈꯛꯈꯤꯕ#
> leptrimakhei
= ꯂꯦꯞꯇ꯭ꯔꯤꯃꯈꯩ
< ꯂꯦꯞꯇ꯭ꯔꯤꯈ꯭ꯩ#
> deleon
= ꯗꯤꯂꯤꯑꯣꯟ
< ꯗꯦꯂꯦꯟ#
> kaanglupsingbu
= ꯀꯥꯡꯂꯨꯞꯁꯤꯡꯕꯨ
< ꯀꯥꯡꯂꯨꯞꯁꯤꯡꯕꯨ#
> wasudev
= ꯋꯁꯨꯗꯦꯋ
< ꯋꯥꯁꯨꯗꯦꯋ#
> kangleicha
= ꯀꯪꯂꯩꯆꯥ
< ꯀꯪꯂꯩꯆꯥ#
> mahesana
= ꯃꯍꯦꯁꯥꯅꯥ
< ꯃꯍꯦꯁꯅꯥ#
> pusa
= ꯄ꯭ꯌꯨꯁꯥ
< ꯄꯨꯁꯥ#
> mapugi
= ꯃꯄꯨꯒꯤ
< ꯃꯄꯨꯒꯤ#
> sidabi
= ꯁꯤꯗꯕꯤ
< ꯁꯤꯗꯕꯤ#
> ahumnu
= ꯑꯍꯨꯝꯅꯨ
< ꯑꯍꯨꯝꯅꯨ#
> thaajanabiga
= ꯊꯥꯖꯅꯕꯤꯒ
< ꯊꯥꯖꯅꯕꯒꯤ#
> dharmapuri
= ꯙꯔꯃꯄꯨꯔꯤ
< ꯙꯔꯃꯄꯨꯔꯤꯤ#
> ngak
= ꯉꯥꯛ
< ꯉꯥꯛ#
> khangde
= ꯈꯪꯗꯦ
< ꯈꯪꯗꯦꯦ#
> sijinnaphamsi
= ꯁꯤꯖꯤꯟꯅꯐꯝꯁꯤ
< ꯁꯤꯖꯤꯟꯅꯐꯝꯁꯤ#
> febulas
= ꯐꯦꯕꯨꯂꯁ
< ꯐꯦꯕꯨꯂꯁ#
> yokpa
= ꯌꯣꯛꯄ
< ꯌꯣꯛꯄ#
> manipurising
= ꯃꯅꯤꯄꯨꯔꯤꯁꯤꯡ
< ꯃꯅꯤꯄꯨꯔꯤꯁꯤꯡ#
> hanul
= ꯍꯥꯅꯨꯜ
< ꯍꯅꯨꯜ#
> blue
= ꯕ꯭ꯂꯨ
< ꯕ꯭ꯂꯨ#
> longmont
= ꯂꯣꯡꯃꯣꯟꯠ
< ꯂꯣꯡꯃꯣꯟꯇ#
> thaasi
= ꯊꯥꯁꯤ
< ꯊꯥꯁꯤ#
> beverages
= ꯕꯦꯚꯔꯤꯖꯤꯁ
< ꯕꯦꯖꯦꯁꯀꯤꯁ#
> dhaabi
= ꯙꯥꯕꯤ
< ꯕꯥꯏꯤ#
> delray
= ꯗꯦꯜꯔꯦ
< ꯗꯦꯌꯔꯥ#
> machaduna
= ꯃꯆꯥꯗꯨꯅ
< ꯃꯆꯥꯗꯨꯅ#
> lanmeena
= ꯂꯥꯟꯃꯤꯅ
< ꯂꯥꯟꯃꯤꯅ#
> wells
= ꯋꯦꯜ꯭ꯁ
< ꯋꯦꯜꯁꯁ#
> bhilai
= ꯚꯤꯂꯥꯢ
< ꯚꯤꯂꯥꯢ#
> english
= ꯏꯪꯂꯤꯁ
< ꯏꯪꯂꯤꯁ#
> harvey
= ꯍꯥꯔꯚꯤ
< ꯍꯥꯔꯕꯦ#
> saaphagadaba
= ꯁꯥꯐꯒꯗꯕ
< ꯁꯥꯐꯗꯗꯕ#
> apollo
= ꯑꯄꯣꯂꯣ
< ꯑꯣꯌꯣꯜꯣ#
> sabi
= ꯁꯥꯕꯤ
< ꯁꯥꯕꯤ#
> oibagini
= ꯑꯣꯢꯕꯒꯤꯅꯤ
< ꯑꯣꯢꯕꯒꯤꯅꯤ#
> nungsi
= ꯅꯨꯡꯁꯤ
< ꯅꯨꯡꯁꯤ#
> awangdagi
= ꯑꯋꯥꯡꯗꯒꯤ
< ꯑꯋꯥꯡꯗꯒꯤ#
> wadu
= ꯋꯥꯗꯨ
< ꯋꯥꯗꯨ#
> guna
= ꯒꯨꯅꯥ
< ꯒꯨꯅ#
> strongsville
= ꯁ꯭ꯇ꯭ꯔꯣꯡꯁꯕꯤꯜ
< ꯁ꯭ꯇꯔꯔꯤꯕꯣꯂꯦꯜ#
> moirangthem
= ꯃꯣꯢꯔꯥꯡꯊꯦꯝ
< ꯃꯣꯢꯔꯪꯡꯊꯦꯝ#
> robles
= ꯔꯣꯕꯜꯁ
< ꯔꯣꯕꯦꯁ#
> yadav
= ꯌꯥꯗꯚ
< ꯌꯥꯗ#
> chingnaba
= ꯆꯤꯡꯅꯕ
< ꯆꯤꯡꯅꯕ#
> thagonnaba
= ꯊꯥꯒꯣꯟꯅꯕ
< ꯊꯥꯒꯣꯟꯅꯕ#
> thompson
= ꯊꯣꯝꯞꯁꯟ
< ꯊꯣꯝꯄꯣꯁꯟ#
> chaturvedi
= ꯆꯇꯨꯔꯚꯦꯗꯤ
< ꯆꯥꯇꯨꯔꯗꯔꯤ#
> bowie
= ꯕꯣꯋꯤ
< ꯕ꯭ꯋꯩꯂ#
> chaubey
= ꯆꯧꯕꯦ
< ꯆꯥꯎꯕꯤ#
> phou
= ꯐꯧ
< ꯐꯧ#
> cutural
= ꯀꯜꯆꯔꯦꯜ
< ꯀꯨꯇꯔꯜ#
> pakhet
= ꯄꯥꯈꯦꯠ
< ꯄꯥꯈꯦꯠ#
> pithoragarh
= ꯄꯤꯊꯣꯔꯥꯒꯔ
< ꯄꯤꯊꯣꯔꯖꯔ#
> touriba
= ꯇꯧꯔꯤꯕ
< ꯇꯧꯔꯤꯕ#
> ahanba
= ꯑꯍꯥꯟꯕ
< ꯑꯍꯥꯟꯕ#
> titan
= ꯇꯥꯢꯇꯟ
< ꯇꯤꯇꯥꯟ#
> paba
= ꯄꯥꯕ
< ꯄꯥꯕ#
> safaba
= ꯁꯥꯐꯕ
< ꯁꯥꯐꯕ#
> yaahalli
= ꯌꯥꯍꯜꯂꯤ
< ꯌꯥꯍꯜꯂꯤ#
> yakhibi
= ꯌꯥꯈꯤꯕꯤ
< ꯌꯥꯈꯤꯕꯤ#
> taakhanba
= ꯇꯥꯛꯍꯟꯕ
< ꯇꯥꯛꯍꯟꯕ#
> nahaasing
= ꯅꯍꯥꯁꯤꯡ
< ꯅꯥꯥꯁꯤꯡꯡ#
> mamani
= ꯃꯃꯥꯅꯤ
< ꯃꯃꯥꯅꯤ#
> ngaseppam
= ꯉꯥꯁꯦꯞꯄꯝ
< ꯉꯥꯁꯤꯄꯥꯝ#
> khagembagi
= ꯈꯥꯒꯦꯝꯕꯒꯤ
< ꯈꯥꯒꯦꯝꯕꯒꯤ#
> pfaudler
= ꯐꯣꯗꯂꯔ
< ꯐꯥꯗ꯭ꯋꯔ#
> yahalli
= ꯌꯥꯍꯜꯂꯤ
< ꯌꯥꯍꯜꯂꯤ#
> hestia
= ꯍꯦꯁꯇꯤꯌꯥ
< ꯍꯦꯁꯇꯤꯌꯥ#
> kouduna
= ꯀꯧꯗꯨꯅ
< ꯀꯧꯗꯨꯅ#
> mahalka
= ꯃꯍꯜꯀꯥ
< ꯃꯍꯜꯀ#
> molina
= ꯃꯣꯂꯤꯅꯥ
< ꯃꯣꯂꯤꯅ#
> mayekshi
= ꯃꯌꯦꯛꯁꯤ
< ꯃꯌꯦꯛꯁꯤ#
> pune
= ꯄꯨꯅꯦ
< ꯄꯨꯅꯦ#
> madikeri
= ꯃꯥꯗꯤꯀꯦꯔꯤ
< ꯃꯥꯗꯤꯀꯦꯔꯔ#
> hinggathannaduna
= ꯍꯤꯡꯒꯠꯍꯟꯅꯗꯨꯅ
< ꯍꯤꯡꯒꯠꯍꯟꯟꯗꯨꯅ#
> friendswood
= ꯐ꯭ꯔꯦꯟꯗꯁꯋꯨꯗ
< ꯐ꯭ꯔꯤꯑꯦꯟꯁꯦꯗꯗꯗ#
> investments
= ꯏꯟꯕꯦꯁꯠꯃꯦꯟꯠꯁ
< ꯏꯟꯖꯦꯟꯁꯦꯁꯟꯁ#
> kaapsinba
= ꯀꯥꯞꯁꯤꯟꯕ
< ꯀꯥꯞꯁꯤꯟꯕ#
> sandokkhi
= ꯁꯟꯗꯣꯛꯈꯤ
< ꯁꯟꯗꯣꯛꯈꯤ#
> beavercreek
= ꯕꯤꯚꯔꯀ꯭ꯔꯤꯛ
< ꯕꯤꯚꯔꯥꯁꯇꯦꯛ#
> asija
= ꯑꯁꯤꯖꯥ
< ꯑꯁꯖꯖ#
> trivedi
= ꯇ꯭ꯔꯤꯚꯦꯗꯤ
< ꯇ꯭ꯔꯤꯕꯦꯗꯤ#
> faaba
= ꯐꯥꯕ
< ꯐꯥꯕ#
> laalpichaa
= ꯂꯥꯜꯄꯤꯆꯥ
< ꯂꯥꯜꯆꯤꯥꯥ#
> poirei
= ꯄꯣꯢꯔꯩ
< ꯄꯣꯢꯔꯩ#
> lairampu
= ꯂꯥꯢꯔꯝꯄꯨ
< ꯂꯥꯢꯔꯝꯄꯨ#
> construction
= ꯀꯟꯁ꯭ꯇ꯭ꯔꯛꯁꯟ
< ꯀꯟꯁꯇ꯭ꯟꯇꯣꯔꯤꯟ#
> nongkhal
= ꯅꯣꯡꯈꯜ
< ꯅꯣꯡꯈꯜ#
> jaitley
= ꯖꯦꯠꯂꯤ
< ꯖꯥꯢꯇꯦꯦꯤ#
> mamaida
= ꯃꯃꯥꯢꯗ
< ꯃꯃꯥꯢꯗ#
> yabirammi
= ꯌꯥꯕꯤꯔꯝꯃꯤ
< ꯌꯥꯕꯤꯔꯝꯃꯤ#
> kachin
= ꯀꯥꯆꯤꯟ
< ꯀꯥꯆꯤꯟ#
> sandagi
= ꯁꯟꯗꯒꯤ
< ꯁꯥꯟꯗꯒꯤ#
> marana
= ꯃꯔꯥꯅ
< ꯃꯔꯥꯅ#
> schooldagi
= ꯁ꯭ꯀꯨꯜꯗꯒꯤ
< ꯁꯣꯜꯣꯜꯗꯒꯤ#
> petaluma
= ꯄꯦꯇꯥꯂꯨꯃꯥ
< ꯄꯦꯇꯥꯂꯨꯝ#
> tyrannosaurus
= ꯇꯥꯢꯔꯥꯅꯣꯁꯧꯔꯁ
< ꯇꯤꯔꯥꯟꯅꯔꯣꯁꯁꯁ#
> dehri
= ꯗꯦꯍꯔꯤ
< ꯗꯦꯔꯤ#
> eris
= ꯑꯦꯔꯤꯁ
< ꯏꯔꯤꯁ#
> kanglei
= ꯀꯪꯂꯩ
< ꯀꯪꯂꯩ#
> ambedkar
= ꯑꯝꯕꯦꯗꯀꯔ
< ꯑꯦꯝꯕꯗ꯭ꯔꯔ#
> anant
= ꯑꯅꯥꯟꯠ
< ꯑꯅꯥꯠ#
> khullaakpi
= ꯈꯨꯜꯂꯥꯛꯄꯤ
< ꯈꯨꯜꯂꯥꯛꯄꯤ#
> germanygi
= ꯖꯔꯃꯅꯤꯒꯤ
< ꯖꯦꯔꯃꯦꯟꯒꯤ#
> indoaryan
= ꯏꯟꯗꯣꯑꯥꯔꯌꯥꯟ
< ꯏꯟꯗꯥꯔꯣꯔꯥꯟꯥꯥꯥ#
> khunsingda
= ꯈꯨꯟꯁꯤꯡꯗ
< ꯈꯨꯟꯁꯤꯟꯗ#
> mangda
= ꯃꯥꯡꯗ
< ꯃꯥꯡꯗ#
> daulatabad
= ꯗꯣꯂꯇꯥꯕꯥꯗ
< ꯗꯥꯎꯂꯕꯇ#
> motherson
= ꯃꯗꯔꯁꯟ
< ꯃꯣꯊ꯭ꯔꯔꯣꯟ#
> nandanwar
= ꯅꯟꯗꯟꯋꯥꯔ
< ꯅꯥꯟꯗꯋꯔꯔ#
> vysya
= ꯕꯤꯁ꯭ꯋ
< ꯌꯤꯁꯌꯥ#
> pura
= ꯄꯨꯔꯥ
< ꯄꯨꯔꯥ#
> thebes
= ꯊꯦꯕꯤꯁ
< ꯊꯦꯕꯦꯁ#
> pokliba
= ꯄꯣꯛꯂꯤꯕ
< ꯄꯣꯛꯂꯤꯕ#
> engraji
= ꯏꯪꯔꯥꯖꯤ
< ꯏꯪꯪꯔꯖꯤ#
> asinachingbasingbu
= ꯑꯁꯤꯅꯆꯤꯡꯕꯁꯤꯡꯕꯨ
< ꯑꯁꯤꯅꯆꯤꯡꯕꯡꯕꯡꯨ#
> flowers
= ꯐ꯭ꯂꯥꯎꯋꯔꯁ
< ꯐ꯭꯭꯭꯭ꯋ꯭ꯋ꯭ꯋ꯭ꯋꯣꯔꯤ#
> odom
= ꯑꯣꯗꯣꯝ
< ꯑꯣꯗꯣꯝ#
> khanongpokta
= ꯈꯥꯅꯣꯡꯄꯣꯛꯇ
< ꯈꯥꯅꯣꯣꯡꯄꯣꯛ#
> lisaang
= ꯂꯤꯁꯥꯡ
< ꯂꯤꯁꯥꯡ#
> bhalla
= ꯚꯜꯂꯥ
< ꯚꯜꯂꯥ#
> mapal
= ꯃꯄꯥꯜ
< ꯃꯄꯥꯜ#
> shaknairaba
= ꯁꯛꯅꯥꯢꯔꯕ
< ꯁꯛꯅꯥꯢꯔꯕ#
> minerals
= ꯃꯤꯅꯔꯜꯁ
< ꯃꯤꯅꯔꯔꯦꯜ#
> brock
= ꯕ꯭ꯔꯣꯛ
< ꯕ꯭ꯔꯣꯛꯛ#
> pricol
= ꯄ꯭ꯔꯤꯀꯣꯜ
< ꯄ꯭ꯔꯤꯀꯣꯜ#
> tinsinnaraba
= ꯇꯤꯟꯁꯤꯟꯅꯔꯕ
< ꯇꯤꯟꯁꯤꯟꯅꯔꯕ#
> kaatu
= ꯀꯥꯇꯨ
< ꯀꯥꯇꯨ#
> mamangngeigi
= ꯃꯃꯥꯡꯉꯩꯒꯤ
< ꯃꯥꯡꯉꯩꯃꯩꯒꯤ#
> khunnaigi
= ꯈꯨꯟꯅꯥꯢꯒꯤ
< ꯈꯨꯟꯅꯥꯢꯒꯤ#
> mahapatra
= ꯃꯍꯥꯄꯇ꯭ꯔ
< ꯃꯍꯥꯄꯥꯥꯔ#
> breweries
= ꯕ꯭ꯔꯨꯔꯤꯁ
< ꯕ꯭ꯔꯤꯖꯤꯁ꯭ꯌꯥꯟ#
> sougrakpam
= ꯁꯧꯒ꯭ꯔꯥꯛꯄꯝ
< ꯁꯧꯒ꯭ꯔꯝꯄ#
> makhouri
= ꯃꯈꯧꯔꯤ
< ꯃꯈꯧꯔꯔꯤ#
> satle
= ꯁꯥꯠꯂꯦ
< ꯁꯠꯂꯦ#
> khomduna
= ꯈꯣꯃꯗꯨꯅ
< ꯈꯣꯝꯗꯨꯅ#
> webster
= ꯋꯦꯕꯁ꯭ꯇꯔ
< ꯋꯦꯁꯇꯦꯁ#
> longview
= ꯂꯣꯡꯕ꯭ꯌꯨ
< ꯂꯣꯡꯋꯤꯚꯤ#
> korounu
= ꯀꯣꯔꯧꯅꯨ
< ꯀꯣꯔꯧꯅꯨ#
> bheda
= ꯚꯦꯗꯥ
< ꯚꯦꯗ#
> phailen
= ꯐꯥꯢꯂꯦꯟ
< ꯐꯥꯢꯂꯦꯟ#
> moroccan
= ꯃꯣꯔꯣꯛꯀꯥꯟ
< ꯃꯣꯔꯣꯀꯦꯁꯤ#
> roach
= ꯔꯣꯆ
< ꯔꯣꯀꯥ#
> leingaakta
= ꯂꯩꯉꯥꯛꯇ
< ꯂꯩꯉꯥꯛꯇ#
> thokliba
= ꯊꯣꯛꯂꯤꯕ
< ꯊꯣꯛꯂꯤꯕ#
> delta
= ꯗꯦꯜꯇꯥ
< ꯗꯦꯜꯇ#
> anubis
= ꯑꯅꯨꯕꯤꯁ
< ꯑꯦꯨꯕꯤꯁ#
> ventures
= ꯚꯦꯟꯆꯔꯁ
< ꯚꯦꯅꯇꯔꯁ#
> cherrapunji
= ꯆꯦꯔꯥꯄꯨꯟꯖꯤ
< ꯀꯦꯔꯨꯄꯥꯟꯖꯤ#
> gilmore
= ꯒꯤꯜꯃꯣꯔ
< ꯒꯤꯜꯂꯣꯔꯦ#
> hathras
= ꯍꯥꯊꯔꯁ
< ꯍꯥꯊ꯭ꯔꯥꯁ#
> torrance
= ꯇꯣꯔꯟꯁ
< ꯇꯣꯔꯔꯥꯟꯁꯦ#
> lanmisingna
= ꯂꯥꯟꯃꯤꯁꯤꯡꯅ
< ꯂꯥꯟꯃꯤꯁꯤꯡꯅ#
> shangleicha
= ꯁꯪꯂꯩꯆꯥ
< ꯁꯪꯂꯩꯆꯥ#
> peifam
= ꯄꯩꯐꯝ
< ꯄꯩꯐꯝ#
> satkanli
= ꯁꯥꯠꯀꯟꯂꯤ
< ꯁꯠꯇꯥꯂꯂꯟꯤ#
> sitapur
= ꯁꯤꯇꯥꯄꯨꯔ
< ꯁꯤꯇꯄꯨꯔ#
> khangjinba
= ꯈꯪꯖꯤꯟꯕ
< ꯈꯪꯖꯤꯟꯈ#
> houdoklamba
= ꯍꯧꯗꯣꯛꯂꯝꯕ
< ꯍꯧꯗꯣꯛꯂꯝꯕ#
> faobagidi
= ꯐꯥꯎꯕꯒꯤꯗꯤ
< ꯐꯥꯎꯕꯗꯤꯗꯤ#
> khangnakhiba
= ꯈꯪꯅꯈꯤꯕ
< ꯈꯪꯅꯈꯤꯕ#
> lepnaduna
= ꯂꯦꯞꯅꯗꯨꯅ
< ꯂꯦꯞꯅꯗꯨꯅ#
> nu
= ꯅꯨ
< ꯅꯨ#
> yoder
= ꯌꯣꯗꯔ
< ꯌꯣꯗ꯭ꯔ#
> peipham
= ꯄꯩꯐꯝ
< ꯄꯩꯐꯝ#
> yot
= ꯌꯣꯠ
< ꯌꯣꯠ#
> pharabani
= ꯐꯥꯔꯕꯅꯤ
< ꯐꯥꯔꯕꯤꯤ#
> khaangda
= ꯈꯥꯡꯗ
< ꯈꯥꯡꯗ#
> nowgong
= ꯅꯥꯎꯒꯣꯡ
< ꯅꯣꯡꯒꯣꯡ#
> heinei
= ꯍꯩꯅꯩ
< ꯍꯩꯅꯩ#
> kathua
= ꯀꯊꯨꯑꯥ
< ꯀꯥꯨꯨ#
> matheran
= ꯃꯥꯊꯦꯔꯥꯟ
< ꯃꯊꯦꯔꯥꯟ#
> manungdasu
= ꯃꯅꯨꯡꯗꯁꯨ
< ꯃꯅꯨꯡꯗꯁꯨ#
> phungawarising
= ꯐꯨꯡꯒꯥꯋꯥꯔꯤꯁꯤꯡ
< ꯐꯨꯡꯒꯥꯋꯥꯔꯤꯡ#
> varghese
= ꯚꯥꯔꯘꯤꯁ
< ꯚꯥꯒꯦꯁ꯭ꯋ#
> toubi
= ꯇꯧꯕꯤ
< ꯇꯧꯕꯤ#
> leirabini
= ꯂꯩꯔꯕꯤꯅꯤ
< ꯂꯩꯔꯕꯅꯤꯤ#
> ngasepam
= ꯉꯥꯁꯦꯞꯄꯝ
< ꯉꯥꯁꯦꯝꯄ#
> steele
= ꯁ꯭ꯇꯤꯜ
< ꯁꯤꯇꯦꯦ#
> vishwakarma
= ꯕꯤꯁ꯭ꯋꯀꯔꯃ
< ꯕꯤꯁꯤꯋꯥꯃꯥꯔꯥ#
> ningba
= ꯅꯤꯡꯕ
< ꯅꯤꯡꯕ#
> chingjel
= ꯆꯤꯡꯖꯦꯜ
< ꯆꯤꯡꯖꯦꯜ#
> mehrotra
= ꯃꯦꯍꯔꯣꯇ꯭ꯔꯥ
< ꯃꯦꯔꯣꯇ꯭ꯔꯥꯥꯥ#
> asiadana
= ꯑꯦꯁꯤꯌꯥꯗꯅ
< ꯑꯁꯥꯢꯗꯅ#
> juned
= ꯖꯨꯅꯦꯗ
< ꯖꯨꯅꯦ#
> tulshidas
= ꯇꯨꯜꯁꯤꯗꯥꯁ
< ꯇꯨꯜꯁꯤꯗ#
> enzyme
= ꯑꯦꯟꯖꯥꯢꯝ
< ꯏꯟꯖ꯭ꯌꯥꯔ#
> tagetes
= ꯇꯖꯦꯇꯦꯁ
< ꯇꯥꯒꯦꯁꯦ#
> phibham
= ꯐꯤꯚꯝ
< ꯐꯤꯚꯝꯝ#
> nextgen
= ꯅꯦꯛꯁꯖꯦꯟ
< ꯅꯦꯛꯁꯦꯟꯕ#
> longanga
= ꯂꯣꯡꯒꯥꯟꯒ
< ꯂꯣꯉꯥꯟꯒ#
> phamlongi
= ꯐꯝꯂꯣꯟꯒꯤ
< ꯐꯝꯂꯣꯟꯒꯤ#
> victorville
= ꯕꯤꯛꯇꯔꯕꯤꯜ
< ꯚꯤꯁꯇꯣꯚꯤꯂꯦꯜ#
> roseville
= ꯔꯣꯁꯕꯤꯜ
< ꯔꯣꯁꯤꯜꯦꯜ#
> mythology
= ꯃꯤꯊꯣꯂꯣꯖꯤ
< ꯃꯤꯊꯣꯂꯣꯒꯣ#
> mannana
= ꯃꯥꯟꯅꯅ
< ꯃꯥꯟꯅꯅ#
> renewables
= ꯔꯤꯅꯤꯎꯋꯦꯕꯜꯁ
< ꯔꯦꯅꯦꯌꯦꯖꯁ#
> anand
= ꯑꯅꯟꯗ
< ꯑꯅꯥꯟꯗ#
> pasco
= ꯄꯥꯁꯀꯣ
< ꯄꯥꯁꯀꯣ#
> pirammi
= ꯄꯤꯔꯝꯃꯤ
< ꯄꯤꯔꯥꯃꯤ#
> humputaraa
= ꯍꯨꯝꯄꯨꯇꯔꯥ
< ꯍꯨꯝꯄꯨꯇꯔꯥ#
> laiphamdagi
= ꯂꯥꯢꯐꯝꯗꯒꯤ
< ꯂꯥꯢꯐꯝꯗꯒꯤ#
> khunthokpaga
= ꯈꯨꯟꯊꯣꯛꯄꯒ
< ꯈꯨꯟꯊꯣꯛꯄꯒ#
> kshetrimayum
= ꯈꯦꯇ꯭ꯔꯤꯃꯌꯨꯝ
< ꯀꯦ꯭ꯇꯤꯀꯤꯔꯌꯝꯝ#
> shahid
= ꯁꯍꯤꯗ
< ꯁꯍꯤꯗ#
> mayur
= ꯃꯌꯨꯔ
< ꯃꯌꯨꯔ#
> kanglupki
= ꯀꯥꯡꯂꯨꯞꯀꯤ
< ꯀꯥꯡꯂꯨꯞꯀꯤ#
> ningthousinggi
= ꯅꯤꯡꯊꯧꯁꯤꯡꯒꯤ
< ꯅꯤꯡꯊꯧꯁꯤꯡꯒꯤ#
> juarez
= ꯖꯨꯑꯥꯔꯦꯖ
< ꯖꯨꯔꯥꯓ#
> jyothy
= ꯖ꯭ꯌꯣꯊꯤ
< ꯖꯤꯌꯣꯠꯤ#
> meidingu
= ꯃꯩꯗꯤꯡꯉꯨ
< ꯃꯩꯗꯤꯡꯗ#
> kaanglupna
= ꯀꯥꯡꯂꯨꯞꯅ
< ꯀꯥꯡꯂꯨꯞꯅ#
> sanders
= ꯁꯦꯟꯗꯔꯁ
< ꯁꯥꯟꯗꯦꯔ#
> saanglaba
= ꯁꯥꯡꯂꯕ
< ꯁꯥꯡꯂꯕ#
> loibada
= ꯂꯣꯢꯕꯗ
< ꯂꯣꯢꯕꯗ#
> araappada
= ꯑꯔꯥꯞꯄꯗ
< ꯑꯔꯥꯞꯄꯗ#
> yallaga
= ꯌꯥꯜꯂꯒ
< ꯌꯜꯜꯒꯥ#
> distriparks
= ꯗꯤꯁꯇ꯭ꯔꯤꯄꯥꯔꯛꯁ
< ꯗꯤꯁꯇ꯭ꯔꯤꯛꯄꯥꯛ#
> binoranjan
= ꯕꯤꯅꯣꯔꯟꯖꯟ
< ꯕꯤꯅꯣꯖꯥꯟꯟ#
> saangba
= ꯁꯥꯡꯕ
< ꯁꯥꯡꯕ#
> katu
= ꯀꯥꯇꯨ
< ꯀꯇꯨ#
> lakpadagi
= ꯂꯥꯛꯄꯗꯒꯤ
< ꯂꯥꯛꯄꯗꯒꯤ#
> palemdi
= ꯄꯂꯦꯝꯗꯤ
< ꯄꯂꯦꯝꯗꯤ#
> laanchao
= ꯂꯥꯟꯆꯥꯎ
< ꯂꯥꯟꯆꯥꯎ#
> natraaj
= ꯅꯠꯔꯥꯖ
< ꯅꯥꯇꯔꯖꯦ#
> chuchaak
= ꯆꯨꯆꯥꯛ
< ꯆꯨꯆꯥꯛ#
> moiranggi
= ꯃꯣꯢꯔꯥꯡꯒꯤ
< ꯃꯣꯢꯔꯪꯒꯤ#
> paotak
= ꯄꯥꯎꯇꯥꯛ
< ꯄꯥꯇꯥꯛ#
> laatnaduna
= ꯂꯥꯠꯅꯗꯨꯅ
< ꯂꯥꯠꯅꯗꯨꯅ#
> rizwan
= ꯔꯤꯖꯋꯥꯟ
< ꯖꯤꯓꯥꯟ#
> yaddanapudi
= ꯌꯗꯅꯄꯨꯗꯤ
< ꯌꯥꯗꯗꯥꯗꯨꯗꯟ#
> kagi
= ꯀꯥꯒꯤ
< ꯀꯥꯒꯤ#
> sintakhansingna
= ꯁꯤꯟꯇꯥꯛꯍꯟꯁꯤꯡꯅ
< ꯁꯤꯟꯇꯛꯈꯤꯁꯤꯡꯅ#
> niyog
= ꯅꯤꯌꯣꯒ
< ꯅꯤꯌꯣꯒ#
> chei
= ꯆꯩ
< ꯆꯩ#
> evans
= ꯏꯚꯥꯟꯁ
< ꯏꯕꯥꯟꯁ#
> ambikapur
= ꯑꯝꯕꯤꯀꯥꯄꯨꯔ
< ꯑꯝꯕꯤꯀꯀꯔꯨ#
> saphu
= ꯁꯥꯐꯨ
< ꯁꯥꯐꯨ#
> tissue
= ꯇꯤꯁꯨ
< ꯇꯤꯁꯦꯁ#
> schultz
= ꯁ꯭ꯀꯜꯠꯖ
< ꯆꯨꯜꯇ#
> aluminium
= ꯑꯦꯂꯨꯃꯤꯅꯤꯑꯝ
< ꯑꯂꯧꯂꯤꯤꯤꯌꯝ#
> manhattan
= ꯃꯦꯟꯍꯦꯇꯟ
< ꯃꯥꯟꯟꯇ#
> kolkata
= ꯀꯣꯜꯀꯥꯇꯥ
< ꯀꯣꯜꯀꯇ#
> lanmina
= ꯂꯥꯟꯃꯤꯅ
< ꯂꯥꯟꯃꯤꯅ#
> barasat
= ꯕꯥꯔꯁꯥꯠ
< ꯕꯔꯥꯁꯠ#
> atul
= ꯑꯇꯨꯜ
< ꯑꯇꯨꯜ#
> kumhei
= ꯀꯨꯝꯍꯩ
< ꯀꯨꯝꯍꯩ#
> yumlingi
= ꯌꯨꯝꯂꯤꯡꯏ
< ꯌꯨꯝꯂꯤꯉꯤ#
> dwivedi
= ꯗ꯭ꯋꯤꯚꯦꯗꯤ
< ꯗꯤꯍꯩꯗꯦ#
> bruno
= ꯕ꯭ꯔꯨꯅꯣ
< ꯕ꯭ꯔꯤꯅꯣ#
> spokane
= ꯁ꯭ꯄꯣꯀꯦꯟ
< ꯁ꯭ꯄꯣꯀꯣꯅꯦ#
> noblesville
= ꯅꯣꯕꯜꯁꯕꯤꯜ
< ꯅꯣꯚꯤꯕꯤꯁꯦꯜ#
> manchikanti
= ꯃꯟꯆꯤꯀꯟꯇꯤ
< ꯃꯟꯆꯥꯟꯇꯤꯇ#
> phiral
= ꯐꯤꯔꯥꯜ
< ꯐꯤꯔꯜ#
> asaba
= ꯑꯁꯥꯕ
< ꯑꯁꯥꯕ#
> tamilpetromarine
= ꯇꯃꯤꯜꯄꯦꯇ꯭ꯔꯣꯃꯔꯤꯟ
< ꯇꯥꯃꯤꯠꯐꯔꯢꯔꯔꯤꯦꯟꯟ#
> hung
= ꯍꯨꯡ
< ꯍꯨꯡ#
> pot
= ꯄꯣꯠ
< ꯄꯣꯠ#
> chaakkouba
= ꯆꯥꯛꯀꯧꯕ
< ꯆꯥꯛꯀꯧꯕ#
> rajkot
= ꯔꯥꯖꯀꯣꯠ
< ꯔꯥꯖꯣꯀ#
> nupada
= ꯅꯨꯄꯥꯗ
< ꯅꯨꯄꯥꯗ#
> exchange
= ꯏꯛꯁꯆꯦꯟꯖ
< ꯏꯛꯀꯅꯦ#
> ispat
= ꯏꯁꯄꯥꯠ
< ꯏꯁꯥꯄꯠ#
> kumbakarna
= ꯀꯨꯝꯕꯀꯔꯅ
< ꯀꯨꯝꯕꯔꯥꯅ#
> khongchat
= ꯈꯣꯡꯆꯠ
< ꯈꯣꯡꯆꯠ#
> telheiba
= ꯇꯦꯜꯍꯩꯕ
< ꯇꯦꯜꯍꯩꯕ#
> surya
= ꯁꯨꯔꯌ
< ꯁꯨꯔꯌꯥ#
> akoibada
= ꯑꯀꯣꯢꯕꯗ
< ꯑꯀꯣꯕꯤꯗ#
> seiraangbani
= ꯁꯩꯔꯥꯡꯕꯅꯤ
< ꯁꯩꯔꯥꯡꯕꯤꯅ#
> paomee
= ꯄꯥꯎꯃꯤ
< ꯄꯥꯎꯃꯤ#
> tewari
= ꯇꯦꯋꯥꯔꯤ
< ꯇꯦꯋꯥꯔꯤ#
> radico
= ꯔꯦꯗꯤꯀꯣ
< ꯔꯥꯗꯤꯑꯣꯑꯣ#
> hu
= ꯍꯨ
< ꯍꯨ#
> waamang
= ꯋꯥꯃꯪ
< ꯋꯥꯃꯟ#
> neeraj
= ꯅꯤꯔꯖ
< ꯅꯤꯔꯥꯖ#
> hangchitla
= ꯍꯪꯆꯤꯠꯂ
< ꯍꯥꯡꯆꯤꯠꯂ#
> paakchaobadagini
= ꯄꯥꯛꯆꯥꯎꯕꯗꯒꯤꯅꯤ
< ꯄꯥꯛꯆꯥꯎꯕꯒꯤꯗꯅ#
> thyrotechno
= ꯊꯥꯢꯔꯣꯇꯦꯛꯅꯣ
< ꯊꯤꯔꯣꯞꯇꯣꯅꯣ#
> gears
= ꯒꯤꯑꯔꯁ
< ꯖꯤꯑꯥꯔꯁ#
> north
= ꯅꯣꯔꯊ
< ꯅꯣꯊꯊ#
> terre
= ꯇꯦꯔ
< ꯇꯦꯔꯦ#
> luis
= ꯂꯨꯏꯁ
< ꯂꯨꯢꯁ#
> leisou
= ꯂꯩꯁꯧ
< ꯂꯩꯁꯧ#
> tingkhanggumna
= ꯇꯤꯡꯈꯪꯒꯨꯝꯅ
< ꯇꯤꯡꯈꯥꯡꯅꯨꯝꯅ#
> raymond
= ꯔꯦꯃꯟꯗ
< ꯔꯥꯃꯣꯣꯟꯗ#
> kirk
= ꯀꯔꯛ
< ꯀꯤꯛ#
> minneapolis
= ꯃꯤꯟꯅꯤꯌꯦꯄꯣꯂꯤꯁ
< ꯃꯤꯟꯅꯣꯛꯂꯤꯁꯦꯁ#
> hercules
= ꯍꯔꯀ꯭ꯌꯨꯂꯤꯁ
< ꯍꯦꯔꯀꯤꯂꯤꯁ#
> lacedaemon
= ꯂꯥꯀꯦꯗꯥꯢꯃꯣꯟ
< ꯂꯥꯀꯥꯗꯦꯣꯟꯗꯟ#
> sei
= ꯁꯩ
< ꯁꯩ#
> tinsinnaba
= ꯇꯤꯟꯁꯤꯟꯅꯕ
< ꯇꯤꯟꯁꯤꯟꯅꯕ#
> kanniyakumari
= ꯀꯟꯅ꯭ꯌꯥꯀꯨꯃꯥꯔꯤ
< ꯀꯟꯅꯤꯌꯨꯃꯔꯔꯔꯤ#
> vineland
= ꯕꯥꯢꯟꯂꯦꯟꯗ
< ꯚꯤꯟꯂꯦꯟꯗ#
> watkani
= ꯋꯥꯠꯀꯅꯤ
< ꯋꯠꯀꯅꯤ#
> paki
= ꯄꯥꯛꯏ
< ꯄꯥꯀꯤ#
> cranston
= ꯀ꯭ꯔꯥꯟꯁ꯭ꯇꯟ
< ꯀꯦꯟꯁ꯭ꯇꯣꯟ#
> bryan
= ꯕ꯭ꯔꯥꯢꯌꯟ
< ꯕ꯭ꯔ꯭ꯌꯥꯟ#
> khajuraho
= ꯈꯖꯨꯔꯥꯍꯣ
< ꯈꯖꯖꯔꯔꯩ#
> seshasayee
= ꯁꯤꯁꯥꯁꯦꯌꯤ
< ꯁꯦꯁꯁ꯭ꯌꯦ#
> thammi
= ꯊꯝꯃꯤ
< ꯊꯝꯃꯤ#
> algiers
= ꯑꯜꯖꯤꯌꯔꯁ
< ꯑꯜꯒꯔꯤꯁ#
> kharagi
= ꯈꯔꯒꯤ
< ꯈꯔꯒꯒꯤ#
> leelagi
= ꯂꯤꯂꯥꯒꯤ
< ꯂꯤꯂꯥꯒꯤ#
> chamthaba
= ꯆꯝꯊꯕ
< ꯆꯝꯊꯕ#
> kasniya
= ꯀꯁꯅꯤꯌꯥ
< ꯀꯥꯁꯤꯌꯌꯥ#
> houkharaba
= ꯍꯧꯈꯔꯕ
< ꯍꯧꯈ꯭ꯔꯕ#
> purakkhre
= ꯄꯨꯔꯛꯈ꯭ꯔꯦ
< ꯄꯨꯔꯛꯈꯤꯗ#
> vasudebagi
= ꯚꯁꯨꯗꯦꯕꯒꯤ
< ꯚꯥꯗꯦꯗꯕꯒꯤꯒꯤ#
> chaanei
= ꯆꯥꯅꯩ
< ꯆꯥꯩꯩ#
> iowa
= ꯑꯥꯢꯑꯣꯋꯥ
< ꯏꯑꯣꯋꯥ#
> phangdriba
= ꯐꯪꯗ꯭ꯔꯤꯕ
< ꯐꯪꯗ꯭ꯔꯕ꯭ꯔ#
> puthokli
= ꯄꯨꯊꯣꯛꯂꯤ
< ꯄꯨꯊꯣꯛꯂꯤ#
> seth
= ꯁꯦꯊ
< ꯁꯦꯊ#
> elenpung
= ꯏꯂꯦꯟꯄꯨꯡ
< ꯏꯂꯦꯟꯄꯨꯡ#
> mamaannabisingga
= ꯃꯃꯥꯟꯅꯕꯤꯁꯤꯡꯒ
< ꯃꯥꯃꯅꯤꯤꯤꯤꯡꯕꯒ#
> nayib
= ꯅꯥꯌꯤꯕ
< ꯅꯌꯤꯕ#
> bbc
= ꯕꯤꯕꯤꯁꯤ
< ꯕꯤꯁ#
> cheiramsing
= ꯆꯩꯔꯝꯁꯤꯡ
< ꯀꯩꯔꯥꯝꯁꯤꯡ#
> wangu
= ꯋꯥꯉꯨ
< ꯋꯥꯡ#
> mamingmathaa
= ꯃꯃꯤꯡꯃꯊꯥ
< ꯃꯃꯤꯡꯃꯥꯃꯥ#
> lana
= ꯂꯥꯅ
< ꯂꯥꯅ#
> apokpasingni
= ꯑꯄꯣꯛꯄꯁꯤꯡꯅꯤ
< ꯑꯄꯣꯛꯁꯤꯁꯤꯡꯅꯤ#
> khongchatka
= ꯈꯣꯡꯆꯠꯀ
< ꯈꯣꯡꯆꯠꯇ#
> seishakpa
= ꯁꯩꯁꯛꯄ
< ꯁꯩꯁꯥꯛꯄ#
> chatnabisinggi
= ꯆꯠꯅꯕꯤꯁꯤꯡꯒꯤ
< ꯆꯠꯅꯕꯤꯁꯤꯡꯒꯤ#
> pumnamaksi
= ꯄꯨꯝꯅꯃꯛꯁꯤ
< ꯄꯨꯝꯅꯥꯃꯁꯤ#
> hisar
= ꯍꯤꯁꯥꯔ
< ꯍꯤꯁꯥꯔ#
> ngambagi
= ꯉꯝꯕꯒꯤ
< ꯉꯝꯕꯒꯤ#
> aribam
= ꯑꯔꯤꯕꯝ
< ꯑꯔꯤꯕꯝꯝ#
> waaheibu
= ꯋꯥꯍꯩꯕꯨ
< ꯋꯥꯍꯩꯕꯨ#
> kolounongpu
= ꯀꯣꯂꯧꯅꯣꯡꯄꯨ
< ꯀꯣꯂꯧꯅꯦꯡꯄ#
> angur
= ꯑꯪꯒꯨꯔ
< ꯑꯪꯟꯨꯔ#
> mathur
= ꯃꯊꯨꯔ
< ꯃꯊꯨꯔ#
> naina
= ꯅꯥꯢꯅ
< ꯅꯥꯢꯅ#
> chingsindaba
= ꯆꯤꯡꯁꯤꯟꯗꯕ
< ꯆꯤꯡꯁꯤꯟꯗꯕ#
> virbhadra
= ꯋꯤꯔꯚꯗ꯭ꯔ
< ꯕꯤꯚ꯭ꯔꯚꯗ#
> veishnav
= ꯋꯩꯁ꯭ꯅꯋ
< ꯚꯩꯁꯅꯍꯣ#
> punsinaba
= ꯄꯨꯟꯁꯤꯅꯕ
< ꯄꯨꯟꯁꯤꯟꯅꯕ#
> ratnagiri
= ꯔꯠꯅꯥꯒꯤꯔꯤ
< ꯔꯥꯠꯅꯔꯤꯒꯤ#
> gadge
= ꯒꯦꯗꯖ
< ꯒꯥꯗꯦ#
> heritage
= ꯍꯦꯔꯤꯇꯦꯖ
< ꯍꯤꯔꯤꯇꯦꯖ#
> shenoy
= ꯁꯦꯅꯣꯢ
< ꯁꯦꯅꯣꯢ#
> khagemba
= ꯈꯥꯒꯦꯝꯕ
< ꯈꯥꯒꯦꯝꯕ#
> findlay
= ꯐꯤꯟꯗꯂꯦ
< ꯐꯤꯟꯗꯥꯂ#
> lafoisi
= ꯂꯐꯣꯢꯁꯤ
< ꯂꯥꯎꯁꯤꯌꯥ#
> maannaramde
= ꯃꯥꯟꯅꯔꯝꯗꯦ
< ꯃꯥꯟꯅꯔꯝꯗꯗꯦ#
> aster
= ꯑꯥꯁꯇꯔ
< ꯑꯁꯇꯔꯦ#
> pokchaba
= ꯄꯣꯛꯆꯕ
< ꯄꯣꯛꯆꯕ#
> ningthourolsing
= ꯅꯤꯡꯊꯧꯔꯣꯜꯁꯤꯡ
< ꯅꯤꯡꯊꯧꯔꯣꯜꯁꯤꯡ#
> palakkad
= ꯄꯥꯂꯥꯀꯗ
< ꯄꯥꯂꯛꯀ#
> bayonne
= ꯕꯦꯌꯣꯟ
< ꯕꯥꯌꯣꯟꯅꯦ#
> asheville
= ꯑꯦꯁꯚꯤꯜ
< ꯑꯁꯦꯁꯤꯜꯂꯤ#
> parbhani
= ꯄꯔꯚꯅꯤ
< ꯄꯥꯔꯚꯅꯤ#
> columbus
= ꯀꯣꯂꯝꯕꯁ
< ꯀꯣꯂꯝꯕꯁ#
> suven
= ꯁꯨꯕꯦꯟ
< ꯁꯨꯚꯦꯟ#
> thililda
= ꯊꯤꯂꯤꯜꯗ
< ꯊꯤꯂꯤꯜꯗ#
> murfreesboro
= ꯃꯨꯔꯐ꯭ꯔꯤꯁꯕꯣꯔꯣ
< ꯃꯨꯔꯨꯨꯔꯖꯤꯔꯔꯣꯑꯣ#
> crosse
= ꯀ꯭ꯔꯣꯁ
< ꯀ꯭ꯔꯣꯁꯁ#
> olympia
= ꯑꯣꯂꯤꯝꯄꯤꯑꯥ
< ꯑꯣꯂꯤꯝꯄꯤꯌꯥ#
> waseem
= ꯋꯥꯁꯤꯝ
< ꯋꯥꯁꯦꯝ#
> cipla
= ꯁꯤꯄ꯭ꯂꯥ
< ꯀꯦꯞꯄ#
> maalang
= ꯃꯥꯂꯪ
< ꯃꯥꯂꯪ#
> emung
= ꯏꯃꯨꯡ
< ꯏꯃꯨꯡ#
> burke
= ꯕꯔꯛ
< ꯕꯨꯔꯀꯦ#
> jauhari
= ꯖꯣꯍꯔꯤ
< ꯖꯧꯍꯔꯤ#
> yaya
= ꯌꯥꯌꯥ
< ꯌꯥꯌꯥ#
> bhal
= ꯚꯥꯜ
< ꯚꯥꯜ#
> kharashu
= ꯈꯔꯁꯨ
< ꯈꯔꯥꯁꯨ#
> wheeling
= ꯋꯤꯂꯤꯡ
< ꯋꯤꯍꯦꯜꯒꯤ#
> dutt
= ꯗꯠꯇ
< ꯗꯨꯠꯠ#
> aloi
= ꯑꯂꯣꯢ
< ꯑꯂꯣꯢ#
> insecticides
= ꯏꯟꯁꯦꯛꯇꯤꯁꯥꯢꯗꯁ
< ꯏꯟꯁꯤꯗꯦꯦꯦꯁꯇꯤ#
> sati
= ꯁꯇꯤ
< ꯁꯥꯇꯤ#
> virus
= ꯚꯥꯢꯔꯁ
< ꯚꯤꯔꯨꯁ#
> nungngaiba
= ꯅꯨꯡꯉꯥꯢꯕ
< ꯅꯨꯡꯉꯥꯢꯕ#
> phajaba
= ꯐꯖꯕ
< ꯐꯥꯖꯕ#
> elgi
= ꯑꯦꯜꯖꯤ
< ꯏꯜꯒꯤ#
> paambigi
= ꯄꯥꯝꯕꯤꯒꯤ
< ꯄꯥꯝꯕꯤꯒꯤ#
> tandon
= ꯇꯦꯟꯗꯟ
< ꯇꯥꯟꯗꯣꯟ#
> miramar
= ꯃꯤꯔꯥꯃꯔ
< ꯃꯤꯔꯥꯃꯔ#
> chadian
= ꯆꯥꯗꯤꯌꯥꯟ
< ꯆꯥꯗꯤꯟ#
> loulok
= ꯂꯧꯂꯣꯛ
< ꯂꯧꯂꯣꯛ#
> phouda
= ꯐꯧꯗ
< ꯐꯧꯗ#
> chabun
= ꯆꯕꯨꯟ
< ꯆꯥꯕꯨꯟ#
> dhaulpur
= ꯙꯣꯜꯄꯨꯔ
< ꯙꯥꯎꯄꯨꯔ#
> sanskritki
= ꯁꯪꯁ꯭ꯀ꯭꯭ꯔꯤꯠꯀꯤ
< ꯁꯥꯟꯁ꯭ꯔꯥꯛꯀꯤ#
> davangere
= ꯗꯕꯥꯡꯒꯦꯔꯦ
< ꯗꯥꯕꯅꯦꯔ#
> sareen
= ꯁꯥꯔꯤꯟ
< ꯁꯔꯦꯦꯟ#
> florence
= ꯐ꯭ꯂꯣꯔꯦꯟꯁ
< ꯐ꯭ꯂꯣꯅꯦꯁ#
> flynn
= ꯐ꯭ꯂꯤꯟ
< ꯐ꯭ꯂꯤꯟꯟ#
> mentor
= ꯃꯦꯟꯇꯔ
< ꯃꯦꯟꯇꯣꯔ#
> machangsing
= ꯃꯆꯪꯁꯤꯡ
< ꯃꯆꯥꯡꯁꯤꯡ#
> mammary
= ꯃꯃꯦꯔꯤ
< ꯃꯃꯥꯔꯌꯥ#
> apisa
= ꯑꯄꯤꯁꯥ
< ꯑꯄꯤꯁ#
> wahanbagidamak
= ꯋꯥꯍꯟꯕꯒꯤꯗꯃꯛ
< ꯋꯥꯍꯟꯕꯒꯤꯗꯃꯛ#
> rajput
= ꯔꯥꯖꯄꯨꯠ
< ꯔꯥꯖꯄꯄ#
> khotthokpagi
= ꯈꯣꯠꯊꯣꯛꯄꯒꯤ
< ꯈꯣꯠꯊꯣꯛꯄꯒꯤ#
> loukrakpam
= ꯂꯧꯀ꯭ꯔꯥꯛꯄꯝ
< ꯂꯧꯛꯀꯥꯔꯝꯄ#
> marak
= ꯃꯔꯛ
< ꯃꯔꯥꯛ#
> varanasi
= ꯕꯥꯔꯥꯅꯁꯤ
< ꯚꯥꯔꯥꯁꯤꯅꯤ#
> ngaoduna
= ꯉꯥꯎꯗꯨꯅ
< ꯉꯥꯎꯗꯨꯅ#
> garrison
= ꯒꯦꯔꯤꯁꯟ
< ꯒꯔꯔꯤꯁꯣꯟ#
> chaudhary
= ꯆꯣꯙꯔꯤ
< ꯆꯥꯙꯔꯌꯤ#
> kangfalgi
= ꯀꯪꯐꯥꯜꯒꯤ
< ꯀꯪꯐꯥꯜꯒꯤ#
> madurai
= ꯃꯗꯨꯔꯥꯢ
< ꯃꯗꯨꯗꯔꯤ#
> marifu
= ꯃꯔꯤꯐꯨ
< ꯃꯔꯤꯐꯨ#
> sangbannaba
= ꯁꯪꯕꯥꯟꯅꯕ
< ꯁꯥꯡꯕꯟꯟꯕ#
> tongbram
= ꯇꯣꯡꯕ꯭ꯔꯝ
< ꯇꯣꯡꯕ꯭ꯔꯔꯝ#
> yotleena
= ꯌꯣꯠꯂꯤꯅ
< ꯌꯣꯠꯂꯦꯅ#
> biocon
= ꯕꯥꯢꯑꯣꯀꯣꯟ
< ꯕꯤꯌꯣꯣꯟ#
> rane
= ꯔꯦꯟ
< ꯔꯥꯟ#
> mathunda
= ꯃꯊꯨꯟꯗ
< ꯃꯊꯨꯟꯗ#
> sheishak
= ꯁꯩꯁꯛ
< ꯁꯩꯁꯛꯛ#
> maikeigi
= ꯃꯥꯢꯀꯩꯒꯤ
< ꯃꯥꯢꯀꯩꯒꯤ#
> september
= ꯁꯦꯞꯇꯦꯝꯕꯔ
< ꯁꯦꯞꯇꯦꯕꯔ#
> lourakkhi
= ꯂꯧꯔꯛꯈꯤ
< ꯂꯧꯔꯛꯈꯤ#
> lang
= ꯂꯥꯡ
< ꯂꯥꯡ#
> saatpa
= ꯁꯥꯠꯄ
< ꯁꯥꯠꯄ#
> hengatlak
= ꯍꯦꯟꯒꯠꯂꯛ
< ꯍꯦꯟꯒꯠꯂꯛ#
> ngada
= ꯉꯥꯗ
< ꯉꯥꯗ#
> kharagpur
= ꯈꯔꯒꯄꯨꯔ
< ꯈꯥꯔꯄꯄꯨ#
> yeknabada
= ꯌꯦꯛꯅꯕꯗ
< ꯌꯦꯛꯅꯕꯗ#
> horn
= ꯍꯣꯔꯟ
< ꯍꯣꯔꯟ#
> polyplex
= ꯄꯣꯂꯤꯄ꯭ꯂꯦꯛꯁ
< ꯄꯣꯂꯦꯛꯄꯦꯁ#
> nanabagi
= ꯅꯥꯅꯕꯒꯤ
< ꯅꯥꯅꯕꯒꯤ#
> yuropki
= ꯌꯨꯔꯣꯞꯀꯤ
< ꯌꯨꯔꯣꯞꯀꯤ#
> midnapore
= ꯃꯤꯗꯅꯥꯄꯨꯔ
< ꯃꯤꯗꯥꯥꯅꯣꯄꯔ#
> pennington
= ꯄꯦꯅꯤꯡꯇꯟ
< ꯄꯦꯟꯅꯤꯡꯇꯣꯟ#
> thrissur
= ꯊ꯭ꯔꯤꯁꯨꯔ
< ꯊ꯭ꯔꯤꯁ꯭ꯋꯔꯨ#
> maheigi
= ꯃꯍꯩꯒꯤ
< ꯃꯍꯩꯒꯤ#
> gangwar
= ꯒꯡꯋꯥꯔ
< ꯒꯪꯋꯥꯔ#
> numitkidamak
= ꯅꯨꯃꯤꯠꯀꯤꯗꯃꯛ
< ꯅꯨꯃꯤꯠꯀꯤꯗꯃꯛ#
> latnaba
= ꯂꯥꯠꯅꯕ
< ꯂꯥꯠꯅꯕ#
> feeds
= ꯐꯤꯗꯁ
< ꯐꯤꯗꯦ#
> mcdowell
= ꯃꯛꯗꯣꯋꯦꯜ
< ꯁꯦꯛꯗꯣꯜꯦꯜ#
> chhipa
= ꯆ꯭ꯍꯤꯄꯥ
< ꯆꯤꯄ#
> tongnganba
= ꯇꯣꯡꯉꯥꯟꯕ
< ꯇꯣꯉꯥꯟꯕꯕ#
> ngasisu
= ꯉꯁꯤꯁꯨ
< ꯉꯁꯁꯤꯁꯨ#
> camarillo
= ꯀꯥꯃꯥꯔꯤꯂꯣ
< ꯀꯦꯃꯥꯥꯔꯤꯌꯣꯂꯣ#
> chaanu
= ꯆꯥꯅꯨ
< ꯆꯥꯅꯨ#
> taakpa
= ꯇꯥꯛꯄ
< ꯇꯥꯛꯄ#
> madison
= ꯃꯦꯗꯤꯁꯟ
< ꯃꯗꯤꯁꯤꯤ#
> lam
= ꯂꯥꯝ
< ꯂꯝ#
> tirana
= ꯇꯤꯔꯥꯅꯥ
< ꯇꯤꯔꯅ#
> novi
= ꯅꯣꯚꯤ
< ꯅꯣꯚꯤ#
> thangbadi
= ꯊꯥꯡꯕꯗꯤ
< ꯊꯪꯕꯗꯤ#
> thaakhare
= ꯊꯥꯈꯔꯦ
< ꯊꯥꯈꯔꯦ#
> ngashisu
= ꯉꯁꯤꯁꯨ
< ꯉꯁꯤꯁꯨ#
> lanna
= ꯂꯥꯟꯅ
< ꯂꯥꯟꯅ#
> dekalb
= ꯗꯤꯀꯥꯜꯕ
< ꯗꯦꯀꯜ#
> khumde
= ꯈꯨꯝꯗꯦ
< ꯈꯨꯝꯗꯦ#
> kavi
= ꯀꯚꯤ
< ꯀꯥꯚꯤ#
> tomar
= ꯇꯣꯃꯥꯔ
< ꯇꯣꯃꯥꯔ#
> tyre
= ꯇꯥꯢꯑꯔ
< ꯇꯤꯔꯦ#
> michamsingbu
= ꯃꯤꯆꯝꯁꯤꯡꯕꯨ
< ꯃꯤꯆꯥꯁꯤꯡꯕꯨ#
> weeks
= ꯋꯤꯛꯁ
< ꯋꯦꯛꯁ#
> arabki
= ꯑꯔꯥꯕꯀꯤ
< ꯑꯔꯥꯕꯀꯤ#
> rochester
= ꯔꯣꯆꯦꯁꯇꯔ
< ꯔꯣꯁꯇꯦꯚ#
> carlsbad
= ꯀꯥꯔꯜꯁꯕꯦꯗ
< ꯀꯥꯔꯕꯦꯜꯗ#
> leo
= ꯂꯤꯑꯣ
< ꯂꯤꯑꯣ#
> chaorakkhi
= ꯆꯥꯎꯔꯛꯈꯤ
< ꯆꯥꯎꯔꯛꯈꯤ#
> taipangpaal
= ꯇꯥꯢꯄꯪꯄꯥꯜ
< ꯇꯥꯢꯄꯪꯄꯥꯜ#
> maanghanba
= ꯃꯥꯡꯍꯟꯕ
< ꯃꯥꯡꯍꯟꯕ#
> emalonbu
= ꯏꯃꯥꯂꯣꯟꯕꯨ
< ꯏꯃꯥꯂꯣꯟꯕꯨ#
> yendrembam
= ꯌꯦꯟꯗ꯭ꯔꯦꯝꯕꯝ
< ꯌꯦꯟꯗ꯭ꯔꯦꯝꯕꯝ#
> purakpa
= ꯄꯨꯔꯛꯄ
< ꯄꯨꯔꯛꯄ#
> chaoshaangba
= ꯆꯥꯎꯁꯥꯡꯕ
< ꯆꯥꯎꯁꯪꯕ#
> cheihigi
= ꯆꯩꯍꯤꯒꯤ
< ꯆꯩꯍꯤꯒꯤ#
> dasila
= ꯗꯥꯁꯤꯂꯥ
< ꯗꯥꯁꯤꯂ#
> mayamda
= ꯃꯌꯥꯝꯗ
< ꯃꯌꯥꯝꯗ#
> sakkhangbidriba
= ꯁꯛꯈꯪꯕꯤꯗ꯭ꯔꯤꯕ
< ꯁꯛꯈꯪꯈꯤꯗ꯭ꯔꯤꯕ#
> takpa
= ꯇꯥꯛꯄ
< ꯇꯥꯛꯄ#
> yengnabada
= ꯌꯦꯡꯅꯕꯗ
< ꯌꯦꯡꯅꯕꯗ#
> ngaklongi
= ꯉꯥꯛꯂꯣꯟꯒꯤ
< ꯉꯥꯛꯂꯣꯟꯒꯤ#
> kaalratri
= ꯀꯥꯜꯔꯥꯇ꯭ꯔꯤ
< ꯀꯥꯜꯔꯥꯇ꯭ꯔꯤ#
> acevedo
= ꯑꯁꯤꯚꯦꯗꯣ
< ꯑꯦꯀꯦꯗꯗꯣ#
> kotturu
= ꯀꯣꯠꯇꯨꯔꯨ
< ꯀꯣꯠꯇꯨꯔꯨ#
> digvijay
= ꯗꯤꯒꯚꯤꯖꯦ
< ꯗꯤꯖꯤꯖꯤꯤꯤ#
> malang
= ꯃꯥꯂꯪ
< ꯃꯥꯂꯪ#
> sehgal
= ꯁꯦꯍꯒꯜ
< ꯁꯦꯜꯒꯜ#
> rajgarh
= ꯔꯥꯖꯒꯔ
< ꯔꯥꯖꯔꯖꯍ#
> uchan
= ꯎꯆꯥꯟ
< ꯎꯆꯟ#
> meisa
= ꯃꯩꯁꯥ
< ꯃꯩꯁꯥ#
> river
= ꯔꯤꯕꯔ
< ꯔꯤꯚꯦ#
> youngstown
= ꯌꯪꯁꯇꯥꯎꯟ
< ꯌꯧꯡꯇꯣꯡꯣꯟ#
> thapaalon
= ꯊꯄꯥꯂꯣꯟ
< ꯊꯥꯄꯥꯂꯣꯟ#
> ngamdaba
= ꯉꯝꯗꯕ
< ꯉꯝꯗꯕ#
> mamallapuram
= ꯃꯃꯜꯂꯄꯨꯔꯝ
< ꯃꯃꯜꯂꯧꯂꯔꯄ#
> redeemer
= ꯔꯦꯗꯤꯃꯔ
< ꯔꯤꯗꯦꯃ#
> gutti
= ꯒꯨꯠꯇꯤ
< ꯒꯨꯠꯏꯤ#
> mapulen
= ꯃꯄꯨꯂꯦꯟ
< ꯃꯄꯨꯂꯦꯟ#
> lising
= ꯂꯤꯁꯤꯡ
< ꯂꯤꯁꯤꯡ#
> thaangchahanpa
= ꯊꯥꯡꯆꯍꯟꯄ
< ꯊꯥꯡꯆꯍꯟꯄ#
> yonnei
= ꯌꯣꯟꯅꯩ
< ꯌꯣꯟꯅꯩ#
> provo
= ꯄ꯭ꯔꯣꯕꯣ
< ꯄ꯭ꯔꯣꯚꯣ#
> yaakhibi
= ꯌꯥꯈꯤꯕꯤ
< ꯌꯥꯈꯤꯕꯤ#
> ebungngo
= ꯏꯕꯨꯡꯉꯣ
< ꯏꯕꯨꯉꯣꯉ#
> laanleima
= ꯂꯥꯟꯂꯩꯃ
< ꯂꯥꯟꯂꯩꯃ#
> yaaraba
= ꯌꯥꯔꯕ
< ꯌꯥꯔꯕ#
> khutmaaba
= ꯈꯨꯠꯃꯥꯕ
< ꯈꯨꯠꯃꯥꯕ#
> gandhimathi
= ꯒꯥꯟꯙꯤꯃꯊꯤ
< ꯒꯥꯟꯆꯤꯃꯥꯍꯤ#
> hidakloisingsi
= ꯍꯤꯗꯥꯛꯂꯣꯢꯁꯤꯡꯁꯤ
< ꯍꯤꯗꯥꯛꯂꯣꯢꯁꯤꯡꯗꯤ#
> life
= ꯂꯥꯢꯐ
< ꯂꯤꯐꯦ#
> laisangsinggi
= ꯂꯥꯢꯁꯪꯁꯤꯡꯒꯤ
< ꯂꯥꯢꯁꯪꯁꯤꯡꯒꯤ#
> panani
= ꯄꯅꯥꯅꯤ
< ꯄꯅꯥꯅꯤ#
> sarukki
= ꯁꯔꯨꯛꯀꯤ
< ꯁꯔꯨꯛꯀꯤ#
> bhukya
= ꯚꯨꯀ꯭ꯌꯥ
< ꯚꯨꯛꯌꯥ#
> cerritos
= ꯁꯔꯤꯇꯣꯁ
< ꯀꯦꯔꯤꯇꯣꯁꯁꯤ#
> pokpagidamak
= ꯄꯣꯛꯄꯒꯤꯗꯃꯛ
< ꯄꯣꯛꯄꯒꯤꯗꯃꯛ#
> hassan
= ꯍꯁꯟ
< ꯐꯁꯁꯟ#
> kharasu
= ꯈꯔꯁꯨ
< ꯈꯔꯥꯁꯨ#
> sharuk
= ꯁꯔꯨꯛ
< ꯁꯔꯨꯛ#
> valdosta
= ꯚꯥꯜꯗꯣꯁꯇꯥ
< ꯚꯥꯗꯣꯣꯥꯥꯇꯥ#
> pukhi
= ꯄꯨꯈꯤ
< ꯄꯨꯈꯤ#
> austin
= ꯑꯣꯁꯇꯤꯟ
< ꯑꯥꯎꯁꯤꯟꯟ#
> shandilya
= ꯁꯟꯗꯤꯂ꯭ꯌꯥ
< ꯁꯟꯗꯤꯂꯤꯌꯥ#
> james
= ꯖꯦꯝꯁ
< ꯖꯦꯃꯁ#
> piraduna
= ꯄꯤꯔꯗꯨꯅ
< ꯄꯤꯔꯥꯗꯨꯅ#
> peru
= ꯄꯦꯔꯨ
< ꯄꯦꯔꯨ#
> gaur
= ꯒꯣꯔ
< ꯒꯔꯨ#
> foodworks
= ꯐꯨꯗꯋꯔꯛꯁ
< ꯐꯣꯗ꯭ꯔꯣꯁꯤ#
> shaktaakkhi
= ꯁꯛꯇꯥꯛꯈꯤ
< ꯁꯛꯇꯥꯛꯈꯤ#
> higgins
= ꯍꯤꯒꯒꯤꯟꯁ
< ꯍꯤꯒꯤꯁꯤꯡ#
> phimuna
= ꯐꯤꯃꯨꯅ
< ꯐꯤꯃꯨꯅ#
> mayamga
= ꯃꯌꯥꯝꯒ
< ꯃꯌꯥꯝꯒ#
> multimedia
= ꯃꯜꯇꯤꯃꯤꯗꯤꯑꯥ
< ꯃꯨꯠꯂꯤꯌꯦꯗꯤꯌꯥ#
> stanton
= ꯁ꯭ꯇꯦꯟꯇꯟ
< ꯁ꯭ꯇꯦꯟꯇꯣꯟ#
> tambinaba
= ꯇꯝꯕꯤꯅꯕ
< ꯇꯝꯕꯤꯅꯕ#
> rao
= ꯔꯥꯎ
< ꯔꯥꯎ#
> dhap
= ꯙꯞ
< ꯙꯥꯞ#
> food
= ꯐꯨꯗ
< ꯐꯣꯗꯣ#
> affle
= ꯑꯦꯐꯜ
< ꯐꯦꯜꯐ#
> graduate
= ꯒ꯭ꯔꯦꯖꯨꯋꯦꯠ
< ꯒ꯭ꯔꯗꯦꯇꯋ#
> ngantuleng
= ꯉꯥꯟꯇꯨꯂꯦꯡ
< ꯉꯥꯟꯇꯦꯡ#
> araambai
= ꯑꯔꯥꯝꯕꯥꯢ
< ꯑꯔꯥꯝꯕꯤ#
> jhabua
= ꯓꯥꯕꯨꯑꯥ
< ꯚꯕꯨꯥ#
> tamphamshang
= ꯇꯝꯐꯝꯁꯪ
< ꯇꯝꯐꯝꯁꯥꯡ#
> mariphumapan
= ꯃꯔꯤꯐꯨꯃꯥꯄꯟ
< ꯃꯔꯤꯐꯨꯃꯥꯄꯟ#
> palanpur
= ꯄꯥꯂꯟꯄꯨꯔ
< ꯄꯥꯂꯟꯄꯨꯔꯨ#
> konungdagi
= ꯀꯣꯅꯨꯡꯗꯒꯤ
< ꯀꯣꯅꯨꯡꯗꯒꯤ#
> mafamsu
= ꯃꯐꯝꯁꯨ
< ꯃꯐꯝꯁꯨ#
> hankhibana
= ꯍꯟꯈꯤꯕꯅ
< ꯍꯥꯟꯈꯤꯕꯅ#
> pusa
= ꯄꯨꯁꯥ
< ꯄꯨꯁꯥ#
> shivagauri
= ꯁꯤꯚꯒꯥꯎꯔꯤ
< ꯁꯤꯕꯒꯨꯔꯤ#
> wokha
= ꯋꯣꯈꯥ
< ꯋꯣꯈ#
> mayaamsigi
= ꯃꯌꯥꯝꯁꯤꯒꯤ
< ꯃꯌꯥꯝꯁꯤꯒꯤ#
> quess
= ꯀ꯭ꯋꯦꯁ
< ꯀ꯭ꯌ꯭ꯋꯤꯁ#
> chaokhatnaba
= ꯆꯥꯎꯈꯠꯅꯕ
< ꯆꯥꯎꯈꯠꯅꯕ#
> rosales
= ꯔꯣꯁꯦꯜꯁ
< ꯔꯣꯁꯦꯁꯁꯦ#
> ata
= ꯑꯇꯥ
< ꯑꯇꯥ#
> infraconstruction
= ꯏꯟꯐ꯭ꯔꯥꯀꯟꯁꯇ꯭ꯔꯛꯁꯟ
< ꯏꯟꯐ꯭ꯔꯥꯟꯇꯣꯔꯥꯢꯔꯁꯤꯟ#
> lynchburg
= ꯂꯤꯟꯆꯕꯔꯒ
< ꯂꯤꯟꯕꯨꯅꯔ#
> warisinggi
= ꯋꯥꯔꯤꯁꯤꯡꯒꯤ
< ꯋꯥꯔꯤꯁꯤꯡꯒꯤ#
> utlaba
= ꯎꯠꯂꯕ
< ꯎꯠꯂꯕ#
> laatamni
= ꯂꯥꯇꯝꯅꯤ
< ꯂꯥꯇꯝꯅꯤ#
> diamond
= ꯗꯥꯢꯃꯟꯗ
< ꯗꯤꯃꯣꯣꯟꯗ#
> amaangsang
= ꯑꯃꯥꯡꯁꯪ
< ꯑꯃꯥꯡꯑꯥ#
> thakna
= ꯊꯛꯅ
< ꯊꯥꯛꯅ#
> pidilite
= ꯄꯤꯗꯂꯥꯢꯠ
< ꯄꯤꯗꯤꯂꯤꯤꯦ#
> anggurmuk
= ꯑꯪꯒꯨꯔꯃꯨꯛ
< ꯑꯪꯒꯨꯝꯨꯨꯨ#
> bengal
= ꯕꯦꯡꯒꯥꯜ
< ꯕꯦꯡꯒꯜ#
> echaada
= ꯏꯆꯥꯗ
< ꯏꯆꯥꯗ#
> nongshamei
= ꯅꯣꯡꯁꯥꯃꯩ
< ꯅꯣꯡꯁꯃꯩ#
> laisinggi
= ꯂꯥꯢꯁꯤꯡꯒꯤ
< ꯂꯥꯢꯁꯤꯡꯒꯤ#
> bhopal
= ꯚꯣꯄꯥꯜ
< ꯐꯣꯄꯥꯜ#
> aleem
= ꯑꯂꯤꯝ
< ꯑꯦꯂꯦꯝ#
> ilat
= ꯏꯂꯥꯠ
< ꯏꯂꯥꯠ#
> mangte
= ꯃꯥꯡꯇꯦ
< ꯃꯥꯡꯇꯦ#
> indora
= ꯏꯟꯗꯣꯔꯥ
< ꯏꯟꯗꯣꯔꯥ#
> indus
= ꯏꯟꯗꯁ
< ꯏꯟꯗꯁ#
> sorus
= ꯁꯣꯔꯁ
< ꯁꯣꯔꯨꯁ#
> waheisingsigi
= ꯋꯥꯍꯩꯁꯤꯡꯁꯤꯒꯤ
< ꯋꯥꯍꯩꯁꯤꯡꯒꯤ#
> taraq
= ꯇꯔꯛ
< ꯇꯥꯔꯛ#
> wangbadu
= ꯋꯥꯡꯕꯗꯨ
< ꯋꯥꯡꯕꯗꯨ#
> khallo
= ꯈꯜꯂꯣ
< ꯈꯜꯂꯣ#
> bentonville
= ꯕꯦꯟꯇꯟꯚꯤꯜ
< ꯕꯦꯟꯇꯣꯟꯂꯤꯂꯦꯜ#
> arunachal
= ꯑꯔꯨꯅꯥꯆꯜ
< ꯑꯔꯨꯅꯆꯥꯜ#
> paangduna
= ꯄꯥꯡꯗꯨꯅ
< ꯄꯥꯡꯗꯨꯅ#
> moupwaada
= ꯃꯧꯄ꯭ꯋꯥꯗ
< ꯃꯧꯄ꯭ꯋꯥꯌꯗ#
> srichakra
= ꯁ꯭ꯔꯤꯆꯛꯀ꯭ꯔ
< ꯁꯤꯔꯆꯥꯔ#
> tumit
= ꯇꯨꯃꯤꯠ
< ꯇꯨꯃꯤꯠ#
> sandilya
= ꯁꯟꯗꯤꯂ꯭ꯌꯥ
< ꯁꯟꯗꯤꯂꯤꯌꯥ#
> stanley
= ꯁ꯭ꯇꯦꯟꯂꯤ
< ꯁ꯭꯭ꯦꯟꯥꯂꯦ#
> arya
= ꯑꯥꯔꯌꯥ
< ꯑꯥꯔꯌ#
> mobile
= ꯃꯣꯕꯤꯜ
< ꯃꯣꯕꯤꯂꯦ#
> ashaba
= ꯑꯁꯥꯕ
< ꯑꯁꯥꯕ#
> kanchan
= ꯀꯟꯆꯟ
< ꯀꯥꯆꯟꯟ#
> lilium
= ꯂꯤꯂꯤꯌꯝ
< ꯂꯤꯂꯤꯌꯝ#
> fani
= ꯐꯅꯤ
< ꯐꯥꯅꯤ#
> natureview
= ꯅꯦꯆꯔꯕꯤꯎ
< ꯅꯥꯇꯨꯔꯦꯚꯤꯤ#
> vikram
= ꯚꯤꯀ꯭ꯔꯝ
< ꯕꯤꯛ꯭ꯔꯕ#
> khanbadagi
= ꯈꯟꯕꯗꯒꯤ
< ꯈꯟꯕꯗꯒꯤ#
> riverside
= ꯔꯤꯕꯔꯁꯥꯢꯗ
< ꯔꯤꯚꯦꯁꯕꯦꯗꯦ#
> laishon
= ꯂꯥꯢꯁꯣꯟ
< ꯂꯥꯢꯁꯣꯟ#
> mapokkasu
= ꯃꯄꯣꯛꯀꯁꯨ
< ꯃꯄꯣꯛꯁꯁꯨ#
> oakley
= ꯑꯣꯛꯂꯤ
< ꯑꯣꯛꯛꯂꯤ#
> kaangbu
= ꯀꯥꯡꯕꯨ
< ꯀꯥꯡꯕꯨ#
> faahoubagi
= ꯐꯥꯍꯧꯕꯒꯤ
< ꯐꯥꯎꯍꯧꯕꯒꯤ#
> gary
= ꯒꯦꯔꯤ
< ꯒꯥꯔ#
> bender
= ꯕꯦꯟꯗꯔ
< ꯕꯦꯟꯗꯦꯔ#
> yungba
= ꯌꯨꯡꯕ
< ꯌꯨꯡꯕ#
> chairman
= ꯆꯦꯌꯔꯃꯦꯟ
< ꯆꯥꯢꯔꯃꯟ#
> axis
= ꯑꯦꯛꯁꯤꯁ
< ꯑꯀꯤꯁ#
> manila
= ꯃꯅꯤꯂꯥ
< ꯃꯅꯤꯂꯥ#
> haveli
= ꯍꯚꯦꯂꯤ
< ꯍꯥꯂꯦꯜ#
> nulaa
= ꯅꯨꯂꯥ
< ꯅꯨꯂꯥ#
> kansai
= ꯀꯥꯟꯖꯥꯢ
< ꯀꯥꯟꯁꯥ#
> raza
= ꯔꯥꯖꯥ
< ꯔꯥꯖ#
> kapurthala
= ꯀꯄꯨꯔꯊꯥꯂꯥ
< ꯀꯄꯨꯔꯥꯇ#
> navas
= ꯅꯥꯚꯥꯁ
< ꯅꯥꯚꯥ#
> hapchinduna
= ꯍꯥꯞꯆꯤꯟꯗꯨꯅ
< ꯍꯥꯞꯆꯤꯟꯗꯨꯅ#
> anam
= ꯑꯅꯝ
< ꯑꯅꯝ#
> avenues
= ꯑꯦꯕꯦꯅ꯭ꯌꯨꯁ
< ꯑꯦꯕꯦꯅꯁ#
> pradesh
= ꯄ꯭꯭ꯔꯗꯦꯁ
< ꯄ꯭ꯔꯗꯦꯁ#
> authority
= ꯑꯣꯊꯣꯔꯤꯇꯤ
< ꯑꯎꯊꯣꯔꯣꯠꯤꯤ#
> pennington
= ꯄꯦꯟꯅꯤꯡꯇꯣꯟ
< ꯄꯦꯟꯅꯤꯡꯇꯣꯟ#
> thongba
= ꯊꯣꯡꯕ
< ꯊꯣꯡꯕ#
> indiadadi
= ꯏꯟꯗꯤꯌꯥꯗꯗꯤ
< ꯏꯟꯗꯥꯤꯌꯥꯗꯗꯤ#
> gables
= ꯒꯦꯕꯜꯁ
< ꯒꯦꯂꯁꯦꯁ#
> khubaak
= ꯈꯨꯕꯥꯛ
< ꯈꯨꯕꯥꯛ#
> thasi
= ꯊꯥꯁꯤ
< ꯊꯥꯁꯤ#
> apparels
= ꯑꯄꯦꯔꯜꯁ
< ꯑꯄꯥꯔꯥꯁꯦꯁꯁꯦ#
> paalamba
= ꯄꯥꯂꯝꯕ
< ꯄꯥꯂꯝꯕ#
> fabada
= ꯐꯕꯗ
< ꯐꯥꯕꯗ#
> euclid
= ꯏ꯭ꯎꯀ꯭ꯂꯤꯗ
< ꯏꯎꯛꯂꯤ#
> insurance
= ꯏꯟꯁꯨꯔꯦꯟꯁ
< ꯏꯟꯁꯨꯔꯦꯟꯁ#
> karimnagar
= ꯀꯔꯤꯝꯅꯒꯔ
< ꯀꯔꯤꯅꯥꯔꯝ#
> sansenbi
= ꯁꯟꯁꯦꯟꯕꯤ
< ꯁꯥꯟꯁꯦꯟꯕꯤ#
> manggon
= ꯃꯥꯡꯒꯣꯟ
< ꯃꯥꯡꯒꯣꯟ#
> baripada
= ꯕꯥꯔꯤꯄꯗꯥ
< ꯕꯔꯤꯄꯥꯗ#
> masam
= ꯃꯁꯝ
< ꯃꯁꯥꯝ#
> yauhandana
= ꯌꯥꯎꯍꯟꯗꯅ
< ꯌꯧꯍꯟꯗꯅ#
> castalloy
= ꯀꯥꯁꯠꯑꯦꯂꯣꯢ
< ꯀꯥꯇꯥꯂꯂꯖꯣ#
> samjireigumna
= ꯁꯝꯖꯤꯔꯩꯒꯨꯝꯅ
< ꯁꯝꯖꯤꯖꯦꯝꯔꯤꯅ#
> deoria
= ꯗꯦꯑꯣꯔꯤꯑꯥ
< ꯗꯣꯑꯤꯌꯥ#
> wikipediasi
= ꯋꯤꯀꯤꯄꯦꯗꯤꯌꯥꯁꯤ
< ꯋꯤꯀꯤꯄꯦꯗꯤꯁꯤꯤ#
> lisang
= ꯂꯤꯁꯥꯡ
< ꯂꯤꯁꯪ#
> georgetown
= ꯖꯣꯔꯖꯇꯥꯎꯟ
< ꯒꯣꯔꯖꯤꯇꯣꯟ#
> houfam
= ꯍꯧꯐꯝ
< ꯍꯧꯐꯝ#
> laapthorakpada
= ꯂꯥꯞꯊꯣꯔꯛꯄꯗ
< ꯂꯥꯞꯊꯣꯛꯄꯗ꯭#
> music
= ꯃ꯭ꯌꯨꯖꯤꯛ
< ꯃ꯭ꯁꯨꯖꯤꯛ#
> puyaane
= ꯄꯨꯌꯥꯅꯦ
< ꯄꯨꯌꯥꯦꯦ#
> rapids
= ꯔꯦꯄꯤꯗꯁ
< ꯔꯄꯤꯗꯁ#
> ganesha
= ꯒꯅꯦꯁꯥ
< ꯒꯦꯅꯁꯁ#
> kumpapada
= ꯀꯨꯝꯄꯥꯄꯗ
< ꯀꯨꯝꯄꯥꯗꯥ#
> crosby
= ꯀ꯭ꯔꯣꯁꯕꯤ
< ꯀ꯭ꯔꯣꯕ꯭ꯔꯤ#
> kangfaalgi
= ꯀꯪꯐꯥꯜꯒꯤ
< ꯀꯪꯐꯥꯜꯒꯤ#
> paangthoklamba
= ꯄꯥꯡꯊꯣꯛꯂꯝꯕ
< ꯄꯥꯡꯊꯣꯛꯂꯝꯕ#
> pangdaba
= ꯄꯥꯡꯗꯕ
< ꯄꯥꯡꯗꯕ#
> jindal
= ꯖꯤꯟꯗꯥꯜ
< ꯖꯤꯟꯗꯥꯜ#
> chapel
= ꯆꯥꯄꯜ
< ꯆꯥꯄꯦꯜ#
> porterville
= ꯄꯣꯔꯇꯔꯚꯤꯜ
< ꯄꯣꯔꯇꯤꯕꯤꯂꯂꯦꯦꯦꯜ#
> nupaana
= ꯅꯨꯄꯥꯅ
< ꯅꯨꯄꯥꯅ#
> translesangi
= ꯇ꯭ꯔꯥꯟꯁ꯭ꯂꯦꯁꯟꯒꯤ
< ꯇꯥꯟꯁꯦꯟꯁ꯭ꯦꯟꯒꯤ#
> tibetna
= ꯇꯤꯕꯦꯠꯅ
< ꯇꯤꯕꯦꯟꯕ#
> tinkang
= ꯇꯤꯟꯀꯥꯡ
< ꯇꯤꯟꯀꯪꯡ#
> tayamna
= ꯇꯌꯥꯝꯅ
< ꯇꯥꯌꯃꯅ#
> phattababu
= ꯐꯠꯇꯕꯕꯨ
< ꯐꯠꯇꯕꯕꯨ#
> yaare
= ꯌꯥꯔꯦ
< ꯌꯥꯔꯦ#
> madam
= ꯃꯦꯗꯥꯝ
< ꯃꯗꯝ#
> nombagi
= ꯅꯣꯝꯕꯒꯤ
< ꯅꯣꯝꯕꯒꯤ#
> natural
= ꯅꯦꯆꯔꯜ
< ꯅꯇꯨꯔꯜ#
> bean
= ꯕꯤꯟ
< ꯕꯦꯅ#
> leiraang
= ꯂꯩꯔꯥꯡ
< ꯂꯩꯔꯥꯡ#
> lamlaisingki
= ꯂꯝꯂꯥꯢꯁꯤꯡꯀꯤ
< ꯂꯝꯂꯥꯢꯁꯀꯤꯤ#
> inaak
= ꯏꯅꯥꯛ
< ꯏꯅꯥꯛ#
> covalent
= ꯀꯣꯚꯦꯂꯦꯟꯠ
< ꯀꯂꯦꯦꯟꯦꯟ#
> ramanathapuram
= ꯔꯥꯃꯅꯥꯊꯄꯨꯔꯝ
< ꯔꯥꯃꯥꯇꯥꯟꯐꯨꯔꯝ#
> testa
= ꯇꯦꯁꯇꯥ
< ꯇꯦꯁꯇ#
> nalla
= ꯅꯜꯂꯥ
< ꯅꯜꯂꯥ#
> infraprojects
= ꯏꯟꯐ꯭ꯔꯥꯄ꯭ꯔꯣꯖꯦꯛꯁ
< ꯑꯦꯟꯐꯥꯔꯇꯦꯁꯟꯠꯁ#
> assam
= ꯑꯁꯥꯝ
< ꯑꯁꯥꯝ#
> ngaantuleng
= ꯉꯥꯟꯇꯨꯂꯦꯡ
< ꯉꯥꯟꯇꯨꯡꯂꯦ#
> stevenson
= ꯁ꯭ꯇꯦꯚꯦꯟꯁꯟ
< ꯁꯤꯇꯦꯕꯦꯟꯣꯣ#
> brigade
= ꯕ꯭ꯔꯤꯒꯦꯗ
< ꯕ꯭ꯔꯤꯒꯥꯗ#
> chaosaangba
= ꯆꯥꯎꯁꯥꯡꯕ
< ꯆꯥꯎꯁꯪꯕ#
> varshney
= ꯚꯥꯔꯁ꯭ꯅꯤ
< ꯚꯔꯁꯦꯅ꯭ꯌꯥ#
> ngaakpagi
= ꯉꯥꯛꯄꯒꯤ
< ꯉꯥꯛꯄꯒꯤ#
> sudana
= ꯁꯨꯗꯅ
< ꯁꯨꯗꯅ#
> brennan
= ꯕ꯭ꯔꯦꯅꯟ
< ꯕ꯭ꯔꯦꯟꯅ#
> akola
= ꯑꯀꯣꯂꯥ
< ꯑꯀꯣꯂꯥ#
> shravanabelagola
= ꯁ꯭ꯔꯚꯅꯕꯦꯂꯒꯣꯂꯥ
< ꯁ꯭ꯔꯕꯂꯂꯒꯅꯒꯅ#
> kokuyo
= ꯀꯣꯀꯨꯌꯣ
< ꯀꯣꯀꯨꯀꯣ#
> namu
= ꯅꯃꯨ
< ꯅꯃꯨ#
> cooch
= ꯀꯨꯆ
< ꯀꯣꯆꯆ#
> phangkhibadugi
= ꯐꯪꯈꯤꯕꯗꯨꯒꯤ
< ꯐꯪꯈꯤꯕꯗꯒꯤꯤ#
> laishram
= ꯂꯥꯢꯁ꯭ꯔꯝ
< ꯂꯥꯢꯁ꯭ꯔꯝ#
> mitchell
= ꯃꯤꯠꯆꯦꯜ
< ꯃꯤꯠꯆꯦꯜ#
> carr
= ꯀꯥꯔ
< ꯀꯥꯔꯛ#
> emungni
= ꯏꯃꯨꯡꯅꯤ
< ꯏꯃꯨꯡꯅꯤ#
> rectifiers
= ꯔꯦꯛꯇꯤꯐꯥꯢꯑꯔꯁ
< ꯔꯤꯁꯀꯤꯁꯤꯗ#
> amagi
= ꯑꯃꯒꯤ
< ꯑꯃꯒꯤ#
> charles
= ꯆꯥꯔꯜꯁ
< ꯆꯥꯔꯂꯦꯁ#
> nagappattinam
= ꯅꯥꯒꯥꯄꯇꯤꯅꯝ
< ꯅꯥꯒꯥꯠꯇꯥꯄꯇꯝ#
> mathis
= ꯃꯦꯊꯤꯁ
< ꯃꯊꯤꯁ#
> dehra
= ꯗꯦꯍꯔꯥ
< ꯗꯦꯔꯥ#
> janesville
= ꯖꯦꯟꯁꯚꯤꯜ
< ꯖꯦꯅꯁꯟꯂꯦꯕꯤ#
> laiphina
= ꯂꯥꯢꯐꯤꯅ
< ꯂꯥꯢꯐꯤꯟ#
> oinaba
= ꯑꯣꯢꯅꯕ
< ꯑꯣꯢꯅꯕ#
> articlenachingba
= ꯑꯥꯔꯇꯤꯀꯜꯅꯆꯤꯡꯕ
< ꯑꯥꯔꯇꯤꯟꯂꯦꯟꯆꯤꯡꯕ#
> thoothukudi
= ꯊꯨꯊꯨꯀꯨꯗꯤ
< ꯊꯧꯇꯣꯛꯈꯤꯤꯤ#
> cheion
= ꯆꯩꯑꯣꯟ
< ꯆꯩꯑꯣꯟ#
> shokeen
= ꯁꯣꯀꯤꯟ
< ꯁꯣꯀꯦꯟꯟ#
> panghal
= ꯄꯡꯘꯜ
< ꯄꯥꯡꯍꯜ#
> plyboards
= ꯄ꯭ꯂꯥꯢꯕꯣꯔꯗꯁ
< ꯐꯦꯜꯕ꯭ꯔꯣꯀꯟꯗ#
> laija
= ꯂꯥꯢꯖ
< ꯂꯥꯢꯖ#
> kayaamarumna
= ꯀꯌꯥꯃꯔꯨꯝꯅ
< ꯀꯌꯥꯃꯔꯨꯝꯅ#
> apex
= ꯑꯦꯄꯦꯛꯁ
< ꯑꯦꯛꯁ#
> dijastarni
= ꯗꯤꯖꯥꯁꯇꯔꯅꯤ
< ꯗꯤꯖꯥꯖꯔꯇꯅꯤ#
> davenport
= ꯗꯦꯕꯟꯄꯣꯔꯠ
< ꯗꯥꯄꯦꯟꯇꯣꯔ#
> maddipatla
= ꯃꯗꯗꯤꯄꯠꯂꯥ
< ꯃꯥꯗꯗꯤꯂꯄꯄ#
> atkins
= ꯑꯦꯠꯀꯤꯟꯁ
< ꯑꯦꯠꯀꯤꯁꯤ#
> yeklambadu
= ꯌꯦꯛꯂꯝꯕꯗꯨ
< ꯌꯦꯛꯂꯝꯕꯗꯨ#
> cardenas
= ꯀꯥꯔꯗꯦꯅꯥꯁ
< ꯀꯥꯔꯗꯗꯅꯥ#
> saraa
= ꯁꯔꯥ
< ꯁꯔꯥ#
> thadokpagi
= ꯊꯥꯗꯣꯛꯄꯒꯤ
< ꯊꯥꯗꯣꯛꯄꯒꯤ#
> bhansali
= ꯚꯟꯁꯥꯂꯤ
< ꯐꯟꯁꯥꯂꯤ#
> pittsburgh
= ꯄꯤꯠꯁꯕꯔꯒ
< ꯄꯤꯠꯁꯤꯕꯔꯒ#
> tourism
= ꯇꯨꯔꯤꯓꯝ
< ꯇꯧꯔꯤꯁꯝ#
> stephens
= ꯁ꯭ꯇꯤꯚꯟꯁ
< ꯁ꯭ꯄꯦꯁꯦꯟꯁ#
> payment
= ꯄꯦꯃꯦꯟꯠ
< ꯄꯥꯌꯦꯟꯟ#
> wardha
= ꯋꯔꯙꯥ
< ꯋꯥꯔꯗ#
> brownsville
= ꯕ꯭ꯔꯥꯎꯟꯁꯕꯤꯜ
< ꯕ꯭ꯔꯣꯟꯖꯤꯟꯂꯤꯤꯦꯜ#
> khaktani
= ꯈꯛꯇꯅꯤ
< ꯈꯛꯛꯇꯅꯤ#
> luwaopa
= ꯂꯨꯋꯥꯎꯄ
< ꯂꯨꯋꯥꯎꯄ#
> naahanbani
= ꯅꯥꯍꯟꯕꯅꯤ
< ꯅꯥꯍꯟꯕꯤꯅ#
> takpagi
= ꯇꯥꯛꯄꯒꯤ
< ꯇꯥꯛꯄꯒꯤ#
> meehutsing
= ꯃꯤꯍꯨꯠꯁꯤꯡ
< ꯃꯤꯍꯨꯠꯁꯤꯡ#
> siwan
= ꯁꯤꯋꯟ
< ꯁꯤꯋꯥꯟ#
> summerville
= ꯁꯃꯔꯕꯤꯜ
< ꯁꯨꯝꯃꯤꯚꯔꯤꯂꯦ#
> kunthrataret
= ꯀꯨꯟꯊ꯭ꯔꯥꯇꯔꯦꯠ
< ꯀꯨꯟꯇ꯭ꯔꯥꯇꯔꯦ#
> mahawar
= ꯃꯍꯥꯋꯔ
< ꯃꯍꯥꯋꯔ#
> micham
= ꯃꯤꯆꯝ
< ꯃꯤꯆꯝ#
> mapuroiba
= ꯃꯄꯨꯔꯣꯢꯕ
< ꯃꯄꯨꯔꯣꯢꯕ#
> kayaadu
= ꯀꯌꯥꯗꯨ
< ꯀꯌꯥꯗꯨ#
> apakpa
= ꯑꯄꯥꯛꯄ
< ꯑꯄꯛꯄ#
> alluminium
= ꯑꯦꯂꯨꯃꯤꯅꯤꯌꯝ
< ꯑꯜꯂꯂꯝꯃꯤꯅꯤ#
> grove
= ꯒ꯭ꯔꯣꯚ
< ꯒ꯭ꯔꯚꯦ#
> barauni
= ꯕꯔꯣꯎꯅꯤ
< ꯕꯔꯥꯅꯨꯤ#
> rockford
= ꯔꯣꯛꯐꯣꯔꯗ
< ꯔꯣꯀꯣꯐꯦꯗ#
> khul
= ꯈꯨꯜ
< ꯈꯨꯜ#
> houkhibani
= ꯍꯧꯈꯤꯕꯅꯤ
< ꯍꯧꯈꯤꯕꯕꯅꯤ#
> paakhangpana
= ꯄꯥꯈꯪꯄꯅ
< ꯄꯥꯈꯪꯄꯥꯅ#
> hantharakli
= ꯍꯟꯊꯔꯛꯂꯤ
< ꯍꯟꯊꯔꯛꯂꯤ#
> birmingham
= ꯕꯔꯃꯤꯡꯍꯝ
< ꯕꯤꯔꯤꯡꯘꯝꯝ#
> bruyn
= ꯕ꯭ꯔꯨꯌꯟ
< ꯕ꯭ꯔꯤꯟ꯭#
> ethatsingda
= ꯏꯊꯠꯁꯤꯡꯗ
< ꯏꯊꯠꯁꯤꯡꯗ#
> khakna
= ꯈꯛꯅ
< ꯈꯥꯛꯅ#
> excel
= ꯑꯦꯛꯁꯦꯜ
< ꯏꯦꯛꯁꯦꯜ#
> jeffersonville
= ꯖꯦꯐꯔꯁꯟꯚꯤꯜ
< ꯖꯦꯐꯦꯁꯦꯟꯃꯤꯦꯖ#
> kaamduna
= ꯀꯥꯝꯗꯨꯅ
< ꯀꯥꯝꯗꯨꯨ#
> lanli
= ꯂꯥꯟꯂꯤ
< ꯂꯥꯟꯂꯤ#
> leitri
= ꯂꯩꯇ꯭ꯔꯤ
< ꯂꯩꯇ꯭ꯔꯤ#
> ujakhi
= ꯎꯖꯈꯤ
< ꯎꯖꯥꯈꯤ#
> puyane
= ꯄꯨꯌꯥꯅꯦ
< ꯄꯨꯌꯥꯅꯦ#
> menifee
= ꯃꯦꯅꯤꯐꯤ
< ꯃꯦꯅꯤꯌꯦ#
> samjinnahanba
= ꯁꯝꯖꯤꯟꯅꯍꯟꯕ
< ꯁꯝꯖꯤꯟꯅꯍꯟꯕ#
> funggaawaarising
= ꯐꯨꯡꯒꯥꯋꯥꯔꯤꯁꯤꯡ
< ꯐꯨꯡꯒꯥꯔꯤꯁꯤꯡꯡ#
> sudanese
= ꯁꯨꯗꯥꯅꯤꯁ
< ꯁꯨꯗꯅꯥꯁꯦ#
> chingkhalbam
= ꯆꯤꯡꯈꯥꯜꯕꯝ
< ꯆꯤꯡꯈꯜꯈꯝ#
> tidagi
= ꯇꯤꯗꯒꯤ
< ꯇꯤꯗꯒꯤ#
> mongol
= ꯃꯣꯡꯒꯣꯜ
< ꯃꯣꯉꯣꯜ#
> saanpa
= ꯁꯥꯟꯄ
< ꯁꯥꯟꯄ#
> visaka
= ꯕꯤꯁꯥꯀꯥ
< ꯚꯤꯁꯥꯀ#
> infratel
= ꯏꯟꯐ꯭ꯔꯥꯇꯦꯜ
< ꯏꯟꯐꯦꯔꯦꯜ#
> shakopee
= ꯁꯥꯀꯣꯄꯤ
< ꯁꯥꯀꯣꯄꯦ#
> maanggon
= ꯃꯥꯡꯒꯣꯟ
< ꯃꯥꯡꯒꯣꯟ#
> crisil
= ꯀ꯭ꯔꯤꯁꯤꯜ
< ꯀ꯭ꯔꯤꯁꯤꯜ#
> yaayaa
= ꯌꯥꯌꯥ
< ꯌꯥꯌꯥ#
> nongngin
= ꯅꯣꯡꯉꯤꯟ
< ꯅꯣꯡꯏꯣꯟ#
> sankary
= ꯁꯟꯀꯦꯔꯤ
< ꯁꯥꯟꯀꯔ#
> keizer
= ꯀꯦꯢꯖꯔ
< ꯀꯩꯖꯔ#
> clara
= ꯀ꯭ꯂꯥꯔꯥ
< ꯀꯦꯂꯥ#
> peralta
= ꯄꯦꯔꯜꯇꯥ
< ꯄꯦꯔꯥꯇ#
> scottsdale
= ꯁ꯭ꯀꯣꯠꯁꯗꯦꯜ
< ꯁꯣꯠꯀꯣꯁꯦꯠ#
> marakki
= ꯃꯔꯛꯀꯤ
< ꯃꯔꯛꯀꯤ#
> kayamaromda
= ꯀꯌꯥꯃꯔꯣꯝꯗ
< ꯀꯌꯥꯃꯔꯣꯝꯗ#
> reddy
= ꯔꯦꯗꯗꯤ
< ꯔꯦꯗ꯭ꯋꯣ#
> menhit
= ꯃꯦꯟꯍꯤꯠ
< ꯃꯦꯅꯤꯠ#
> haaktaktaki
= ꯍꯥꯛꯇꯛꯇꯀꯤ
< ꯍꯥꯛꯇꯛꯇꯀꯤ#
> thapalon
= ꯊꯄꯥꯂꯣꯟ
< ꯊꯥꯄꯂꯣꯟ#
> kumsinglon
= ꯀꯨꯝꯁꯤꯡꯂꯣꯟ
< ꯀꯨꯝꯁꯤꯡꯂꯣꯟ#
> wabag
= ꯋꯦꯕꯦꯒ
< ꯋꯥꯕ#
> chahichada
= ꯆꯍꯤꯆꯥꯗ
< ꯆꯍꯤꯆꯥꯗ#
> binghamton
= ꯕꯤꯡꯍꯝꯇꯟ
< ꯕꯤꯡꯒꯥꯝꯇꯣꯟ#
> grapevine
= ꯒ꯭ꯔꯦꯞꯕꯥꯢꯟ
< ꯒ꯭ꯔꯄꯔꯤꯤꯅꯦ#
> onkhi
= ꯑꯣꯟꯈꯤ
< ꯑꯣꯟꯈꯤ#
> gaagaa
= ꯒꯥꯒꯥ
< ꯒꯥꯒꯥ#
> thabaktasu
= ꯊꯕꯛꯇꯁꯨ
< ꯊꯥꯕꯥꯛꯇꯨ#
> chahichaada
= ꯆꯍꯤꯆꯥꯗ
< ꯆꯍꯤꯆꯥꯗ#
> motihari
= ꯃꯣꯇꯤꯍꯔꯤ
< ꯃꯣꯇꯤꯤꯥꯥꯔꯤ#
> maayoknaba
= ꯃꯥꯌꯣꯛꯅꯕ
< ꯃꯥꯌꯣꯛꯅꯕ#
> thinliba
= ꯊꯤꯟꯂꯤꯕ
< ꯊꯤꯟꯂꯤꯕ#
> haapchinduna
= ꯍꯥꯞꯆꯤꯟꯗꯨꯅ
< ꯍꯥꯞꯆꯤꯟꯗꯨꯅ#
> khongthangda
= ꯈꯣꯡꯊꯥꯡꯗ
< ꯈꯣꯡꯊꯪꯗ#
> brookfield
= ꯕ꯭ꯔꯨꯛꯐꯤꯜꯗ
< ꯕ꯭ꯌꯣꯔꯣꯜꯣꯜꯤ#
> trenton
= ꯇ꯭ꯔꯦꯟꯇꯟ
< ꯇꯦꯅꯦꯟꯇꯣꯟ#
> ramayan
= ꯔꯥꯃꯥꯌꯟ
< ꯔꯥꯃꯥꯌꯟ#
> heikat
= ꯍꯩꯀꯠ
< ꯍꯩꯀꯥ#
> emaa
= ꯏꯃꯥ
< ꯏꯃꯥ#
> whitaker
= ꯋꯤꯇꯦꯀꯔ
< ꯋꯤꯇꯤꯀꯔꯔ#
> burnsville
= ꯕꯔꯟꯁꯚꯤꯜ
< ꯕꯨꯔꯤꯟꯂꯤꯕꯦꯜ#
> thaajanaba
= ꯊꯥꯖꯅꯕ
< ꯊꯥꯖꯅꯕ#
> yama
= ꯌꯃ
< ꯌꯥꯃ#
> allium
= ꯑꯦꯂꯤꯌꯝ
< ꯑꯜꯂꯤꯃꯝ#
> monuments
= ꯃꯣꯅꯨꯃꯦꯟꯠꯁ
< ꯃꯣꯅꯨꯃꯦꯟꯁ#
> percygi
= ꯄꯔꯁꯤꯒꯤ
< ꯄꯦꯔꯤꯤꯌꯥꯒꯤ#
> lopez
= ꯂꯣꯄꯦꯖ
< ꯂꯣꯐꯦ#
> anaheim
= ꯑꯅꯍꯥꯢꯝ
< ꯑꯅꯥꯍꯩ#
> gravita
= ꯒ꯭ꯔꯥꯕꯤꯇꯥ
< ꯒꯥꯔꯚꯚꯠ#
> mindtree
= ꯃꯥꯢꯟꯗꯇ꯭ꯔꯤ
< ꯃꯤꯟꯗ꯭ꯔꯦꯉꯦ#
> killeen
= ꯀꯤꯂꯤꯟ
< ꯀꯤꯜꯂꯦꯟ#
> paakthokpa
= ꯄꯥꯛꯊꯣꯛꯄ
< ꯄꯥꯛꯊꯣꯛꯄ#
> sinha
= ꯁꯤꯟꯍꯥ
< ꯁꯤꯟꯍ#
> laichat
= ꯂꯥꯢꯆꯠ
< ꯂꯥꯢꯆꯠ#
> marik
= ꯃꯔꯤꯛ
< ꯃꯔꯤꯛ#
> nanglibani
= ꯅꯪꯂꯤꯕꯅꯤ
< ꯅꯪꯂꯤꯕꯅꯤ#
> khetrimayum
= ꯈꯦꯇ꯭ꯔꯤꯃꯌꯨꯝ
< ꯈꯦꯠꯇ꯭ꯔꯤꯌꯝꯝ#
> namnaba
= ꯅꯝꯅꯕ
< ꯅꯝꯅꯕ#
> marel
= ꯃꯔꯦꯜ
< ꯃꯔꯦꯜ#
> alipur
= ꯑꯥꯂꯤꯄꯨꯔ
< ꯑꯂꯤꯤꯄꯨꯔ#
> le
= ꯂꯦ
< ꯂꯦ#
> chatthok
= ꯆꯠꯊꯣꯛ
< ꯆꯠꯊꯣꯛ#
> kline
= ꯀ꯭ꯂꯥꯢꯟ
< ꯀꯤꯂꯤꯟ#
> miyamna
= ꯃꯤꯌꯥꯝꯅ
< ꯃꯤꯌꯥꯝꯅ#
> takhanba
= ꯇꯥꯛꯍꯟꯕ
< ꯇꯥꯛꯍꯟꯕ#
> hodges
= ꯍꯣꯗꯖꯦꯁ
< ꯍꯣꯗꯖꯁꯦꯁ#
> vernon
= ꯕꯔꯅꯟ
< ꯚꯔꯔꯅꯣꯟ#
> thakhare
= ꯊꯥꯈꯔꯦ
< ꯊꯥꯈꯔꯦ#
> misak
= ꯃꯤꯁꯛ
< ꯃꯤꯁꯛ#
> cathedral
= ꯀꯊꯤꯗ꯭ꯔꯜ
< ꯀꯦꯊꯔꯦꯗ#
> focus
= ꯐꯣꯀꯁ
< ꯐꯣꯁꯨ#
> sachan
= ꯁꯆꯟ
< ꯁꯥꯥꯟ#
> chaanpipi
= ꯆꯥꯟꯄꯤꯄꯤ
< ꯆꯥꯟꯄꯤꯤ#
> largo
= ꯂꯥꯔꯒꯣ
< ꯂꯥꯒꯣ#
> leiraba
= ꯂꯩꯔꯕ
< ꯂꯩꯔꯕ#
> pitts
= ꯄꯤꯠꯁ
< ꯄꯤꯠꯁꯛ#
> nguyen
= ꯉꯨꯌꯦꯟ
< ꯉꯨꯌꯦꯟ#
> frazier
= ꯐ꯭ꯔꯦꯖꯤꯑꯔ
< ꯐ꯭ꯔꯤꯖꯥꯔ#
> tucson
= ꯇꯨꯁꯣꯟ
< ꯇꯨꯞꯁꯦꯟ#
> sulung
= ꯁꯨꯂꯨꯡ
< ꯁꯨꯂꯨꯡ#
> keizer
= ꯀꯥꯢꯖꯔ
< ꯀꯩꯖꯔꯦ#
> ukraine
= ꯌꯨꯀ꯭ꯔꯦꯟ
< ꯌꯨꯀ꯭ꯔꯦꯟ#
> sajik
= ꯁꯖꯤꯛ
< ꯁꯖꯤꯀꯤ#
> dwivedi
= ꯗ꯭ꯋꯤꯕꯦꯗꯤ
< ꯗ꯭ꯋꯤꯗꯦꯕꯤ#
> katiyar
= ꯀꯇꯤꯌꯥꯔ
< ꯀꯇꯤꯌꯥꯔ#
> natheiramle
= ꯅꯥꯊꯩꯔꯝꯂꯦ
< ꯅꯥꯊꯔꯩꯃꯔꯦ#
> athokpam
= ꯑꯊꯣꯛꯄꯝ
< ꯑꯊꯣꯛꯄꯄ#
> mcclain
= ꯃꯛꯀ꯭ꯂꯥꯢꯟ
< ꯃꯦꯛꯆꯥꯢꯟ#
> eurynome
= ꯏꯌꯨꯔꯤꯅꯣꯃꯤ
< ꯏꯌꯨꯌꯣꯅꯤꯌꯝ#
> bhaagabat
= ꯚꯥꯒꯕꯠ
< ꯚꯥꯒꯠꯕ#
> goodyear
= ꯒꯨꯗꯌꯤꯑꯔ
< ꯒꯣꯌꯣꯗ꯭ꯌꯔ#
> solis
= ꯁꯣꯂꯤꯁ
< ꯁꯣꯂꯤꯁ#
> nikobar
= ꯅꯤꯀꯣꯕꯔ
< ꯅꯤꯀꯣꯕꯔ#
> atonbidusu
= ꯑꯇꯣꯟꯕꯤꯗꯨꯁꯨ
< ꯑꯇꯣꯕꯣꯟꯕꯤꯗꯨ#
> thinnaba
= ꯊꯤꯟꯅꯕ
< ꯊꯤꯟꯅꯕ#
> kananota
= ꯀꯅꯥꯅꯣꯇꯥ
< ꯀꯅꯥꯅꯣꯇ#
> tirunelveli
= ꯇꯤꯔꯨꯅꯦꯜꯚꯦꯂꯤ
< ꯇꯤꯔꯨꯅꯦꯜꯂꯂꯤ#
> samjinnari
= ꯁꯝꯖꯤꯟꯅꯔꯤ
< ꯁꯝꯖꯤꯟꯅꯔꯤ#
> islam
= ꯏꯁꯂꯥꯝ
< ꯏꯁꯂꯝ#
> chavan
= ꯆꯥꯋꯟ
< ꯆꯥꯕꯟ#
> view
= ꯕꯤꯎ
< ꯚꯤꯌꯦ#
> upadhyay
= ꯎꯄꯥꯘ꯭ꯌꯥꯢ
< ꯎꯗꯗ꯭ꯋ꯭ꯋ꯭ꯌꯥ#
> puyallup
= ꯄ꯭ꯌꯨꯑꯥꯂꯞ
< ꯄꯨꯌꯥꯜꯂꯞ#
> chaanipaanga
= ꯆꯥꯅꯤꯄꯥꯟꯒ
< ꯆꯥꯅꯤꯄꯥꯥ#
> fangdriba
= ꯐꯪꯗ꯭ꯔꯤꯕ
< ꯐꯪꯗ꯭ꯔꯤꯕ#
> silikongi
= ꯁꯤꯂꯤꯀꯣꯟꯒꯤ
< ꯁꯤꯂꯤꯀꯣꯟꯒꯤ#
> heiningjom
= ꯍꯩꯅꯤꯡꯖꯣꯝ
< ꯍꯩꯅꯤꯡꯉꯣꯝ#
> batala
= ꯕꯇꯥꯂꯥ
< ꯕꯥꯇꯥ#
> buena
= ꯕꯨꯑꯦꯅꯥ
< ꯕꯨꯅ#
> mayollamgi
= ꯃꯌꯣꯜꯂꯝꯒꯤ
< ꯃꯌꯣꯜꯂꯝꯒꯤ#
> aprajita
= ꯑꯄ꯭ꯔꯥꯖꯤꯇꯥ
< ꯑꯄꯥꯖꯥꯖꯤ#
> renton
= ꯔꯦꯟꯇꯟ
< ꯔꯦꯟꯇꯣꯟ#
> lanchao
= ꯂꯥꯟꯆꯥꯎ
< ꯂꯥꯟꯆꯥꯎ#
> yumjao
= ꯌꯨꯝꯖꯥꯎ
< ꯌꯨꯝꯖꯥꯎ#
> saaphu
= ꯁꯥꯐꯨ
< ꯁꯥꯐꯨ#
> goyal
= ꯒꯣꯌꯥꯜ
< ꯒꯣꯌꯥꯜ#
> tripuraga
= ꯇ꯭ꯔꯤꯄꯨꯔꯥꯒ
< ꯇꯤꯔꯨꯄꯨꯔꯥ#
> rowlett
= ꯔꯣꯂꯦꯠ
< ꯔꯣꯞꯂꯦꯠ#
> thaangyikum
= ꯊꯥꯡꯌꯤꯀꯨꯝ
< ꯊꯥꯡꯤꯤꯌꯤꯌꯝ#
> nungshiraba
= ꯅꯨꯡꯁꯤꯔꯕ
< ꯅꯨꯡꯁꯤꯔꯕ#
> chakni
= ꯆꯥꯛꯅꯤ
< ꯆꯥꯛꯅꯤ#
> laappa
= ꯂꯥꯞꯄ
< ꯂꯥꯞꯄ#
> fayetteville
= ꯐꯦꯌꯦꯠꯚꯤꯜ
< ꯐꯥꯌꯦꯠꯇꯦꯕꯤꯤꯦ#
> arthur
= ꯑꯔꯊꯔ
< ꯑꯥꯔꯊꯨꯖ#
> carlo
= ꯀꯥꯔꯂꯣ
< ꯀꯦꯔꯂꯣ#
> buckley
= ꯕꯛꯂꯤ
< ꯕ꯭ꯛꯔꯛꯀꯤꯑ#
> takhellambam
= ꯇꯈꯦꯜꯂꯝꯕꯝ
< ꯇꯥꯦꯜꯂꯦꯝꯕꯝ#
> land
= ꯂꯦꯟꯗ
< ꯂꯥꯟꯗ#
> manchanda
= ꯃꯟꯆꯟꯗꯥ
< ꯃꯟꯟꯆꯟꯗ#
> thaalon
= ꯊꯥꯂꯣꯟ
< ꯊꯥꯂꯣꯟ#
> lingkhatlamba
= ꯂꯤꯡꯈꯠꯂꯝꯕ
< ꯂꯤꯡꯈꯠꯂꯝꯕ#
> churachanna
= ꯆꯨꯔꯥꯆꯥꯟꯅ
< ꯆꯨꯔꯆꯥꯟꯅ#
> itarsi
= ꯏꯇꯥꯔꯁꯤ
< ꯏꯇꯥꯔꯁꯤ#
> mapung
= ꯃꯄꯨꯡ
< ꯃꯄꯨꯡ#
> waanghouba
= ꯋꯥꯡꯍꯧꯕ
< ꯋꯥꯡꯍꯧꯕ#
> briggs
= ꯕ꯭ꯔꯤꯒꯁ
< ꯕ꯭ꯔꯤꯒꯣꯁ#
> amaravati
= ꯑꯃꯔꯥꯕꯇꯤ
< ꯑꯃꯔꯥꯚꯤꯌꯥ#
> chabada
= ꯆꯥꯕꯗ
< ꯆꯥꯕꯗ#
> gaski
= ꯒꯦꯁꯀꯤ
< ꯒꯥꯁꯀꯤ#
> balkrishna
= ꯕꯥꯜꯀ꯭ꯔꯤꯁꯅ
< ꯕꯥꯜꯀꯔꯤꯁꯅ#
> masood
= ꯃꯁꯨꯗ
< ꯃꯁꯣꯣꯗ#
> guntur
= ꯒꯟꯇꯔ
< ꯒꯨꯟꯇꯨ#
> louis
= ꯂꯨꯏꯁ
< ꯂꯧꯎꯁꯤ#
> lainupini
= ꯂꯥꯢꯅꯨꯄꯤꯅꯤ
< ꯂꯥꯢꯅꯨꯄꯤꯅꯤ#
> ichu
= ꯏꯆꯨ
< ꯏꯆꯨ#
> escondido
= ꯏꯁꯀꯣꯟꯗꯤꯗꯣ
< ꯏꯁꯦꯣꯔꯗꯣꯗꯣ#
> walters
= ꯋꯥꯜꯇꯔꯁ
< ꯋꯥꯜꯇꯔꯁ#
> sind
= ꯁꯤꯟꯗ
< ꯁꯤꯟꯗ#
> aishwary
= ꯑꯥꯢꯁ꯭ꯋꯔꯤ
< ꯑꯏꯁ꯭ꯋꯥꯔꯤ#
> wolf
= ꯋꯨꯜꯐ
< ꯋꯣꯜꯐ#
> slovakiya
= ꯁ꯭ꯂꯣꯚꯥꯀꯤꯌꯥ
< ꯁ꯭ꯂꯣꯌꯤꯌꯥꯥ#
> sevagram
= ꯁꯦꯚꯥꯒ꯭ꯔꯥꯝ
< ꯁꯦꯒꯔꯥꯔꯝ#
> tagi
= ꯇꯥꯒꯤ
< ꯇꯥꯒꯤ#
> burke
= ꯕꯔ꯭ꯛ
< ꯕꯨꯔꯦꯛ#
> fampalda
= ꯐꯝꯄꯥꯜꯗ
< ꯐꯝꯄꯥꯜꯗ#
> palmdale
= ꯄꯥꯥꯝꯗꯦꯜ
< ꯄꯥꯜꯂꯦꯗ#
> leisubi
= ꯂꯩꯁꯨꯕꯤ
< ꯂꯩꯁꯨꯕꯤ#
> founder
= ꯐꯥꯎꯟꯗꯔ
< ꯐꯧꯅꯦꯗꯔ#
> erode
= ꯏꯔꯣꯗ
< ꯏꯔꯣꯗꯦ#
> haokip
= ꯍꯥꯎꯀꯤꯞ
< ꯍꯥꯎꯀꯤꯄ#
> gaandhaarigi
= ꯒꯥꯟꯙꯥꯔꯤꯒꯤ
< ꯒꯥꯟꯗꯥꯔꯤꯔꯤ#
> ipaakachouba
= ꯏꯄꯥꯛꯑꯆꯧꯕ
< ꯏꯄꯥꯎꯀꯥꯎꯕ#
> meiraa
= ꯃꯩꯔꯥ
< ꯃꯩꯔꯥ#
> mayo
= ꯃꯦꯌꯣ
< ꯃꯌꯣ#
> path
= ꯄꯥꯊ
< ꯄꯥꯊ#
> pathaapki
= ꯄꯊꯥꯞꯀꯤ
< ꯄꯥꯊꯞꯀꯤ#
> nunggarei
= ꯅꯨꯡꯒꯥꯔꯩ
< ꯅꯨꯡꯒꯥꯔꯩ#
> kansas
= ꯀꯦꯟꯁꯁ
< ꯀꯟꯁꯁ#
> thakur
= ꯊꯥꯀꯨꯔ
< ꯊꯥꯨꯨꯔ#
> leipaakna
= ꯂꯩꯄꯥꯛꯅ
< ꯂꯩꯄꯥꯛꯅ#
> sioux
= ꯁꯨ
< ꯁꯧꯑꯨꯛ#
> mayanglambam
= ꯃꯌꯥꯡꯂꯝꯕꯝ
< ꯃꯌꯥꯡꯂꯝꯕꯝ#
> kangbagi
= ꯀꯥꯡꯕꯒꯤ
< ꯀꯪꯕꯕꯒꯤ#
> holidays
= ꯍꯣꯂꯤꯗꯦꯁ
< ꯍꯣꯂꯤꯗꯗꯁ#
> nokningba
= ꯅꯣꯛꯅꯤꯡꯕ
< ꯅꯣꯛꯅꯤꯡꯕ#
> khundangbam
= ꯈꯨꯟꯗꯥꯡꯕꯝ
< ꯈꯨꯟꯗꯥꯡꯕꯝ#
> houkhibagi
= ꯍꯧꯈꯤꯕꯒꯤ
< ꯍꯧꯈꯤꯕꯒꯤ#
> brake
= ꯕ꯭ꯔꯦꯛ
< ꯕ꯭ꯔꯥꯦ#
> faulkner
= ꯐꯣꯜꯛꯅꯔ
< ꯐꯥꯎꯀ꯭ꯔꯟ#
> telangana
= ꯇꯦꯂꯪꯒꯥꯅꯥ
< ꯇꯦꯂꯥꯡꯅ#
> khargone
= ꯈꯥꯔꯒꯣꯟ
< ꯈꯥꯒꯣꯖꯦ#
> rosas
= ꯔꯣꯖꯥꯁ
< ꯔꯣꯁꯁ#
> thangamayil
= ꯊꯪꯒꯃꯌꯤꯜ
< ꯊꯥꯥꯥꯥꯥꯥꯥꯥ#
> chungsennubi
= ꯆꯨꯡꯁꯦꯟꯅꯨꯕꯤ
< ꯆꯨꯡꯁꯦꯟꯅꯕꯤ#
> francisco
= ꯐ꯭ꯔꯥꯟꯁꯤꯁꯀꯣ
< ꯐ꯭ꯔꯥꯟꯀꯤꯁꯀꯥ#
> humpu
= ꯍꯨꯝꯄꯨ
< ꯍꯨꯝꯄꯨ#
> king
= ꯀꯤꯡ
< ꯀꯤꯡ#
> thangal
= ꯊꯪꯒꯥꯜ
< ꯊꯥꯥꯥꯜ#
> laanmisingna
= ꯂꯥꯟꯃꯤꯁꯤꯡꯅ
< ꯂꯥꯟꯃꯤꯁꯤꯡꯅ#
> shajapur
= ꯁꯥꯖꯥꯄꯨꯔ
< ꯁꯥꯖꯔꯨ#
> hiyanggei
= ꯍꯤꯌꯥꯡꯒꯩ
< ꯍꯤꯌꯥꯡꯒꯩ#
> poram
= ꯄꯣꯔꯝ
< ꯄꯣꯔꯝ#
> ngaada
= ꯉꯥꯗ
< ꯉꯥꯗ#
> mapei
= ꯃꯄꯩ
< ꯃꯄꯩ#
> afghanistan
= ꯑꯐꯒꯥꯅꯤꯁ꯭ꯇꯥꯟ
< ꯑꯐꯪꯅꯤꯇꯟꯟ#
> leimakhujam
= ꯂꯩꯃꯈꯨꯖꯝ
< ꯂꯩꯃꯈꯨꯖꯥꯝ#
> chatcharo
= ꯆꯠꯆꯔꯣ
< ꯆꯠꯆꯔꯣ#
> harvey
= ꯍꯥꯔꯕꯤ
< ꯍꯥꯔꯕꯤ#
> sequent
= ꯁꯤꯀ꯭ꯋꯦꯟꯠ
< ꯁꯦꯁꯀ꯭ꯟ#
> ningsingba
= ꯅꯤꯡꯁꯤꯡꯕ
< ꯅꯤꯡꯁꯤꯡꯕ#
> punna
= ꯄꯨꯟꯅ
< ꯄꯨꯟꯅ#
> phylum
= ꯐꯥꯢꯂꯝ
< ꯐꯤꯂꯨꯝ#
> mahbubnagar
= ꯃꯥꯍꯕꯨꯕꯅꯒꯔ
< ꯃꯕꯨꯕꯕꯒ꯭ꯔꯥꯅ#
> pandava
= ꯄꯥꯟꯗꯚ
< ꯄꯟꯟꯗ#
> harlingen
= ꯍꯥꯔꯂꯤꯟꯒꯦꯟ
< ꯍꯥꯔꯂꯤꯟꯟ#
> ganganagar
= ꯒꯪꯒꯥꯅꯒꯔ
< ꯒꯥꯒꯥꯟꯥꯔ#
> shakminnabagi
= ꯁꯛꯃꯤꯟꯅꯕꯒꯤ
< ꯁꯛꯃꯤꯟꯅꯕꯒꯤ#
> dewas
= ꯗꯤꯋꯁ
< ꯗꯦꯋꯥꯁ#
> mangbara
= ꯃꯥꯡꯕꯔꯥ
< ꯃꯥꯡꯕꯔ#
> mamaangthakta
= ꯃꯃꯥꯡꯊꯛꯇ
< ꯃꯥꯃꯥꯊꯛꯇ#
> horton
= ꯍꯣꯔꯇꯟ
< ꯍꯣꯔꯇꯣꯟ#
> chatarukka
= ꯆꯇꯔꯨꯛꯀ
< ꯆꯥꯇꯔꯨꯛꯀ#
> bhasin
= ꯚꯥꯁꯤꯟ
< ꯚꯥꯁꯤꯟ#
> miyambu
= ꯃꯤꯌꯥꯝꯕꯨ
< ꯃꯤꯌꯥꯝꯕꯨ#
> savita
= ꯁꯕꯤꯇꯥ
< ꯁꯥꯤꯤꯇ#
> faaraba
= ꯐꯥꯔꯕ
< ꯐꯥꯔꯕ#
> burnett
= ꯕꯔꯅꯦꯠ
< ꯕꯨꯔꯅꯦꯠ#
> ngangnarakliba
= ꯉꯥꯡꯅꯔꯛꯂꯤꯕ
< ꯉꯥꯟꯅꯔꯛꯂꯤꯕ#
> angangsingda
= ꯑꯉꯥꯡꯁꯤꯡꯗ
< ꯑꯉꯥꯡꯁꯤꯡꯗ#
> ware
= ꯋꯦꯑꯔ
< ꯋꯥꯔꯦ#
> banda
= ꯕꯟꯗꯥ
< ꯕꯥꯟꯗ#
> saruksi
= ꯁꯔꯨꯛꯁꯤ
< ꯁꯔꯨꯛꯁꯤ#
> mariphumangaa
= ꯃꯔꯤꯐꯨꯃꯉꯥ
< ꯃꯔꯤꯐꯨꯃꯉꯥ#
> barbuda
= ꯕꯥꯔꯕꯨꯗꯥ
< ꯕꯥꯔꯕꯨꯗ#
> seed
= ꯁꯤꯗ
< ꯁꯦꯗ#
> oswal
= ꯑꯣꯁꯋꯥꯜ
< ꯑꯣꯞꯖꯦꯜ#
> kharadagi
= ꯈꯔꯗꯒꯤ
< ꯈꯔꯥꯗꯒꯤ#
> khudakki
= ꯈꯨꯗꯛꯀꯤ
< ꯈꯨꯗꯥꯛꯀꯤ#
> ngangoi
= ꯉꯥꯉꯣꯢ
< ꯉꯥꯉꯣꯢ#
> thaafam
= ꯊꯥꯐꯝ
< ꯊꯥꯐꯝ#
> chenthakhiba
= ꯆꯦꯟꯊꯈꯤꯕ
< ꯆꯦꯟꯊꯥꯈꯤꯕ#
> mihutsing
= ꯃꯤꯍꯨꯠꯁꯤꯡ
< ꯃꯤꯍꯨꯠꯁꯤꯡ#
> faare
= ꯐꯥꯔꯦ
< ꯐꯥꯔꯦ#
> aizawl
= ꯑꯥꯢꯖꯣꯜ
< ꯑꯏꯓꯥꯜ#
> inthokkhi
= ꯏꯟꯊꯣꯛꯈꯤ
< ꯏꯟꯊꯣꯛꯈꯤ#
> nung
= ꯅꯨꯡ
< ꯅꯨꯡ#
> fuentes
= ꯐꯨꯑꯟꯇꯁ
< ꯐꯤꯌꯦꯟꯇꯦ#
> mercado
= ꯃꯔꯀꯥꯗꯣ
< ꯃꯔꯀꯀꯥꯗꯣ#
> hicks
= ꯍꯤꯛꯁ
< ꯍꯤꯢꯀꯁꯛ#
> lairenjam
= ꯂꯥꯢꯔꯦꯟꯖꯝ
< ꯂꯥꯢꯔꯦꯟꯖꯝ#
> lampakka
= ꯂꯝꯄꯥꯛꯀ
< ꯂꯝꯄꯀꯛ#
> statesingda
= ꯁ꯭ꯇꯦꯠꯁꯤꯡꯗ
< ꯁ꯭ꯇꯦꯠꯁꯤꯡꯗ#
> mangan
= ꯃꯦꯡꯒꯟ
< ꯃꯉꯥꯟ#
> sirca
= ꯁꯤꯔꯀꯥ
< ꯁꯤꯔꯤꯀꯥ#
> timken
= ꯇꯤꯝꯀꯟ
< ꯇꯤꯝꯀꯦꯟ#
> chingdongi
= ꯆꯤꯡꯗꯣꯟꯒꯤ
< ꯆꯤꯡꯗꯣꯟꯒꯤ#
> mcmahon
= ꯃꯛꯃꯥꯟ
< ꯃꯦꯝꯍꯣꯟ#
> kaalraatri
= ꯀꯥꯜꯔꯥꯇ꯭ꯔꯤ
< ꯀꯥꯜꯔꯥꯇ꯭ꯔꯤ#
> thouramda
= ꯊꯧꯔꯝꯗ
< ꯊꯧꯔꯝꯗ#
> vegas
= ꯚꯦꯒꯁ
< ꯚꯒꯒꯦ#
> chingsinnaba
= ꯆꯤꯡꯁꯤꯟꯅꯕ
< ꯆꯤꯡꯁꯤꯟꯅꯕ#
> reach
= ꯔꯤꯆ
< ꯔꯤꯑꯆ#
> leach
= ꯂꯤꯆ
< ꯂꯤꯆꯥ#
> reed
= ꯔꯤꯗ
< ꯔꯤꯗ#
> wangngi
= ꯋꯥꯡꯉꯤ
< ꯋꯥꯡꯉꯤ#
> akzo
= ꯑꯥꯛꯖꯣ
< ꯑꯦꯛꯣ#
> kayaga
= ꯀꯌꯥꯒ
< ꯀꯌꯥꯒ#
> imphaldagi
= ꯏꯝꯐꯥꯜꯗꯒꯤ
< ꯏꯝꯐꯜꯗꯒꯤ#
> chandrapur
= ꯆꯟꯗ꯭ꯔꯄꯨꯔ
< ꯆꯟꯟꯗ꯭ꯔꯔꯨꯞ#
> chaathaang
= ꯆꯥꯊꯥꯡ
< ꯆꯥꯊꯥꯡ#
> pali
= ꯄꯥꯂꯤ
< ꯄꯥꯂꯤ#
> aphaba
= ꯑꯐꯕ
< ꯑꯐꯕ#
> yaannanaba
= ꯌꯥꯟꯅꯅꯕ
< ꯌꯥꯟꯅꯅꯕ#
> sabha
= ꯁꯚꯥ
< ꯁꯥꯚ#
> saafaba
= ꯁꯥꯐꯕ
< ꯁꯥꯐꯕ#
> mami
= ꯃꯃꯤ
< ꯃꯥꯃꯤ#
> whittier
= ꯋꯤꯇꯤꯑꯔ
< ꯋꯤꯢꯇꯦꯔꯤ#
> mayaamda
= ꯃꯌꯥꯝꯗ
< ꯃꯌꯥꯝꯗ#
> haynes
= ꯍꯦꯅꯦꯁ
< ꯍꯥꯟꯁꯦꯁ#
> sembi
= ꯁꯦꯝꯕꯤ
< ꯁꯦꯝꯕꯤ#
> ridge
= ꯔꯤꯖ
< ꯔꯤꯗꯦ#
> gurnani
= ꯒꯨꯔꯅꯥꯅꯤ
< ꯒꯨꯔꯅꯅꯤ#
> thangchahanpa
= ꯊꯥꯡꯆꯍꯟꯄ
< ꯊꯪꯆꯥꯟꯄ#
> paoselnapa
= ꯄꯥꯎꯁꯦꯜꯅꯄ
< ꯄꯥꯁꯦꯜꯄꯥ#
> terry
= ꯇꯦꯔꯤ
< ꯇꯦꯔꯔꯤ#
> khongtekcham
= ꯈꯣꯡꯇꯦꯛꯆꯝ
< ꯈꯣꯡꯇꯦꯛꯆꯝ#
> dejesus
= ꯗꯤꯖꯤꯖꯁ
< ꯗꯖꯖꯁꯤꯁ#
> langthabal
= ꯂꯪꯊꯕꯥꯜ
< ꯂꯥꯡꯊꯜꯕ#
> anidu
= ꯑꯅꯤꯗꯨ
< ꯑꯅꯤꯗꯨ#
> thaadokpagi
= ꯊꯥꯗꯣꯛꯄꯒꯤ
< ꯊꯥꯗꯣꯛꯄꯒꯤ#
> ningshingba
= ꯅꯤꯡꯁꯤꯡꯕ
< ꯅꯤꯡꯁꯤꯡꯕ#
> thokkhibagini
= ꯊꯣꯛꯈꯤꯕꯒꯤꯅꯤ
< ꯊꯣꯛꯈꯤꯕꯒꯤꯅꯤ#
> fasteners
= ꯐꯥꯁꯅꯔꯁ
< ꯐꯥꯁꯇꯦꯁꯟꯔ#
> islands
= ꯑꯥꯢꯂꯦꯟꯗꯁ
< ꯏꯁꯂꯥꯟꯗ#
> amreli
= ꯑꯝꯔꯦꯂꯤ
< ꯑꯦꯃꯦꯂꯤ#
> chakhanba
= ꯆꯥꯛꯍꯟꯕ
< ꯆꯥꯛꯍꯟꯕ#
> khada
= ꯈꯥꯗ
< ꯈꯗ#
> raillambi
= ꯔꯦꯜꯂꯝꯕꯤ
< ꯔꯥꯢꯂꯜꯂꯤꯕ#
> chakrida
= ꯆꯀ꯭ꯔꯤꯗ
< ꯆꯥꯛꯀ꯭ꯔꯗ#
> swaraj
= ꯁ꯭ꯋꯔꯥꯖ
< ꯁ꯭ꯔꯥꯖꯔ#
> kang
= ꯀꯥꯡ
< ꯀꯥꯡ#
> kokomo
= ꯀꯣꯀꯣꯃꯣ
< ꯀꯣꯀꯣꯣꯣ#
> phalodi
= ꯐꯥꯂꯣꯗꯤ
< ꯐꯥꯂꯣꯗꯤ#
> orange
= ꯑꯣꯔꯤꯟꯖ
< ꯑꯣꯔꯥꯖꯦ#
> piramlaga
= ꯄꯤꯔꯝꯂꯒ
< ꯄꯤꯔꯃꯃꯒ#
> gaines
= ꯑꯦꯟꯁ
< ꯒꯥꯢꯁꯦꯁ#
> leipham
= ꯂꯩꯐꯝ
< ꯂꯩꯐꯝ#
> kourabasinggi
= ꯀꯧꯔꯕꯁꯤꯡꯒꯤ
< ꯀꯧꯔꯥꯕꯁꯤꯡꯒꯤ#
> chang
= ꯆꯪ
< ꯆꯪ#
> saphagadaba
= ꯁꯥꯐꯒꯗꯕ
< ꯁꯥꯐꯒꯗꯕ#
> chaangdamnaba
= ꯆꯥꯡꯗꯝꯅꯕ
< ꯆꯥꯡꯗꯝꯅꯕ#
> bipin
= ꯕꯤꯄꯤꯟ
< ꯕꯤꯄꯤꯟ#
> gujarat
= ꯒꯨꯖꯔꯥꯠ
< ꯒꯨꯖꯥꯥꯔꯠ#
> tirupati
= ꯇꯤꯔꯨꯄꯇꯤ
< ꯇꯤꯔꯨꯄꯇꯤ#
> jagdalpur
= ꯖꯒꯗꯥꯜꯄꯨꯔ
< ꯖꯒꯗꯥꯗꯄꯔ#
> sciences
= ꯁꯥꯢꯟꯁꯦꯁ
< ꯁꯤꯁꯦꯟꯁꯦꯁ#
> cantu
= ꯀꯦꯟꯇꯨ
< ꯀꯥꯟꯇꯨ#
> knoxville
= ꯅꯣꯛꯁꯕꯤꯜ
< ꯀꯣꯛꯁꯤꯜꯂꯤꯕꯦꯜ#
> nongthrei
= ꯅꯣꯡꯊ꯭ꯔꯩ
< ꯅꯣꯡꯊ꯭ꯔꯩ#
> missouri
= ꯃꯖꯨꯔꯤ
< ꯃꯤꯁꯔꯧꯔꯤ#
> pujaa
= ꯄꯨꯖꯥ
< ꯄꯨꯖꯥ#
> tanglaba
= ꯇꯥꯡꯂꯕ
< ꯇꯥꯡꯂꯕ#
> adhaulia
= ꯑꯙꯥꯎꯂꯤꯌꯥ
< ꯏꯗꯥꯎꯂꯤꯌꯥ#
> yamala
= ꯌꯥꯃꯥꯂꯥ
< ꯌꯥꯃꯂ#
> lamkoiba
= ꯂꯝꯀꯣꯢꯕ
< ꯂꯝꯀꯣꯢꯕ#
> ipak
= ꯏꯄꯥꯛ
< ꯏꯄꯥꯛ#
> crore
= ꯀ꯭ꯔꯣꯔ
< ꯀ꯭ꯔꯣꯔ#
> himatsingka
= ꯍꯤꯃꯠꯁꯤꯡꯀꯥ
< ꯍꯤꯃꯥꯁꯤꯤꯤꯡ#
> semsaba
= ꯁꯦꯝꯁꯥꯕ
< ꯁꯦꯝꯁꯥꯕ#
> das
= ꯗꯥꯁ
< ꯗꯥꯥ#
> koktuna
= ꯀꯣꯛꯇꯨꯅ
< ꯀꯣꯛꯇꯨꯅ#
> koina
= ꯀꯣꯢꯅ
< ꯀꯣꯢꯅ#
> laappada
= ꯂꯥꯞꯄꯗ
< ꯂꯥꯞꯄꯗ#
> waangkhatpa
= ꯋꯥꯡꯈꯠꯄ
< ꯋꯥꯡꯈꯠꯄ#
> hangnade
= ꯍꯪꯅꯗꯦ
< ꯍꯥꯡꯗꯗꯦ#
> beaverton
= ꯕꯤꯚꯔꯇꯟ
< ꯕꯤꯕꯥꯇꯣꯔꯦꯟ#
> saayongi
= ꯁꯥꯌꯣꯟꯒꯤ
< ꯁꯥꯌꯣꯟꯒꯤ#
> shekhar
= ꯁꯦꯈꯔ
< ꯁꯦꯈꯔ#
> tel
= ꯇꯦꯜ
< ꯇꯦꯜ#
> ogden
= ꯑꯣꯒꯗꯟ
< ꯑꯣꯒꯦꯟꯗ#
> nambana
= ꯅꯝꯕꯅ
< ꯅꯝꯕꯥꯅ#
> ingpa
= ꯏꯪꯄ
< ꯏꯪꯄ#
> keisumsangda
= ꯀꯩꯁꯨꯝꯁꯪꯗ
< ꯀꯩꯁꯨꯁꯪꯗꯥ#
> chingna
= ꯆꯤꯡꯅ
< ꯆꯤꯡꯅ#
> mastek
= ꯃꯥꯁꯇꯦꯛ
< ꯃꯁꯦꯛꯛ#
> awatapa
= ꯑꯋꯥꯠꯑꯄꯥ
< ꯑꯋꯥꯠꯄ#
> sweden
= ꯁ꯭ꯋꯤꯗꯦꯟ
< ꯁ꯭ꯗ꯭ꯋꯦꯟ#
> rawat
= ꯔꯥꯋꯠ
< ꯔꯥꯋꯠ#
> nainital
= ꯅꯦꯅꯤꯇꯥꯜ
< ꯅꯥꯅꯤꯇꯦꯜ#
> barnstable
= ꯕꯥꯔꯟꯁ꯭ꯇꯦꯕꯜ
< ꯕꯥꯟꯇꯤꯕꯦꯦꯦꯦ#
> mityengfam
= ꯃꯤꯠꯌꯦꯡꯐꯝ
< ꯃꯤꯠꯌꯦꯡꯐꯝ#
> sangsalol
= ꯁꯪꯁꯥꯂꯣꯜ
< ꯁꯪꯁꯥꯂꯣꯜ#
> belarus
= ꯕꯦꯂꯥꯔꯨꯁ
< ꯕꯦꯂꯥꯔꯁ#
> pangli
= ꯄꯥꯡꯂꯤ
< ꯄꯥꯡꯂꯤ#
> habra
= ꯍꯕ꯭ꯔ
< ꯍꯥꯕ꯭ꯔ#
> pakchaobadagini
= ꯄꯥꯛꯆꯥꯎꯕꯗꯒꯤꯅꯤ
< ꯄꯥꯎꯆꯥꯎꯕꯒꯤꯗꯅꯤ#
> silva
= ꯁꯤꯜꯚꯥ
< ꯁꯤꯜꯚ#
> mosley
= ꯃꯣꯁꯂꯤ
< ꯃꯣꯁꯂꯦ#
> yaoraktringeida
= ꯌꯥꯎꯔꯛꯇ꯭ꯔꯤꯉꯩꯗ
< ꯌꯥꯎꯔꯛꯇ꯭ꯔꯤꯉꯩꯗ#
> waykos
= ꯋꯦꯀꯣꯁ
< ꯋꯥꯀꯣꯁꯁ#
> thadoklamlaga
= ꯊꯥꯗꯣꯛꯂꯝꯂꯒ
< ꯊꯥꯗꯣꯛꯂꯝꯒꯒ#
> development
= ꯗꯤꯚꯦꯂꯞꯃꯦꯟꯠ
< ꯗꯦꯂꯦꯃꯃꯦꯟꯁꯟ#
> fry
= ꯐ꯭ꯔꯥꯢ
< ꯐ꯭ꯔꯤ#
> mariphu
= ꯃꯔꯤꯐꯨ
< ꯃꯔꯤꯐꯨ#
> resham
= ꯔꯦꯁꯝ
< ꯔꯤꯁꯝ#
> french
= ꯐ꯭ꯔꯦꯟꯆ
< ꯐ꯭ꯔꯦꯟꯁ#
> nadiad
= ꯅꯥꯗꯤꯑꯥꯗ
< ꯅꯥꯗꯤꯌꯥꯗ#
> kabulna
= ꯀꯥꯕꯨꯜꯅ
< ꯀꯥꯕꯜꯅ#
> kochi
= ꯀꯣꯆꯤ
< ꯀꯣꯆꯤ#
> ashini
= ꯑꯁꯤꯅꯤ
< ꯑꯁꯤꯅꯤ#
> salaichaasingga
= ꯁꯂꯥꯢꯆꯥꯁꯤꯡꯒ
< ꯁꯂꯥꯤꯆꯪꯁꯤꯡ#
> eden
= ꯏꯗꯦꯟ
< ꯏꯗꯦꯟ#
> petersburg
= ꯄꯤꯇꯔꯁꯕꯔꯒ
< ꯄꯦꯇꯤꯔꯕꯁꯇꯨꯡ#
> toubro
= ꯇꯨꯕ꯭ꯔꯣ
< ꯇꯧꯕ꯭ꯔꯣ#
> shawnee
= ꯁꯣꯅꯤ
< ꯁꯥꯟꯅꯦ#
> chaannana
= ꯆꯥꯟꯅꯅ
< ꯆꯥꯟꯅꯅ#
> bryant
= ꯕ꯭ꯔꯥꯢꯌꯥꯟꯠ
< ꯕ꯭ꯔꯦꯟꯥꯠ#
> shakei
= ꯁꯥꯀꯩ
< ꯁꯥꯀꯩ#
> sultanpur
= ꯁꯨꯜꯇꯥꯟꯄꯨꯔ
< ꯁꯨꯜꯇꯥꯅꯔꯔ#
> ebadubu
= ꯏꯕꯗꯨꯕꯨ
< ꯏꯕꯗꯨꯨꯨ#
> bhojpur
= ꯚꯣꯖꯄꯨꯔ
< ꯚꯣꯐ꯭ꯔꯨ#
> kanna
= ꯀꯟꯅ
< ꯀꯥꯟꯅ#
> cheriti
= ꯆꯦꯔꯤꯇꯤ
< ꯀꯦꯔꯤꯇꯤ#
> fahanli
= ꯐꯥꯍꯟꯂꯤ
< ꯐꯍꯟꯂꯤ#
> foley
= ꯐꯣꯂꯤ
< ꯐꯣꯂꯤ#
> wood
= ꯋꯨꯗ
< ꯋꯣꯗꯣ#
> barbera
= ꯕꯥꯔꯕꯦꯔꯥ
< ꯕꯥꯔꯕ꯭ꯔꯔ#
> nagaland
= ꯅꯥꯒꯥꯂꯦꯟꯗ
< ꯉꯥꯥꯂꯂꯟ#
> eliad
= ꯏꯂꯤꯌꯥꯗ
< ꯏꯂꯤꯌꯗ#
> machaaki
= ꯃꯆꯥꯀꯤ
< ꯃꯆꯥꯛꯀ#
> thouraba
= ꯊꯧꯔꯕ
< ꯊꯧꯔꯕ#
> amamam
= ꯑꯃꯃꯝ
< ꯑꯃꯃꯝ#
> gayatri
= ꯒꯥꯌꯇ꯭ꯔꯤ
< ꯒꯥꯠꯇꯔꯤ#
> sharu
= ꯁꯔꯨ
< ꯁꯥꯨꯔ#
> shada
= ꯁꯥꯗ
< ꯁꯥꯗ#
> anal
= ꯑꯅꯥꯜ
< ꯑꯅꯥꯜ#
> forge
= ꯐꯣꯔꯖ
< ꯐꯣꯔꯒꯦ#
> loktak
= ꯂꯣꯛꯇꯥꯛ
< ꯂꯣꯛꯇꯛ#
> strongsville
= ꯁ꯭ꯇ꯭ꯔꯣꯡꯁꯚꯤꯜ
< ꯁ꯭ꯇꯣꯞꯁꯤꯜꯂꯣꯕꯦꯜ#
> kane
= ꯀꯦꯟ
< ꯀꯥꯅꯦ#
> maheiroisingna
= ꯃꯍꯩꯔꯣꯢꯁꯤꯡꯅ
< ꯃꯍꯩꯔꯣꯝꯁꯤꯡꯅ#
> minungshi
= ꯃꯤꯅꯨꯡꯁꯤ
< ꯃꯤꯅꯨꯡꯁꯤ#
> solanki
= ꯁꯣꯂꯟꯀꯤ
< ꯁꯣꯂꯥꯟꯀꯤ#
> zunheboto
= ꯖꯨꯟꯍꯦꯕꯣꯇꯣ
< ꯓꯨꯍꯦꯟꯕꯣ#
> pambagi
= ꯄꯥꯝꯕꯒꯤ
< ꯄꯥꯝꯕꯒꯤ#
> apple
= ꯑꯦꯄꯜ
< ꯑꯄꯞꯂꯦ#
> lenexa
= ꯂꯦꯅꯦꯛꯁꯥ
< ꯂꯦꯅꯦꯛ#
> phaare
= ꯐꯥꯔꯦ
< ꯐꯥꯔꯦ#
> khurumjei
= ꯈꯨꯔꯨꯝꯖꯩ
< ꯈꯨꯔꯨꯝꯖꯩ#
> texarkana
= ꯇꯦꯛꯁꯥꯔꯀꯥꯅꯥ
< ꯇꯦꯛꯀꯥꯔꯅ#
> mangkaa
= ꯃꯪꯀꯥ
< ꯃꯥꯡꯀꯥ#
> carroll
= ꯀꯦꯔꯔꯣꯜ
< ꯀꯦꯔꯀꯣꯜꯣꯜ#
> humphutaraataret
= ꯍꯨꯝꯐꯨꯇꯔꯥꯇꯔꯦꯠ
< ꯍꯨꯝꯐꯨꯇꯔꯥꯇꯔꯥꯛ#
> budaun
= ꯕꯗꯥꯌꯨ
< ꯕꯨꯗꯟ#
> atupu
= ꯑꯇꯨꯄꯨ
< ꯑꯇꯨꯨꯨ#
> mamingsingdudi
= ꯃꯃꯤꯡꯁꯤꯡꯗꯨꯗꯤ
< ꯃꯃꯤꯡꯁꯤꯡꯗꯗꯤ#
> wagh
= ꯋꯥꯘ
< ꯋꯥꯍ#
> bhawani
= ꯚꯋꯥꯅꯤ
< ꯚꯥꯋꯥꯅꯤ#
> lusiyaa
= ꯂꯨꯁꯤꯌꯥ
< ꯂꯨꯁꯤꯌꯥ#
> powers
= ꯄꯥꯎꯋꯔꯁ
< ꯄ꯭ꯋꯥꯔꯔ#
> thougatpa
= ꯊꯧꯒꯠꯄ
< ꯊꯧꯒꯠꯄ#
> lonnachingba
= ꯂꯣꯟꯅꯆꯤꯡꯕ
< ꯂꯣꯟꯁꯥꯅꯆꯤꯕ#
> smart
= ꯁ꯭ꯃꯥꯔꯇ
< ꯁꯥꯃꯔꯠ#
> palladium
= ꯄꯜꯂꯥꯗꯤꯌꯝ
< ꯄꯥꯜꯂꯤꯗꯤꯌꯝ#
> maplewood
= ꯃꯦꯄꯜꯋꯨꯗ
< ꯃꯐꯦꯂꯄꯣꯣꯣ#
> yavatmal
= ꯌꯚꯠꯃꯥꯜ
< ꯌꯥꯚꯥꯂꯦꯜ#
> ahmadnagar
= ꯑꯍꯃꯗꯅꯒꯔ
< ꯑꯍꯥꯃꯗꯟꯔꯒ#
> hills
= ꯍꯤꯜꯁ
< ꯍꯤꯜꯁꯜ#
> angoubi
= ꯑꯉꯧꯕꯤ
< ꯑꯉꯧꯕꯤ#
> louthoklaga
= ꯂꯧꯊꯣꯛꯂꯒ
< ꯂꯧꯊꯣꯛꯂꯒ#
> balram
= ꯕꯂꯔꯥꯝ
< ꯕꯥꯜꯔꯥꯝ#
> yengbada
= ꯌꯦꯡꯕꯗ
< ꯌꯦꯡꯕꯗ#
> kottayam
= ꯀꯣꯇꯥꯌꯝ
< ꯀꯣꯠꯇꯥꯌꯝ#
> bennett
= ꯕꯦꯟꯅꯦꯠ
< ꯕꯦꯟꯅꯦꯠ#
> wanghouba
= ꯋꯥꯡꯍꯧꯕ
< ꯋꯥꯡꯍꯧꯕ#
> sawyer
= ꯁꯣꯌꯔ
< ꯁꯥꯌꯌꯔ#
> assembly
= ꯑꯦꯁꯦꯝꯕ꯭ꯂꯤ
< ꯑꯁꯦꯁꯦꯕꯦꯌ#
> jalor
= ꯖꯥꯂꯣꯔ
< ꯖꯦꯂꯣꯔ#
> yanam
= ꯌꯥꯅꯝ
< ꯌꯥꯅꯝ#
> he
= ꯍꯦ
< ꯍꯦ#
> akolkar
= ꯑꯀꯣꯜꯀꯥꯔ
< ꯑꯀꯣꯀꯔꯔ#
> piklingeidagi
= ꯄꯤꯛꯂꯤꯉꯩꯗꯒꯤ
< ꯄꯤꯛꯂꯤꯉꯩꯗꯒꯤ#
> potter
= ꯄꯣꯠꯇꯔ
< ꯄꯣꯠꯇꯔꯔ#
> sintha
= ꯁꯤꯟꯊꯥ
< ꯁꯤꯟꯊꯥ#
> jebina
= ꯖꯦꯕꯤꯅ
< ꯖꯦꯕꯤꯅ#
> control
= ꯀꯟꯇ꯭ꯔꯣꯜ
< ꯀꯟꯇꯣꯔꯦꯖꯜ#
> sugar
= ꯁꯨꯒꯔ
< ꯁꯨꯒꯔ#
> lingkhatli
= ꯂꯤꯡꯈꯠꯂꯤ
< ꯂꯤꯡꯈꯠꯂꯂ#
> equipment
= ꯏꯀꯨꯢꯞꯃꯦꯟꯠ
< ꯏꯄꯨꯤꯦꯟꯦꯠ#
> twin
= ꯇ꯭ꯋꯤꯟ
< ꯇꯤꯤꯟ#
> taanbada
= ꯇꯥꯟꯕꯗ
< ꯇꯥꯟꯕꯗ#
> nongchenpam
= ꯅꯣꯡꯆꯦꯟꯄꯝ
< ꯅꯣꯡꯆꯦꯟꯄꯝ#
> meza
= ꯃꯦꯖꯥ
< ꯃꯓꯦ#
> pakthokpa
= ꯄꯥꯛꯊꯣꯛꯄ
< ꯄꯥꯛꯊꯣꯛꯄ#
> machani
= ꯃꯆꯥꯅꯤ
< ꯃꯆꯥꯅꯤ#
> charangpat
= ꯆꯔꯥꯡꯄꯥꯠ
< ꯆꯥꯔꯪꯄꯥꯠ#
> nahasing
= ꯅꯍꯥꯁꯤꯡ
< ꯅꯥꯍꯁꯤꯡ#
> houjiksu
= ꯍꯧꯖꯤꯛꯁꯨ
< ꯍꯧꯖꯤꯛꯁꯨ#
> shoreline
= ꯁꯣꯔꯂꯥꯢꯟ
< ꯁꯣꯔꯤꯖꯦꯟꯂꯦ#
> anganba
= ꯑꯉꯟꯕ
< ꯑꯉꯟꯕ#
> ningthem
= ꯅꯤꯡꯊꯦꯝ
< ꯅꯤꯡꯊꯦꯝ#
> rhodes
= ꯔꯣꯗꯁ
< ꯔꯤꯗꯣꯁ#
> feijom
= ꯐꯩꯖꯣꯝ
< ꯐꯩꯖꯣꯝ#
> behuria
= ꯕꯦꯍꯨꯔꯤꯑꯥ
< ꯕꯨꯍꯔꯤꯌꯥ#
> kar
= ꯀꯥꯔ
< ꯀꯥꯔ#
> ithel
= ꯏꯊꯦꯜ
< ꯏꯊꯦꯜ#
> bernardino
= ꯕꯔꯅꯥꯔꯗꯤꯅꯣ
< ꯕꯦꯔꯅꯥꯗꯗꯤ#
> square
= ꯁ꯭ꯀꯋꯥꯔ
< ꯁ꯭ꯀꯥꯔꯦ#
> movers
= ꯃꯨꯚꯔꯁ
< ꯃꯣꯚꯤꯁ#
> varun
= ꯕꯔꯨꯟ
< ꯚꯔꯨꯟ#
> lairen
= ꯂꯥꯢꯔꯦꯟ
< ꯂꯥꯢꯔꯦꯟ#
> madden
= ꯃꯦꯗꯗꯟ
< ꯃꯥꯗꯗꯦꯟ#
> laifao
= ꯂꯥꯢꯐꯥꯎ
< ꯂꯥꯢꯐꯥꯎ#
> matsya
= ꯃꯠꯁ꯭ꯌ
< ꯃꯠꯁ꯭ꯌꯥ#
> pandabha
= ꯄꯥꯟꯗꯚ
< ꯄꯥꯟꯗꯕ#
> bulandshahr
= ꯕꯨꯂꯟꯗꯁꯥꯔ
< ꯕꯨꯂꯥꯟꯗ꯭ꯔ#
> waithungminnakhi
= ꯋꯥꯢꯊꯨꯡꯃꯤꯟꯅꯈꯤ
< ꯋꯥꯢꯊꯨꯡꯈꯈꯤꯡꯃꯤ#
> phangde
= ꯐꯪꯗꯦ
< ꯐꯪꯗꯦ#
> charlottesville
= ꯆꯥꯔꯂꯣꯠꯁꯕꯤꯜ
< ꯆꯥꯔꯇꯣꯂꯇꯦꯂꯤꯤꯌꯦꯜ#
> eros
= ꯏꯔꯣꯁ
< ꯏꯔꯣꯁ#
> brentwood
= ꯕ꯭ꯔꯦꯟꯠꯋꯨꯗ
< ꯕ꯭ꯔꯦꯟꯇꯣꯟꯗꯣꯗ#
> fontana
= ꯐꯣꯟꯇꯥꯅꯥ
< ꯐꯣꯟꯇꯅ#
> kunthraataret
= ꯀꯨꯟꯊ꯭ꯔꯥꯇꯔꯦꯠ
< ꯀꯨꯟꯊ꯭ꯔꯥꯇꯔꯠ#
> sidokpa
= ꯁꯤꯗꯣꯛꯄ
< ꯁꯤꯗꯣꯛꯄ#
> firal
= ꯐꯤꯔꯥꯜ
< ꯐꯤꯔꯥꯜ#
> rohtak
= ꯔꯣꯍꯇꯥꯛ
< ꯔꯣꯇꯥꯛ#
> thaajajaba
= ꯊꯥꯖꯖꯕ
< ꯊꯥꯖꯖꯕ#
> paak
= ꯄꯥꯛ
< ꯄꯥꯛ#
> laakpadagi
= ꯂꯥꯛꯄꯗꯒꯤ
< ꯂꯥꯛꯄꯗꯒꯤ#
> faoduna
= ꯐꯥꯎꯗꯨꯅ
< ꯐꯥꯎꯗꯨꯅ#
> lonbu
= ꯂꯣꯟꯕꯨ
< ꯂꯣꯟꯕꯨ#
> gurdaspur
= ꯒꯨꯔꯗꯥꯁꯄꯨꯔ
< ꯒꯨꯗꯗꯔꯔꯔꯞ#
> kangleichaa
= ꯀꯪꯂꯩꯆꯥ
< ꯀꯪꯂꯩꯆꯥ#
> anou
= ꯑꯅꯧ
< ꯑꯅꯧ#
> buildcon
= ꯕꯤꯜꯗꯀꯣꯟ
< ꯕꯤꯜꯗꯣꯑꯁꯟ#
> ojha
= ꯑꯣꯓꯥ
< ꯑꯣꯓꯥ#
> snow
= ꯁ꯭ꯅꯣ
< ꯁ꯭ꯋꯦꯣ#
> kayaana
= ꯀꯌꯥꯅ
< ꯀꯌꯥꯅ#
> navkar
= ꯅꯕꯀꯥꯔ
< ꯅꯥꯚꯔꯔ#
> artemis
= ꯑꯥꯔꯇꯃꯤꯁ
< ꯑꯥꯔꯇꯤꯁꯤꯌꯥꯟ#
> loubasu
= ꯂꯧꯕꯁꯨ
< ꯂꯧꯕꯁꯨ#
> bijandogi
= ꯕꯤꯖꯥꯟꯗꯣꯒꯤ
< ꯕꯤꯖꯥꯟꯕꯒꯤ#
> oirakpa
= ꯑꯣꯢꯔꯛꯄ
< ꯑꯣꯢꯔꯛꯄ#
> thalon
= ꯊꯥꯂꯣꯟ
< ꯊꯥꯂꯣꯟ#
> anishuba
= ꯑꯅꯤꯁꯨꯕ
< ꯑꯅꯤꯅꯨꯕ#
> fine
= ꯐꯥꯢꯟ
< ꯐꯤꯅꯦ#
> laphoidagi
= ꯂꯐꯣꯢꯗꯒꯤ
< ꯂꯥꯐꯣꯗꯤꯒꯤ#
> dhaulakhandi
= ꯙꯥꯎꯂꯈꯟꯗꯤ
< ꯙꯥꯂꯍꯟꯗꯗꯤ#
> kaang
= ꯀꯥꯡ
< ꯀꯥꯡ#
> ningthouja
= ꯅꯤꯡꯊꯧꯖꯥ
< ꯅꯤꯡꯊꯧꯖ#
> montclair
= ꯃꯣꯟꯠꯀ꯭ꯂꯦꯔ
< ꯃꯣꯟꯇꯣꯛꯂꯔ#
> bhaskar
= ꯚꯥꯁꯀꯔ
< ꯚꯁꯀꯀꯔ#
> sak
= ꯁꯛ
< ꯁꯛ#
> dronacharya
= ꯗ꯭ꯔꯣꯅꯥꯆꯥꯔꯌ
< ꯗ꯭ꯔꯣꯅꯥꯅꯥ꯭ꯌ#
> kayaamaromda
= ꯀꯌꯥꯃꯔꯣꯝꯗ
< ꯀꯌꯥꯃꯔꯣꯝꯗ#
> mandal
= ꯃꯟꯗꯜ
< ꯃꯥꯟꯗꯥ#
> basirhat
= ꯕꯁꯤꯔꯠ
< ꯕꯥꯁꯤꯔꯠ#
> sayangsinggi
= ꯁꯌꯥꯡꯁꯤꯡꯒꯤ
< ꯁꯌꯥꯡꯁꯤꯡꯒꯤ#
> aggarwal
= ꯑꯒꯔꯋꯥꯜ
< ꯑꯒꯒꯔꯥꯥꯗꯜ#
> hainadi
= ꯍꯥꯢꯅꯗꯤ
< ꯍꯥꯢꯅꯗꯤ#
> novato
= ꯅꯣꯕꯥꯇꯣ
< ꯅꯣꯕꯥꯠ#
> saruktana
= ꯁꯔꯨꯛꯇꯅ
< ꯁꯔꯨꯛꯇꯅ#
> hess
= ꯍꯦꯁ
< ꯍꯦꯁꯁ#
> waangkhatlakkhi
= ꯋꯥꯡꯈꯠꯂꯛꯈꯤ
< ꯋꯥꯡꯈꯠꯂꯛꯈꯤ#
> madhubani
= ꯃꯙꯨꯕꯅꯤ
< ꯃꯥꯨꯨꯕꯅꯤ#
> ortiz
= ꯑꯣꯔꯇꯤꯖ
< ꯑꯣꯔꯇꯣꯓ#
> baxter
= ꯕꯦꯛꯁꯇꯔ
< ꯕꯥꯖꯇꯔ#
> midwest
= ꯃꯤꯗꯋꯦꯁꯠ
< ꯃꯥꯢꯗ꯭ꯋꯦꯁ#
> vijayapura
= ꯕꯤꯖꯌꯥꯄꯨꯔꯥ
< ꯚꯤꯖꯥꯄꯨꯃꯥ#
> nischal
= ꯅꯤꯁꯆꯜ
< ꯅꯤꯁꯆꯜ#
> naanabagi
= ꯅꯥꯅꯕꯒꯤ
< ꯅꯥꯅꯕꯒꯤ#
> morgan
= ꯃꯣꯔꯒꯥꯟ
< ꯃꯣꯔꯒꯣꯟ#
> shanthi
= ꯁꯥꯟꯊꯤ
< ꯁꯟꯊꯤ#
> lalpicha
= ꯂꯥꯜꯄꯤꯆꯥ
< ꯂꯥꯜꯆꯤ#
> yucaipa
= ꯌꯨꯀꯥꯢꯄ
< ꯌꯨꯢꯄꯥꯢꯄ#
> medizensar
= ꯃꯦꯗꯤꯖꯦꯟꯁꯔ
< ꯃꯦꯗꯨꯖꯤꯟꯐꯔ#
> mairel
= ꯃꯥꯢꯔꯦꯜ
< ꯃꯥꯢꯔꯦꯜ#
> awaafam
= ꯑꯋꯥꯐꯝ
< ꯑꯋꯥꯐꯝ#
> taplabadi
= ꯇꯞꯂꯕꯗꯤ
< ꯇꯞꯂꯥꯕꯗꯤ#
> romeda
= ꯔꯣꯝꯗ
< ꯔꯣꯝꯗ#
> ngaakthoki
= ꯉꯥꯛꯊꯣꯛꯏ
< ꯉꯥꯛꯊꯣꯛꯏ#
> maangte
= ꯃꯥꯡꯇꯦ
< ꯃꯥꯡꯇꯦ#
> hayengla
= ꯍꯌꯦꯡꯂ
< ꯍꯌꯦꯡꯂꯥ#
> lepte
= ꯂꯦꯞꯇꯦ
< ꯂꯦꯞꯇꯦ#
> romeoville
= ꯔꯣꯃꯤꯑꯣꯕꯤꯜ
< ꯔꯣꯃꯤꯜꯂꯤꯤꯜ#
> jenon
= ꯖꯦꯅꯣꯟ
< ꯖꯦꯅꯣꯟ#
> gtpl
= ꯖꯤꯇꯤꯄꯤꯑꯦꯜ
< ꯒꯦꯠꯄ#
> passaic
= ꯄꯁꯦꯢꯛ
< ꯄꯁꯥꯢꯁꯛ#
> waarinachingbasinggi
= ꯋꯥꯔꯤꯅꯆꯤꯡꯕꯁꯤꯡꯒꯤ
< ꯋꯥꯔꯤꯅꯆꯤꯡꯕꯡꯒꯤꯤ#
> sirohi
= ꯁꯤꯔꯣꯍꯤ
< ꯁꯤꯔꯣꯢ#
> mapaal
= ꯃꯄꯥꯜ
< ꯃꯄꯥꯜ#
> kalki
= ꯀꯥꯜꯀꯤ
< ꯀꯥꯜꯀꯤ#
> mainpuri
= ꯃꯦꯟꯄꯨꯔꯤ
< ꯃꯥꯢꯄꯨꯔꯨꯄꯤ#
> amblikani
= ꯑꯦꯝꯕ꯭ꯂꯤꯀꯥꯅꯤ
< ꯑꯦꯝꯂꯤꯀꯤꯤꯅꯤ#
> alwar
= ꯑꯜꯋꯥꯔ
< ꯑꯜꯋꯥꯔ#
> khundaba
= ꯈꯨꯟꯗꯥꯕ
< ꯈꯨꯟꯗꯥꯕ#
> thiruvananthapuram
= ꯊꯤꯔꯨꯚꯅꯟꯊꯥꯄꯨꯔꯝ
< ꯊꯤꯔꯨꯇꯅꯖꯔꯨꯔꯝꯕ#
> sintaknabi
= ꯁꯤꯟꯇꯥꯛꯅꯕꯤ
< ꯁꯤꯟꯇꯥꯛꯅꯕꯤ#
> titagarh
= ꯇꯤꯇꯥꯒꯔ
< ꯇꯤꯇꯥꯔ#
> mandarin
= ꯃꯟꯗꯥꯔꯤꯟ
< ꯃꯥꯟꯗꯥꯔꯤꯟ#
> pithaki
= ꯄꯤꯊꯛꯏ
< ꯄꯤꯊꯥꯀꯤ#
> putta
= ꯄꯨꯠꯇꯥ
< ꯄꯨꯠꯇ#
> savita
= ꯁꯚꯤꯇꯥ
< ꯁꯥꯤꯤꯇ#
> ethel
= ꯏꯊꯦꯜ
< ꯏꯊꯦꯜ#
> umba
= ꯎꯝꯕ
< ꯎꯝꯕ#
> lithiumgi
= ꯂꯤꯊꯤꯌꯝꯒꯤ
< ꯂꯤꯊꯨꯨꯤꯤꯤ#
> maharashtra
= ꯃꯍꯥꯔꯥꯁꯇ꯭ꯔ
< ꯃꯍꯥꯔꯁ꯭ꯋꯔ#
> pulap
= ꯄꯨꯂꯞ
< ꯄꯨꯂꯞ#
> abkhaziada
= ꯑꯕꯈꯥꯓꯤꯌꯥꯗ
< ꯑꯈꯥꯈꯥꯢꯗꯗ#
> leitrabi
= ꯂꯩꯇ꯭ꯔꯕꯤ
< ꯂꯩꯇ꯭ꯔꯕꯤ#
> houjikna
= ꯍꯧꯖꯤꯛꯅ
< ꯍꯧꯖꯤꯛꯅ#
> carpentersville
= ꯀꯥꯔꯄꯦꯟꯇꯔꯁꯚꯤꯜ
< ꯀꯦꯄꯔꯦꯟꯇꯦꯂꯤꯤꯇꯦꯗ#
> ayers
= ꯑꯦꯌꯔꯁ
< ꯑꯌꯦꯔꯁ#
> nungsirei
= ꯅꯨꯡꯁꯤꯔꯩ
< ꯅꯨꯡꯁꯤꯔꯦ#
> puwarisi
= ꯄꯨꯋꯥꯔꯤꯁꯤ
< ꯄꯨꯋꯥꯔꯤꯁꯤ#
> kayamarom
= ꯀꯌꯥꯃꯔꯣꯝ
< ꯀꯌꯥꯃꯔꯣꯝ#
> animak
= ꯑꯅꯤꯃꯛ
< ꯑꯅꯤꯃꯛ#
> dial
= ꯗꯥꯢꯜ
< ꯗꯤꯑꯦꯜ#
> sangsaalol
= ꯁꯪꯁꯥꯂꯣꯜ
< ꯁꯪꯁꯥꯂꯂꯣꯜ#
> waaheiparengsing
= ꯋꯥꯍꯩꯄꯔꯦꯡꯁꯤꯡ
< ꯋꯥꯍꯩꯄꯥꯁꯤꯡꯡꯡ#
> cortes
= ꯀꯣꯔꯇꯦꯁ
< ꯀꯣꯔꯇꯦꯁ#
> uttarakhand
= ꯎꯠꯇꯔꯥꯈꯟꯗ
< ꯎꯠꯇꯔꯤꯟꯟꯗ#
> yaaduna
= ꯌꯥꯗꯨꯅ
< ꯌꯥꯗꯨꯅ#
> lewisville
= ꯂꯤꯎꯋꯤꯁꯕꯤꯜ
< ꯂꯦꯋꯤꯜꯂꯤꯕꯤ#
> yaduna
= ꯌꯥꯗꯨꯅ
< ꯌꯥꯗꯨꯅ#
> paakthokpana
= ꯄꯥꯛꯊꯣꯛꯄꯅ
< ꯄꯥꯛꯊꯣꯛꯄꯅ#
> halebid
= ꯍꯥꯂꯦꯕꯤꯗ
< ꯍꯥꯂꯩꯕꯗ#
> pannaraga
= ꯄꯥꯟꯅꯔꯒ
< ꯄꯟꯟꯔꯥꯒ#
> phylumni
= ꯐꯥꯢꯂꯝꯅꯤ
< ꯐ꯭ꯂꯨꯝꯅꯤꯤ#
> ananki
= ꯑꯥꯅꯟꯀꯤ
< ꯑꯅꯥꯟꯀꯤ#
> palli
= ꯄꯥꯜꯂꯤ
< ꯄꯥꯜꯂꯤ#
> fangkhibadugi
= ꯐꯪꯈꯤꯕꯗꯨꯒꯤ
< ꯐꯪꯈꯤꯕꯗꯒꯤ#
> manaonupi
= ꯃꯅꯥꯎꯅꯨꯄꯤ
< ꯃꯅꯥꯎꯅꯨꯄꯤ#
> waheiparengsing
= ꯋꯥꯍꯩꯄꯔꯦꯡꯁꯤꯡ
< ꯋꯥꯍꯩꯄꯔꯤꯁꯤꯡꯡ#
> denver
= ꯗꯦꯟꯕꯔ
< ꯗꯦꯟꯇꯔꯕ#
> yaade
= ꯌꯥꯗꯦ
< ꯌꯥꯗꯦ#
> leirang
= ꯂꯩꯔꯥꯡ
< ꯂꯩꯔꯥꯡ#
> shurungni
= ꯁꯨꯨꯔꯨꯡꯅꯤ
< ꯁꯨꯨꯨꯨꯅꯤ#
> hiramda
= ꯍꯤꯔꯝꯗ
< ꯍꯤꯔꯝꯗ#
> silvassa
= ꯁꯤꯜꯕꯥꯁꯥ
< ꯁꯤꯜꯁꯥꯕꯁ#
> palo
= ꯄꯥꯂꯣ
< ꯄꯥꯂꯣ#
> linariba
= ꯂꯤꯅꯔꯤꯕ
< ꯂꯤꯅꯔꯤꯕ#
> vizianagaram
= ꯕꯤꯖꯤꯑꯥꯅꯒꯔꯝ
< ꯕꯤꯒꯥꯅꯥꯔꯒꯔꯝ#
> lonnabada
= ꯂꯣꯟꯅꯕꯗ
< ꯂꯣꯟꯅꯕꯗ#
> ngaoraga
= ꯉꯥꯎꯔꯒ
< ꯉꯥꯎꯔꯒ#
> rusian
= ꯔꯨꯁꯤꯌꯥꯟ
< ꯔꯤꯁꯟꯟꯟ#
> asahi
= ꯑꯁꯥꯍꯤ
< ꯑꯁꯥꯍꯤ#
> laichinglempigi
= ꯂꯥꯢꯆꯤꯡꯂꯦꯝꯄꯤꯒꯤ
< ꯂꯥꯢꯆꯤꯡꯂꯦꯝꯄꯒꯤ#
> claire
= ꯀ꯭ꯂꯦꯔ
< ꯀꯦꯢꯔꯥ#
> booth
= ꯕꯨꯊ
< ꯕꯣꯊꯣ#
> contracts
= ꯀꯣꯟꯇ꯭ꯔꯦꯛꯁ
< ꯀꯟꯇꯅꯛꯁꯤ#
> sambhal
= ꯁꯝꯚꯜ
< ꯁꯝꯐꯥꯜ#
> shoes
= ꯁꯨꯁ
< ꯁꯣꯑꯦꯁꯦ#
> taankhibana
= ꯇꯥꯟꯈꯤꯕꯅ
< ꯇꯥꯟꯈꯤꯕꯅ#
> thadoktuna
= ꯊꯥꯗꯣꯛꯇꯨꯅ
< ꯊꯥꯗꯣꯛꯇꯨꯅ#
> pangduna
= ꯄꯥꯡꯗꯨꯅ
< ꯄꯥꯡꯗꯨꯅ#
> damoh
= ꯗꯃꯣꯍ
< ꯗꯥꯃꯣ#
> laatpaki
= ꯂꯥꯠꯄꯀꯤ
< ꯂꯥꯠꯄꯛꯤ#
> kavi
= ꯀꯕꯤ
< ꯀꯥꯚꯤ#
> moradabad
= ꯃꯣꯔꯥꯗꯕꯥꯗ
< ꯃꯣꯔꯥꯗꯕꯗ#
> mandi
= ꯃꯥꯟꯗꯤ
< ꯃꯥꯗꯤꯤ#
> nathdwara
= ꯅꯊꯗ꯭ꯋꯥꯔꯥ
< ꯅꯥꯊꯊꯥꯔꯔ#
> sasidharan
= ꯁꯁꯤꯙꯔꯟ
< ꯁꯥꯤꯗꯥꯟꯟ#
> ongani
= ꯑꯣꯟꯒꯅꯤ
< ꯑꯣꯟꯒꯅꯤ#
> khuyum
= ꯈꯨꯌꯨꯝ
< ꯈꯨꯌꯨꯝ#
> communications
= ꯀꯃꯨꯅꯤꯀꯦꯁꯟ
< ꯀꯝꯃꯣꯅꯤꯌꯦꯟꯁꯤꯁ#
> chakma
= ꯆꯛꯃꯥ
< ꯆꯥꯛꯃ#
> chitranshi
= ꯆꯤꯇ꯭ꯔꯟꯁꯤ
< ꯆꯤꯠꯇ꯭ꯔꯥꯕꯤ#
> panggalbagi
= ꯄꯥꯡꯒꯜꯕꯒꯤ
< ꯄꯥꯡꯒꯜꯕꯤꯒ#
> haute
= ꯑꯎꯠ
< ꯍꯥꯇꯦ#
> turen
= ꯇꯨꯔꯦꯟ
< ꯇꯨꯔꯦꯟ#
> haijei
= ꯍꯥꯢꯖꯩ
< ꯍꯥꯢꯖꯩ#
> tiruchchirappalli
= ꯇꯤꯔꯨꯆꯤꯔꯥꯄꯂꯤ
< ꯇꯤꯔꯨꯆꯤꯜꯄꯥꯔꯂꯥꯥꯥꯤ#
> jagaragallu
= ꯖꯒꯔꯒꯜꯂꯨ
< ꯖꯒꯒꯜꯂꯥꯗ#
> novak
= ꯅꯣꯚꯥꯛ
< ꯅꯣꯕꯥꯛ#
> remains
= ꯔꯤꯃꯦꯟꯁ
< ꯔꯤꯃꯥꯟꯁ#
> ouria
= ꯑꯧꯔꯤꯌꯥ
< ꯑꯧꯔꯤꯌꯥ#
> saknakhi
= ꯁꯛꯅꯈꯤ
< ꯁꯛꯅꯈꯤ#
> biotec
= ꯕꯥꯢꯑꯣꯇꯦꯛ
< ꯕꯤꯇꯣꯑꯤ#
> dudeja
= ꯗꯨꯗꯦꯖꯥ
< ꯗꯨꯖꯦꯖ#
> porwal
= ꯄꯣꯔꯋꯥꯜ
< ꯄꯣꯔꯥꯜ#
> eagan
= ꯏꯒꯟ
< ꯏꯒꯥꯟ#
> shores
= ꯁꯣꯔꯁ
< ꯁꯣꯔꯤꯁ#
> mayoknaba
= ꯃꯥꯌꯣꯛꯅꯕ
< ꯃꯌꯣꯣꯅꯅꯕ#
> gudepu
= ꯒꯨꯗꯦꯄꯨ
< ꯒꯨꯄꯨꯄꯨ#
> kalidas
= ꯀꯥꯂꯤꯗꯥꯁ
< ꯀꯂꯂꯤꯗꯁ#
> khuman
= ꯈꯨꯃꯟ
< ꯈꯨꯃꯥꯟ#
> haor
= ꯍꯥꯑꯣꯔ
< ꯍꯥꯎꯔ#
> ekha
= ꯏꯈꯥ
< ꯏꯈꯥ#
> kayamarumna
= ꯀꯌꯥꯃꯔꯨꯝꯅ
< ꯀꯌꯥꯃꯔꯨꯝꯅ#
> gould
= ꯒꯣꯜꯗ
< ꯒꯧꯜꯗ#
> lonsingdudi
= ꯂꯣꯟꯁꯤꯡꯗꯨꯗꯤ
< ꯂꯣꯟꯁꯤꯟꯗꯨꯗꯤ#
> hinton
= ꯍꯤꯟꯇꯟ
< ꯍꯤꯟꯇꯣꯟ#
> koubi
= ꯀꯧꯕꯤ
< ꯀꯧꯕꯤ#
> epakachouba
= ꯏꯄꯥꯛꯑꯆꯧꯕ
< ꯏꯄꯥꯀꯀꯥꯕꯣ#
> kerr
= ꯀꯦꯔ
< ꯀꯦꯔ#
> imarat
= ꯏꯃꯥꯔꯠ
< ꯏꯃꯥꯔꯠ#
> hankhibagi
= ꯍꯟꯈꯤꯕꯒꯤ
< ꯍꯟꯈꯤꯕꯒꯤ#
> thapaalongi
= ꯊꯄꯥꯂꯣꯟꯒꯤ
< ꯊꯥꯄꯥꯂꯣꯟꯒꯤ#
> health
= ꯍꯦꯜꯊ
< ꯍꯥꯜꯊꯥ#
> peel
= ꯄꯤꯜ
< ꯄꯦꯜ#
> hans
= ꯍꯦꯟ꯭ꯁ
< ꯍꯥꯟꯁ#
> neongi
= ꯅꯤꯌꯣꯟꯒꯤ
< ꯅꯤꯑꯣꯟꯒꯤ#
> felipe
= ꯐꯦꯂꯤꯄꯦ
< ꯐꯦꯂꯤꯄꯦ#
> hourakliba
= ꯍꯧꯔꯛꯂꯤꯕ
< ꯍꯧꯔꯛꯂꯤꯕ#
> yektuna
= ꯌꯦꯛꯇꯨꯅ
< ꯌꯦꯛꯇꯨꯅ#
> kansal
= ꯀꯥꯟꯁꯜ
< ꯀꯟꯁꯥꯜ#
> setpi
= ꯁꯦꯠꯄꯤ
< ꯁꯦꯠꯄꯤ#
> urbandale
= ꯑꯔꯕꯥꯟꯗꯦꯜ
< ꯕꯨꯔꯕꯥꯟꯗꯦꯜ#
> longganga
= ꯂꯣꯡꯒꯥꯟꯒ
< ꯂꯣꯡꯒꯥ#
> ishing
= ꯏꯁꯤꯡ
< ꯏꯁꯤꯡ#
> manunggi
= ꯃꯅꯨꯡꯒꯤ
< ꯃꯅꯨꯨꯒꯤ#
> morepen
= ꯃꯣꯔꯄꯦꯟ
< ꯃꯣꯔꯔꯦꯞꯟ#
> nizamabad
= ꯅꯤꯖꯥꯃꯕꯥꯗ
< ꯅꯤꯖꯃꯕꯗ#
> sahu
= ꯁꯥꯍꯨ
< ꯁꯥꯨꯨ#
> ulhasnagar
= ꯎꯜꯍꯥꯁꯅꯒꯔ
< ꯎꯜꯍꯥꯅꯔꯒ#
> lusiya
= ꯂꯨꯁꯤꯌꯥ
< ꯂꯨꯁꯤꯌꯥ#
> raichur
= ꯔꯥꯢꯆꯨꯔ
< ꯔꯥꯢꯆꯨꯔ#
> rewari
= ꯔꯦꯋꯥꯔꯤ
< ꯔꯦꯋꯥꯔꯤ#
> phabagi
= ꯐꯕꯒꯤ
< ꯐꯥꯕꯒꯤ#
> sitising
= ꯁꯤꯇꯤꯁꯤꯡ
< ꯁꯤꯇꯤꯁꯤꯡ#
> kelly
= ꯀꯦꯜꯂꯤ
< ꯀꯦꯜꯂꯤ#
> sebastian
= ꯁꯦꯕꯥꯁꯇꯤꯌꯥꯟ
< ꯁꯦꯕꯥꯁꯁꯤꯟ#
> khullaakpani
= ꯈꯨꯜꯂꯥꯛꯄꯅꯤ
< ꯈꯨꯜꯂꯥꯛꯄꯅꯤ#
> solapur
= ꯁꯣꯂꯥꯄꯨꯔ
< ꯁꯣꯂꯔꯔꯨ#
> madikeri
= ꯃꯥꯗꯀꯔꯤ
< ꯃꯗꯤꯗꯦꯀꯔ#
> shivamogga
= ꯁꯤꯚꯃꯣꯒꯥ
< ꯁꯤꯕꯥꯣꯣꯒ#
> vaish
= ꯚꯥꯢꯁ
< ꯚꯥꯢꯁ#
> sasan
= ꯁꯥꯁꯟ
< ꯁꯥꯁꯟ#
> nashik
= ꯅꯥꯁꯤꯛ
< ꯅꯥꯁꯤꯛ#
> yengsinba
= ꯌꯦꯡꯁꯤꯟꯕ
< ꯌꯦꯡꯁꯤꯟꯕ#
> labs
= ꯂꯦꯕꯁ
< ꯂꯥꯕ#
> shalimar
= ꯁꯥꯂꯤꯃꯥꯔ
< ꯁꯂꯂꯃꯔ#
> ayodhya
= ꯑꯌꯣꯙ꯭ꯌꯥ
< ꯑꯌꯣꯑꯣꯗꯌꯥ#
> rajapalayam
= ꯔꯥꯖꯄꯥꯂꯌꯝ
< ꯔꯥꯖꯥꯂꯄꯝꯃ#
> jay
= ꯖꯦ
< ꯖꯥ#
> ngaohanbagi
= ꯉꯥꯎꯍꯟꯕꯒꯤ
< ꯉꯥꯎꯍꯟꯕꯒꯤ#
> churaachaanna
= ꯆꯨꯔꯥꯆꯥꯟꯅ
< ꯆꯨꯔꯆꯥꯅꯅ#
> etawah
= ꯏꯇꯥꯋꯥ
< ꯏꯇꯥꯊ#
> lishaang
= ꯂꯤꯁꯥꯡ
< ꯂꯤꯁꯥꯡ#
> jadhav
= ꯖꯥꯙꯚ
< ꯖꯍꯙꯥ#
> phoureima
= ꯐꯧꯔꯩꯃ
< ꯐꯧꯔꯩꯃ#
> mityengpham
= ꯃꯤꯠꯌꯦꯡꯐꯝ
< ꯃꯤꯠꯇꯦꯡꯐꯝ#
> organic
= ꯑꯣꯔꯒꯥꯅꯤꯛ
< ꯑꯣꯔꯒꯥꯔꯤꯁ#
> khagokpam
= ꯈꯥꯒꯣꯛꯄꯝ
< ꯈꯥꯒꯣꯛꯄꯝ#
> chicopee
= ꯆꯤꯀꯣꯄꯤ
< ꯆꯤꯀꯣꯄꯣ#
> jambawan
= ꯖꯥꯝꯕꯋꯟ
< ꯖꯝꯕꯥꯟꯟ#
> agrada
= ꯑꯥꯒ꯭ꯔꯥꯗ
< ꯑꯥꯔꯗꯥꯗ#
> pradeshta
= ꯄ꯭ꯔꯗꯦꯁꯇ
< ꯄ꯭ꯔꯗꯦꯁꯇ#
> ewanglon
= ꯏꯋꯥꯡꯂꯣꯟ
< ꯏꯋꯥꯡꯂꯣꯟ#
> vilas
= ꯕꯤꯂꯥꯁ
< ꯕꯤꯂꯥꯁ#
> thouninarammi
= ꯊꯧꯅꯤꯅꯔꯝꯃꯤ
< ꯊꯧꯅꯤꯟꯅꯔꯝꯃꯤ#
> taklamba
= ꯇꯥꯛꯂꯝꯕ
< ꯇꯥꯛꯂꯝꯕ#
> saknairaba
= ꯁꯛꯅꯥꯢꯔꯕ
< ꯁꯛꯅꯥꯢꯔꯕ#
> prince
= ꯄ꯭ꯔꯤꯟꯁ
< ꯄ꯭ꯔꯤꯟꯁꯦ#
> tyler
= ꯇꯥꯢꯂꯔ
< ꯇꯤꯂꯦꯔ#
> yanaba
= ꯌꯥꯅꯕ
< ꯌꯥꯅꯕ#
> aartifek
= ꯑꯥꯔꯇꯤꯐꯦꯛ
< ꯑꯥꯔꯇꯤꯐꯦꯛ#
> laishangsinggi
= ꯂꯥꯢꯁꯪꯁꯤꯡꯒꯤ
< ꯂꯥꯢꯁꯪꯁꯤꯡꯒꯤ#
> paannaraga
= ꯄꯥꯟꯅꯔꯒ
< ꯄꯥꯟꯅꯔꯒ#
> walnut
= ꯋꯥꯜꯅꯠ
< ꯋꯥꯟꯅꯨ#
> nayak
= ꯅꯥꯌꯛ
< ꯅꯌꯥꯛ#
> sikarwar
= ꯁꯤꯀꯔꯋꯥꯔ
< ꯁꯤꯀꯔꯔꯔ#
> maikeigasu
= ꯃꯥꯢꯀꯩꯒꯁꯨ
< ꯃꯥꯢꯀꯩꯒꯁꯨ#
> lappada
= ꯂꯥꯞꯄꯗ
< ꯂꯥꯞꯄꯗ#
> wangkhatpa
= ꯋꯥꯡꯈꯠꯄ
< ꯋꯥꯡꯈꯠꯄ#
> nath
= ꯅꯥꯊ
< ꯅꯊꯊ#
> laphoisi
= ꯂꯐꯣꯢꯁꯤ
< ꯂꯥꯢꯐꯣꯁꯤ#
> moody
= ꯃꯨꯗꯤ
< ꯃꯣꯗꯣꯌ#
> mahavidya
= ꯃꯍꯥꯋꯤꯗ꯭ꯌꯥ
< ꯃꯍꯥꯚꯤꯗꯤꯌꯥ#
> lunglei
= ꯂꯨꯡꯂꯩ
< ꯂꯨꯡꯂꯩ#
> hawthorne
= ꯍꯣꯊꯣꯔꯟ
< ꯍꯥꯊꯣꯔꯓꯦ#
> priyadarshi
= ꯄ꯭ꯔꯤꯌꯥꯗꯔꯁꯤ
< ꯄ꯭ꯔꯤꯌꯥꯗꯥꯁꯤ#
> tools
= ꯇꯨꯜꯁ
< ꯇꯣꯜꯁ#
> saruksingda
= ꯁꯔꯨꯛꯁꯤꯡꯗ
< ꯁꯔꯨꯛꯁꯤꯡꯗ#
> infotech
= ꯏꯟꯐꯣꯇꯦꯛ
< ꯏꯟꯐꯣꯠꯆꯦ#
> bharat
= ꯚꯥꯔꯠ
< ꯚꯥꯔꯠ#
> thaajanabi
= ꯊꯥꯖꯅꯕꯤ
< ꯊꯥꯖꯅꯕꯤ#
> lily
= ꯂꯤꯂꯤ
< ꯂꯤꯂꯤ#
> merta
= ꯃꯔꯇꯥ
< ꯃꯔꯇꯦ#
> ising
= ꯏꯁꯤꯡ
< ꯏꯁꯤꯡ#
> maxina
= ꯃꯦꯛꯁꯤꯅꯥ
< ꯃꯁꯤꯅ#
> channana
= ꯆꯥꯟꯅꯅ
< ꯆꯥꯟꯅꯅ#
> syngene
= ꯁꯤꯟꯖꯤꯟ
< ꯁꯤꯉꯦꯟꯦ#
> santa
= ꯁꯦꯟꯇ
< ꯁꯥꯟꯇ#
> thingkhiba
= ꯊꯤꯡꯈꯤꯕ
< ꯊꯤꯡꯈꯤꯕ#
> carpentersville
= ꯀꯥꯔꯄꯦꯟꯇꯔꯁꯕꯤꯜ
< ꯀꯥꯄ꯭ꯔꯦꯟꯟꯂꯦꯢꯁꯦꯗ#
> egypt
= ꯏꯓꯤꯞ
< ꯏꯖꯤꯞ#
> luhonggadouribina
= ꯂꯨꯍꯣꯡꯒꯗꯧꯔꯤꯕꯤꯅ
< ꯂꯨꯍꯣꯢꯒꯔꯤꯗꯕꯤꯔꯅ#
> purinaraga
= ꯄꯨꯔꯤꯅꯔꯒ
< ꯄꯨꯔꯤꯅꯔꯒ#
> sacramento
= ꯁꯥꯀ꯭ꯔꯃꯦꯟꯇꯣ
< ꯁꯦꯀ꯭ꯔꯦꯃꯦꯅꯥ#
> khunsigi
= ꯈꯨꯟꯁꯤꯒꯤ
< ꯈꯨꯟꯁꯤꯒꯤ#
> naoriya
= ꯅꯥꯎꯔꯤꯌꯥ
< ꯅꯥꯎꯔꯤꯌꯥ#
> sudanga
= ꯁꯨꯗꯟꯒ
< ꯁꯨꯗꯥꯡ#
> charong
= ꯆꯔꯣꯡ
< ꯆꯥꯔꯣꯡ#
> khongchangloi
= ꯈꯣꯡꯆꯪꯂꯣꯢ
< ꯈꯣꯡꯆꯥꯂꯣꯢ#
> sennaba
= ꯁꯦꯟꯅꯕ
< ꯁꯦꯟꯅꯕ#
> wipro
= ꯋꯤꯄ꯭ꯔꯣ
< ꯋꯤꯄ꯭ꯔꯣ#
> wa
= ꯋꯥ
< ꯋꯥ#
> ngaangkhaleima
= ꯉꯥꯡꯈꯂꯩꯃ
< ꯉꯥꯡꯈꯩꯩꯃ#
> kharada
= ꯈꯔꯗ
< ꯈꯔꯗ#
> pallamba
= ꯄꯜꯂꯝꯕ
< ꯄꯥꯜꯂꯝꯕ#
> gowa
= ꯒꯣꯋꯥ
< ꯒꯋꯦ#
> haktaktaki
= ꯍꯥꯛꯇꯛꯇꯀꯤ
< ꯍꯥꯛꯇꯛꯀꯤ#
> khenchonglongi
= ꯈꯦꯟꯆꯣꯡꯂꯣꯟꯒꯤ
< ꯈꯦꯟꯆꯣꯡꯂꯣꯟꯒꯤ#
> hamirpur
= ꯍꯃꯤꯔꯄꯨꯔ
< ꯍꯥꯢꯔꯤꯄꯨꯔ#
> archaeological
= ꯑꯥꯔꯀꯦꯌꯣꯂꯣꯖꯤꯀꯦꯜ
< ꯑꯦꯀꯀꯥꯔꯀꯣꯜꯣꯜ#
> garud
= ꯒꯥꯔꯨꯗ
< ꯒꯥꯔꯨꯗ#
> technoplast
= ꯇꯦꯛꯅꯣꯄ꯭ꯂꯥꯁꯠ
< ꯇꯦꯟꯆꯣꯛꯂꯣꯠ#
> ahanpa
= ꯑꯍꯥꯟꯄ
< ꯑꯍꯥꯟꯄ#
> paabadani
= ꯄꯥꯕꯗꯅꯤ
< ꯄꯥꯕꯗꯅꯤ#
> singh
= ꯁꯤꯡ
< ꯁꯤꯡꯈ#
> kalamazoo
= ꯀꯥꯂꯥꯃꯥꯖꯨ
< ꯀꯂꯂꯥꯎꯣꯣ#
> linda
= ꯂꯤꯟꯗꯥ
< ꯂꯤꯟꯗ#
> yoimongba
= ꯌꯣꯢꯃꯣꯡꯕ
< ꯌꯣꯢꯃꯣꯡꯕ#
> kheipik
= ꯈꯩꯄꯤꯛ
< ꯈꯩꯄꯤꯛ#
> dharmshala
= ꯙꯔꯃꯁꯥꯂꯥ
< ꯙꯔꯃꯁꯥꯍꯥ#
> moines
= ꯃꯣꯢꯟ
< ꯃꯣꯢꯅꯦꯁ#
> leingakta
= ꯂꯩꯉꯥꯛꯇ
< ꯂꯩꯉꯥꯛꯇ#
> konthoucham
= ꯀꯣꯟꯊꯧꯆꯝ
< ꯀꯣꯟꯊꯧꯆꯝ#
> chaobasi
= ꯆꯥꯎꯕꯁꯤ
< ꯆꯥꯎꯕꯁꯤ#
> kolte
= ꯀꯣꯜꯇꯦ
< ꯀꯣꯜꯦ#
> paamchate
= ꯄꯥꯝꯆꯇꯦ
< ꯄꯥꯝꯆꯠꯠ#
> avery
= ꯑꯦꯚꯔꯤ
< ꯑꯦꯕ꯭ꯔꯦ#
> phaorabadi
= ꯐꯥꯎꯔꯕꯗꯤ
< ꯐꯥꯎꯔꯕꯗꯤ#
> kappa
= ꯀꯞꯄ
< ꯀꯥꯞꯄ#
> lirambadagi
= ꯂꯤꯔꯝꯕꯗꯒꯤ
< ꯂꯤꯔꯝꯕꯗꯒꯤ#
> sarangpur
= ꯁꯥꯔꯪꯄꯨꯔ
< ꯁꯔꯥꯡꯄꯨꯔ#
> nizamat
= ꯅꯤꯖꯥꯃꯠ
< ꯅꯤꯖꯃꯠ#
> napa
= ꯅꯦꯄꯥ
< ꯅꯥꯄꯥ#
> coimbatore
= ꯀꯣꯏꯝꯕꯇꯣꯔ
< ꯀꯣꯝꯕꯔꯔꯔ#
> phaahanli
= ꯐꯥꯍꯟꯂꯤ
< ꯐꯥꯍꯟꯂꯤ#
> hapnaba
= ꯍꯥꯞꯅꯕ
< ꯍꯥꯞꯅꯕ#
> montgomery
= ꯃꯣꯟꯠꯒꯣꯃꯦꯔꯤ
< ꯃꯣꯟꯇꯣꯝꯌꯔꯤ#
> phoenix
= ꯐꯤꯅꯤꯛꯁ
< ꯐꯤꯅꯣꯛꯁ#
> haangdokkhi
= ꯍꯥꯡꯗꯣꯛꯈꯤ
< ꯍꯥꯡꯗꯣꯛꯈꯤ#
> worth
= ꯋꯔꯊ
< ꯋꯣꯔꯊ#
> apcotex
= ꯑꯦꯞꯀꯣꯇꯦꯛꯁ
< ꯑꯦꯄꯀꯣꯇꯦꯁ#
> waachetmaanbi
= ꯋꯥꯆꯦꯠꯃꯥꯟꯕꯤ
< ꯋꯥꯠꯦꯦꯃꯆꯤꯕꯤ#
> paamjaba
= ꯄꯥꯝꯖꯕ
< ꯄꯥꯝꯖꯕ#
> wangkhi
= ꯋꯥꯡꯈꯤ
< ꯋꯥꯡꯈꯤ#
> sikkimese
= ꯁꯤꯛꯀꯤꯝꯃꯤꯁ
< ꯁꯤꯀꯤꯃꯦꯁꯤ#
> fabulous
= ꯐꯦꯕꯨꯂꯁ
< ꯐꯕꯨꯂꯣꯣꯁ#
> mcmillan
= ꯃꯛꯃꯤꯂꯟ
< ꯃꯦꯝꯂꯤꯜꯟ#
> lanleima
= ꯂꯥꯟꯂꯩꯃ
< ꯂꯥꯟꯂꯩꯃ#
> saluk
= ꯁꯂꯨꯛ
< ꯁꯥꯨꯨꯛ#
> utlammi
= ꯎꯠꯂꯝꯃꯤ
< ꯎꯠꯂꯝꯃꯤ#
> bush
= ꯕꯨꯁ
< ꯕꯨꯁ#
> movers
= ꯃꯨꯕꯔꯁ
< ꯃꯣꯚꯤꯔꯁ#
> innovation
= ꯏꯟꯅꯣꯚꯦꯁꯟ
< ꯏꯟꯅꯣꯣꯚꯣꯅꯦ#
> kulkarni
= ꯀꯨꯜꯀꯥꯔꯅꯤ
< ꯀꯨꯜꯀꯥꯔꯅꯤ#
> shadai
= ꯁꯥꯗꯥꯢ
< ꯁꯥꯗ#
> new
= ꯅꯤꯎ
< ꯅꯦꯋ#
> barry
= ꯕꯦꯔꯤ
< ꯕꯔꯔꯤ#
> khatoon
= ꯈꯥꯇꯨꯟ
< ꯈꯥꯇꯣꯟ#
> kullu
= ꯀꯨꯂꯨ
< ꯀꯨꯜꯂꯨ#
> mclaughlin
= ꯃꯛꯂꯣꯘꯂꯤꯟ
< ꯃꯦꯜꯂꯥꯨꯨꯜꯤ#
> yumsaalon
= ꯌꯨꯝꯁꯥꯂꯣꯟ
< ꯌꯨꯝꯁꯥꯂꯣꯟ#
> thengnabani
= ꯊꯦꯡꯅꯕꯅꯤ
< ꯊꯦꯡꯅꯕꯅꯤ#
> samarjit
= ꯁꯃꯔꯖꯤꯠ
< ꯁꯥꯔꯖꯃꯇꯤ#
> manana
= ꯃꯅꯥꯅ
< ꯃꯅꯥ#
> aromatics
= ꯑꯦꯔꯣꯃꯦꯇꯤꯛꯁ
< ꯑꯔꯃꯇꯣꯃꯤꯁꯛ#
> sarath
= ꯁꯔꯊ
< ꯁꯥꯔꯊ#
> rock
= ꯔꯣꯛ
< ꯔꯣꯛꯀ#
> singjamei
= ꯁꯤꯡꯖꯃꯩ
< ꯁꯤꯡꯖꯃꯩ#
> dabur
= ꯗꯥꯕꯔ
< ꯗꯥꯕꯨꯔ#
> kuppa
= ꯀꯨꯞꯄ
< ꯀꯨꯞꯄ#
> pakhouba
= ꯄꯛꯍꯧꯕ
< ꯄꯥꯈꯧꯕ#
> lainingda
= ꯂꯥꯢꯅꯤꯡꯗ
< ꯂꯥꯢꯅꯤꯡꯗ#
> leinaotaabi
= ꯂꯩꯅꯥꯎꯇꯥꯕꯤ
< ꯂꯩꯅꯥꯎꯇꯥꯕꯤ#
> praveenchand
= ꯄ꯭ꯔꯚꯤꯟꯆꯟꯗ
< ꯄ꯭ꯔꯦꯦꯦꯟꯁꯤꯟ#
> pembroke
= ꯄꯦꯝꯕ꯭ꯔꯣꯛ
< ꯄꯦꯝꯕ꯭ꯔꯕ꯭ꯔꯦ#
> blackburn
= ꯕ꯭ꯂꯦꯛꯕꯔꯟ
< ꯕ꯭ꯂꯥꯛꯁꯕꯨꯔ#
> kumon
= ꯀꯨꯝꯑꯣꯟ
< ꯀꯨꯃꯣꯟ#
> leinaotabi
= ꯂꯩꯅꯥꯎꯇꯥꯕꯤ
< ꯂꯩꯅꯥꯎꯇꯥꯕꯤ#
> duncanville
= ꯗꯟꯀꯦꯟꯕꯤꯜ
< ꯗꯨꯟꯅꯥꯤꯤꯂꯦꯜ#
> lengsinbiraksi
= ꯂꯦꯡꯁꯤꯟꯕꯤꯔꯛꯁꯤ
< ꯂꯦꯡꯁꯤꯁꯀꯥꯟꯕꯁꯤ#
> salazar
= ꯁꯥꯂꯥꯖꯥꯔ
< ꯁꯂꯥꯓ#
> cables
= ꯀꯦꯕꯜꯁ
< ꯀꯦꯕ꯭ꯂꯁ#
> eshing
= ꯏꯁꯤꯡ
< ꯏꯁꯤꯡ#
> laanpung
= ꯂꯥꯟꯄꯨꯡ
< ꯂꯥꯟꯄꯨꯡ#
> bhadauriya
= ꯚꯗꯨꯔꯤꯑꯥ
< ꯚꯗꯥꯔꯌꯌꯌꯥ#
> malegaon
= ꯃꯥꯂꯦꯒꯥꯎ
< ꯃꯥꯂꯌꯒꯟ#
> ramon
= ꯔꯥꯃꯣꯟ
< ꯔꯥꯃꯣꯟ#
> rakhecha
= ꯔꯥꯈꯦꯆꯥ
< ꯔꯥꯈꯦꯆꯥ#
> awaangdagi
= ꯑꯋꯥꯡꯗꯒꯤ
< ꯑꯋꯥꯡꯗꯒꯤ#
> amangshang
= ꯑꯃꯥꯡꯁꯪ
< ꯑꯃꯪꯡꯁꯪ#
> ahaanba
= ꯑꯍꯥꯟꯕ
< ꯑꯍꯥꯟꯕ#
> gepelina
= ꯒꯦꯄꯦꯂꯤꯅꯥ
< ꯒꯦꯄꯦꯂꯤꯅ#
> aloibada
= ꯑꯂꯣꯢꯕꯗ
< ꯑꯂꯣꯢꯕꯗ#
> covina
= ꯀꯣꯕꯤꯅꯥ
< ꯀꯣꯕꯤꯅ#
> sreeleathers
= ꯁ꯭ꯔꯤꯂꯦꯗꯔꯁ
< ꯁꯤꯔꯤꯖꯦꯁꯇꯔ#
> adugei
= ꯑꯗꯨꯒꯩ
< ꯑꯗꯨꯒꯩ#
> duncanville
= ꯗꯟꯀꯦꯟꯚꯤꯜ
< ꯗꯨꯟꯅꯥꯅꯤꯜꯂꯦꯜ#
> dinu
= ꯗꯤꯅꯨ
< ꯗꯤꯅꯨ#
> brooklyn
= ꯕ꯭ꯔꯨꯛꯂꯤꯟ
< ꯕ꯭ꯌꯣꯔꯣꯜꯤꯛꯟ#
> rampur
= ꯔꯥꯝꯄꯨꯔ
< ꯔꯥꯝꯄꯨꯔ#
> imung
= ꯏꯃꯨꯡ
< ꯏꯃꯨꯡ#
> aventura
= ꯑꯚꯦꯟꯆꯨꯔꯥ
< ꯑꯦꯇꯦꯟꯚꯥꯔꯥ#
> thaakhraba
= ꯊꯥꯈ꯭ꯔꯕ
< ꯊꯥꯈ꯭ꯔꯕ#
> richardson
= ꯔꯤꯆꯥꯔꯗꯁꯟ
< ꯔꯤꯐꯥꯗꯔꯁꯟ#
> grapevine
= ꯒ꯭ꯔꯦꯞꯚꯥꯢꯟ
< ꯒ꯭ꯔꯄꯖꯦꯅꯤ#
> khanaona
= ꯈꯅꯥꯎꯅ
< ꯈꯅꯥꯎꯅ#
> miyengkhaada
= ꯃꯤꯌꯦꯡꯈꯥꯗ
< ꯃꯤꯌꯥꯡꯈꯥꯗ#
> alameda
= ꯑꯦꯂꯥꯃꯦꯗ
< ꯑꯂꯥꯃꯗ#
> maong
= ꯃꯑꯣꯡ
< ꯃꯑꯣꯡ#
> iqbal
= ꯏꯛꯕꯥꯜ
< ꯏꯕꯔꯜ#
> gardner
= ꯒꯥꯔꯗꯅꯔ
< ꯒꯥꯔꯗꯦꯟ#
> hines
= ꯍꯥꯢꯟꯁ
< ꯍꯤꯅꯁꯁ#
> kipgen
= ꯀꯤꯞꯒꯦꯟ
< ꯀꯤꯞꯦꯟꯒ#
> yellam
= ꯌꯦꯜꯂꯥꯝ
< ꯌꯦꯜꯂꯝ#
> deerfield
= ꯗꯤꯑꯔꯐꯤꯜꯗ
< ꯗꯦꯔꯤꯐꯦꯜ#
> leingaklamba
= ꯂꯩꯉꯥꯛꯂꯝꯕ
< ꯂꯩꯉꯥꯛꯂꯕ#
> chopra
= ꯆꯣꯄ꯭ꯔꯥ
< ꯀꯣꯄ꯭ꯔꯥ#
> hanglabadi
= ꯍꯪꯂꯕꯗꯤ
< ꯍꯪꯂꯕꯗꯤ#
> hades
= ꯍꯦꯗꯤꯁ
< ꯍꯥꯗꯦꯁ#
> russell
= ꯔꯁꯁꯦꯜ
< ꯔꯤꯁꯦꯜꯜꯜ#
> purana
= ꯄꯨꯔꯥꯅ
< ꯄꯨꯔꯥꯅ#
> burnsville
= ꯕꯔꯟꯁꯕꯤꯜ
< ꯕꯨꯔꯤꯟꯂꯤꯜꯦꯁꯦ#
> takli
= ꯇꯥꯛꯂꯤ
< ꯇꯥꯛꯂꯤ#
> soma
= ꯁꯣꯃꯥ
< ꯁꯣꯃꯥ#
> latli
= ꯂꯥꯠꯂꯤ
< ꯂꯥꯠꯂꯤ#
> pidolhalli
= ꯄꯤꯗꯣꯜꯍꯜꯂꯤ
< ꯄꯤꯗꯂꯜꯂꯤꯜ#
> golden
= ꯒꯣꯜꯗꯟ
< ꯒꯣꯜꯦꯦ#
> miramar
= ꯃꯤꯔꯥꯃꯥꯔ
< ꯃꯤꯔꯥꯃꯔ#
> development
= ꯗꯤꯕꯦꯂꯞꯃꯦꯟꯠ
< ꯗꯦꯌꯋꯂꯦꯝꯟꯄ#
> kanojia
= ꯀꯅꯣꯖꯤꯑꯥ
< ꯀꯣꯅꯣꯖꯤꯌꯥ#
> inunglon
= ꯏꯅꯨꯡꯂꯣꯟ
< ꯏꯅꯨꯡꯂꯣꯟ#
> khakempagi
= ꯈꯥꯀꯦꯝꯄꯒꯤ
< ꯈꯥꯀꯦꯝꯄꯒꯤ#
> nagoria
= ꯅꯥꯒꯣꯔꯤꯑꯥ
< ꯅꯥꯒꯣꯔꯤꯌꯥ#
> hunduna
= ꯍꯨꯟꯗꯨꯅ
< ꯍꯨꯟꯗꯨꯅ#
> chada
= ꯆꯥꯗ
< ꯆꯥꯗ#
> chandigarh
= ꯆꯟꯗꯤꯒꯔ
< ꯆꯟꯗꯤꯡꯍꯔ#
> potshangpam
= ꯄꯣꯠꯁꯪꯄꯝ
< ꯄꯣꯠꯁꯪꯄꯥ#
> mamangthakta
= ꯃꯃꯥꯡꯊꯛꯇ
< ꯃꯥꯃꯊꯊꯛꯇ#
> rabon
= ꯔꯥꯕꯣꯟ
< ꯔꯥꯕꯣꯟ#
> jabalpur
= ꯖꯕꯜꯄꯨꯔ
< ꯖꯕꯥꯜꯄꯨꯔ#
> lucie
= ꯂꯨꯁꯤ
< ꯂꯨꯀꯤ#
> thoujaldagi
= ꯊꯧꯖꯥꯜꯗꯒꯤ
< ꯊꯧꯖꯥꯜꯗꯒꯤ#
> narayan
= ꯅꯥꯔꯥꯌꯟ
< ꯅꯥꯔꯥꯟꯌ#
> makhoina
= ꯃꯈꯣꯢꯅ
< ꯃꯈꯣꯢꯅ#
> bristol
= ꯕ꯭ꯔꯤꯁꯇꯜ
< ꯕ꯭ꯔꯤꯁꯇꯣꯟ#
> patil
= ꯄꯥꯇꯤꯜ
< ꯄꯇꯤꯜ#
> maiba
= ꯃꯥꯢꯕ
< ꯃꯥꯢꯕ#
> humfunipan
= ꯍꯨꯝꯐꯨꯅꯤꯄꯥꯟ
< ꯍꯨꯝꯐꯨꯅꯤꯄꯥꯟ#
> ngaangnarakliba
= ꯉꯥꯡꯅꯔꯛꯂꯤꯕ
< ꯉꯥꯡꯅꯔꯛꯈꯤꯕ#
> suman
= ꯁꯨꯃꯟ
< ꯁꯨꯃꯥꯟ#
> tubi
= ꯇꯨꯕꯤ
< ꯇꯨꯕꯤ#
> aster
= ꯑꯦꯁꯇꯔ
< ꯑꯁꯇꯦꯔ#
> puyaasingdadi
= ꯄꯨꯌꯥꯁꯤꯡꯗꯗꯤ
< ꯄꯨꯌꯥꯁꯤꯡꯗꯗꯤ#
> stephens
= ꯁ꯭ꯇꯤꯕꯟꯁ
< ꯁ꯭ꯄꯦꯁꯦꯟꯁ#
> registration
= ꯔꯦꯖꯤꯁꯇ꯭ꯔꯦꯁꯟ
< ꯔꯤꯒ꯭ꯔꯦꯇꯣꯔꯁꯟꯠ#
> ahaanpa
= ꯑꯍꯥꯟꯄ
< ꯑꯍꯥꯟꯄ#
> yelhoungeigi
= ꯌꯦꯜꯍꯧꯉꯩꯒꯤ
< ꯌꯦꯜꯍꯧꯔꯤꯒꯤ#
> nagarjuna
= ꯅꯥꯒꯥꯔꯖꯨꯅꯥ
< ꯅꯥꯒꯔꯨꯖꯅ#
> agarwal
= ꯑꯒꯔꯋꯥꯜ
< ꯑꯥꯒꯔꯥꯜ#
> udaipur
= ꯎꯗꯦꯄꯨꯔ
< ꯎꯗꯥꯄꯨꯔ#
> artemis
= ꯑꯥꯔꯇꯤꯃꯤꯁ
< ꯑꯥꯔꯇꯤꯤꯤꯝ#
> hill
= ꯍꯤꯜ
< ꯍꯤꯜ#
> mathews
= ꯃꯦꯊꯤꯎꯁ
< ꯃꯊꯦꯋꯦ#
> tougumbasung
= ꯇꯧꯒꯨꯝꯕꯁꯨꯡ
< ꯇꯧꯒꯨꯨꯕꯁꯤꯡ#
> thajanabigi
= ꯊꯥꯖꯅꯕꯤꯒꯤ
< ꯊꯥꯖꯅꯕꯤꯒꯤ#
> seithai
= ꯁꯩꯊꯥꯢ
< ꯁꯩꯊꯥꯢ#
> marumsu
= ꯃꯔꯨꯝꯁꯨ
< ꯃꯔꯨꯝꯁꯨ#
> etou
= ꯏꯇꯧ
< ꯏꯇꯧ#
> patrick
= ꯄꯦꯇ꯭ꯔꯤꯛ
< ꯄꯇ꯭ꯔꯤꯛꯁꯛ#
> meghwal
= ꯃꯦꯘ꯭ꯋꯥꯜ
< ꯃꯦꯐꯋꯦꯜ#
> lemlei
= ꯂꯦꯝꯂꯩ
< ꯂꯦꯝꯂꯩ#
> lehi
= ꯂꯦꯍꯤ
< ꯂꯤꯍꯤ#
> chingshang
= ꯆꯤꯡꯁꯥꯡ
< ꯆꯤꯡꯁꯪ#
> khaoda
= ꯈꯥꯎꯗ
< ꯈꯥꯎꯗ#
> kaangbuni
= ꯀꯥꯡꯕꯨꯅꯤ
< ꯀꯥꯡꯕꯨꯅꯤ#
> saaphaba
= ꯁꯥꯐꯕ
< ꯁꯥꯐꯕ#
> sutlej
= ꯁꯠꯂꯖ
< ꯁꯨꯠꯂꯦ#
> chaturvedi
= ꯆꯇꯨꯔꯕꯦꯗꯤ
< ꯆꯇꯨꯔꯦꯕꯗꯤ#
> miraibai
= ꯃꯤꯔꯥꯢꯕꯥꯢ
< ꯃꯤꯔꯥꯢꯕꯤ#
> malik
= ꯃꯂꯤꯛ
< ꯃꯥꯂꯤꯛ#
> pham
= ꯐꯥꯝ
< ꯐꯝ#
> hakchaangdagi
= ꯍꯛꯆꯥꯡꯗꯒꯤ
< ꯍꯛꯆꯥꯡꯗꯒꯤ#
> barwani
= ꯕꯥꯔꯋꯥꯅꯤ
< ꯕꯥꯋꯥ꯭ꯅꯤ#
> fatehpur
= ꯐꯇꯦꯍꯄꯨꯔ
< ꯐꯥꯇꯔꯨꯔ#
> phone
= ꯐꯣꯟ
< ꯐꯣꯅꯦ#
